Archive member included to satisfy reference by file (symbol)

c:/program files (x86)/gnu arm embedded toolchain/10 2021.10/bin/../lib/gcc/arm-none-eabi/10.3.1/../../../../arm-none-eabi/lib/thumb/v7e-m/nofp\libc_nano.a(lib_a-ctype_.o)
                              ../build/release/nrf52833_xxaa/nrf_log_str_formatter.c.o (_ctype_)
c:/program files (x86)/gnu arm embedded toolchain/10 2021.10/bin/../lib/gcc/arm-none-eabi/10.3.1/../../../../arm-none-eabi/lib/thumb/v7e-m/nofp\libc_nano.a(lib_a-exit.o)
                              c:/program files (x86)/gnu arm embedded toolchain/10 2021.10/bin/../lib/gcc/arm-none-eabi/10.3.1/../../../../arm-none-eabi/lib/thumb/v7e-m/nofp/crt0.o (exit)
c:/program files (x86)/gnu arm embedded toolchain/10 2021.10/bin/../lib/gcc/arm-none-eabi/10.3.1/../../../../arm-none-eabi/lib/thumb/v7e-m/nofp\libc_nano.a(lib_a-impure.o)
                              c:/program files (x86)/gnu arm embedded toolchain/10 2021.10/bin/../lib/gcc/arm-none-eabi/10.3.1/../../../../arm-none-eabi/lib/thumb/v7e-m/nofp\libc_nano.a(lib_a-exit.o) (_global_impure_ptr)
c:/program files (x86)/gnu arm embedded toolchain/10 2021.10/bin/../lib/gcc/arm-none-eabi/10.3.1/../../../../arm-none-eabi/lib/thumb/v7e-m/nofp\libc_nano.a(lib_a-init.o)
                              c:/program files (x86)/gnu arm embedded toolchain/10 2021.10/bin/../lib/gcc/arm-none-eabi/10.3.1/../../../../arm-none-eabi/lib/thumb/v7e-m/nofp/crt0.o (__libc_init_array)
c:/program files (x86)/gnu arm embedded toolchain/10 2021.10/bin/../lib/gcc/arm-none-eabi/10.3.1/../../../../arm-none-eabi/lib/thumb/v7e-m/nofp\libc_nano.a(lib_a-memcpy-stub.o)
                              ../build/release/nrf52833_xxaa/nrf_log_frontend.c.o (memcpy)
c:/program files (x86)/gnu arm embedded toolchain/10 2021.10/bin/../lib/gcc/arm-none-eabi/10.3.1/../../../../arm-none-eabi/lib/thumb/v7e-m/nofp\libc_nano.a(lib_a-memset.o)
                              c:/program files (x86)/gnu arm embedded toolchain/10 2021.10/bin/../lib/gcc/arm-none-eabi/10.3.1/../../../../arm-none-eabi/lib/thumb/v7e-m/nofp/crt0.o (memset)
c:/program files (x86)/gnu arm embedded toolchain/10 2021.10/bin/../lib/gcc/arm-none-eabi/10.3.1/../../../../arm-none-eabi/lib/thumb/v7e-m/nofp\libc_nano.a(lib_a-sprintf.o)
                              ../build/release/nrf52833_xxaa/main.c.o (sprintf)
c:/program files (x86)/gnu arm embedded toolchain/10 2021.10/bin/../lib/gcc/arm-none-eabi/10.3.1/../../../../arm-none-eabi/lib/thumb/v7e-m/nofp\libc_nano.a(lib_a-strcpy.o)
                              ../build/release/nrf52833_xxaa/SEGGER_RTT.c.o (strcpy)
c:/program files (x86)/gnu arm embedded toolchain/10 2021.10/bin/../lib/gcc/arm-none-eabi/10.3.1/../../../../arm-none-eabi/lib/thumb/v7e-m/nofp\libc_nano.a(lib_a-strlen.o)
                              ../build/release/nrf52833_xxaa/nrf_log_frontend.c.o (strlen)
c:/program files (x86)/gnu arm embedded toolchain/10 2021.10/bin/../lib/gcc/arm-none-eabi/10.3.1/../../../../arm-none-eabi/lib/thumb/v7e-m/nofp\libc_nano.a(lib_a-nano-svfprintf.o)
                              c:/program files (x86)/gnu arm embedded toolchain/10 2021.10/bin/../lib/gcc/arm-none-eabi/10.3.1/../../../../arm-none-eabi/lib/thumb/v7e-m/nofp\libc_nano.a(lib_a-sprintf.o) (_svfprintf_r)
c:/program files (x86)/gnu arm embedded toolchain/10 2021.10/bin/../lib/gcc/arm-none-eabi/10.3.1/../../../../arm-none-eabi/lib/thumb/v7e-m/nofp\libc_nano.a(lib_a-nano-vfprintf_i.o)
                              c:/program files (x86)/gnu arm embedded toolchain/10 2021.10/bin/../lib/gcc/arm-none-eabi/10.3.1/../../../../arm-none-eabi/lib/thumb/v7e-m/nofp\libc_nano.a(lib_a-nano-svfprintf.o) (_printf_i)
c:/program files (x86)/gnu arm embedded toolchain/10 2021.10/bin/../lib/gcc/arm-none-eabi/10.3.1/../../../../arm-none-eabi/lib/thumb/v7e-m/nofp\libc_nano.a(lib_a-memchr.o)
                              c:/program files (x86)/gnu arm embedded toolchain/10 2021.10/bin/../lib/gcc/arm-none-eabi/10.3.1/../../../../arm-none-eabi/lib/thumb/v7e-m/nofp\libc_nano.a(lib_a-nano-svfprintf.o) (memchr)
c:/program files (x86)/gnu arm embedded toolchain/10 2021.10/bin/../lib/gcc/arm-none-eabi/10.3.1/../../../../arm-none-eabi/lib/thumb/v7e-m/nofp\libc_nano.a(lib_a-memmove.o)
                              c:/program files (x86)/gnu arm embedded toolchain/10 2021.10/bin/../lib/gcc/arm-none-eabi/10.3.1/../../../../arm-none-eabi/lib/thumb/v7e-m/nofp\libc_nano.a(lib_a-nano-svfprintf.o) (memmove)
c:/program files (x86)/gnu arm embedded toolchain/10 2021.10/bin/../lib/gcc/arm-none-eabi/10.3.1/../../../../arm-none-eabi/lib/thumb/v7e-m/nofp\libc_nano.a(lib_a-nano-freer.o)
                              c:/program files (x86)/gnu arm embedded toolchain/10 2021.10/bin/../lib/gcc/arm-none-eabi/10.3.1/../../../../arm-none-eabi/lib/thumb/v7e-m/nofp\libc_nano.a(lib_a-nano-svfprintf.o) (_free_r)
[...]
Memory Configuration

Name             Origin             Length             Attributes
FLASH            0x00027000         0x00059000         xr
RAM              0x20002ae8         0x0001d518         xrw
*default*        0x00000000         0xffffffff

Linker script and memory map


.text           0x00027000     0x2de0
 *(.isr_vector)
 .isr_vector    0x00027000      0x200 ../build/release/nrf52833_xxaa/gcc_startup_nrf52833.S.o
                0x00027000                __isr_vector
 *(.text*)
 .text          0x00027200       0x40 c:/program files (x86)/gnu arm embedded toolchain/10 2021.10/bin/../lib/gcc/arm-none-eabi/10.3.1/thumb/v7e-m/nofp/crtbegin.o
 .text          0x00027240       0x7c c:/program files (x86)/gnu arm embedded toolchain/10 2021.10/bin/../lib/gcc/arm-none-eabi/10.3.1/../../../../arm-none-eabi/lib/thumb/v7e-m/nofp/crt0.o
                0x00027240                _stack_init
                0x00027248                _start
                0x00027248                _mainCRTStartup
 .text          0x000272bc       0x3c ../build/release/nrf52833_xxaa/gcc_startup_nrf52833.S.o
                0x000272bc                Reset_Handler
                0x000272e6                HardFault_Handler
                0x000272e8                MemoryManagement_Handler
                0x000272ea                BusFault_Handler
                0x000272ec                UsageFault_Handler
                0x000272ee                SVC_Handler
                0x000272f0                DebugMon_Handler
                0x000272f6                PDM_IRQHandler
                0x000272f6                TEMP_IRQHandler
                0x000272f6                QDEC_IRQHandler
                0x000272f6                TIMER3_IRQHandler
                0x000272f6                PWM3_IRQHandler
                0x000272f6                RADIO_IRQHandler
                0x000272f6                USBD_IRQHandler
                0x000272f6                PWM1_IRQHandler
                0x000272f6                TIMER4_IRQHandler
                0x000272f6                I2S_IRQHandler
                0x000272f6                SWI4_EGU4_IRQHandler
                0x000272f6                TIMER0_IRQHandler
                0x000272f6                RTC0_IRQHandler
                0x000272f6                FPU_IRQHandler
                0x000272f6                TIMER1_IRQHandler
                0x000272f6                SPIM3_IRQHandler
                0x000272f6                PWM2_IRQHandler
                0x000272f6                ECB_IRQHandler
                0x000272f6                SPIM1_SPIS1_TWIM1_TWIS1_SPI1_TWI1_IRQHandler
                0x000272f6                Default_Handler
                0x000272f6                SAADC_IRQHandler
                0x000272f6                CCM_AAR_IRQHandler
                0x000272f6                WDT_IRQHandler
                0x000272f6                SWI0_EGU0_IRQHandler
                0x000272f6                SWI5_EGU5_IRQHandler
                0x000272f6                RNG_IRQHandler
                0x000272f6                RTC2_IRQHandler
                0x000272f6                PWM0_IRQHandler
                0x000272f6                SWI3_EGU3_IRQHandler
                0x000272f6                SWI1_EGU1_IRQHandler
                0x000272f6                SPIM2_SPIS2_SPI2_IRQHandler
                0x000272f6                NFCT_IRQHandler
                0x000272f6                UARTE1_IRQHandler
                0x000272f6                MWU_IRQHandler
                0x000272f6                TIMER2_IRQHandler
                0x000272f6                COMP_LPCOMP_IRQHandler
 .text.nrf_log_backend_rtt_flush
                0x000272f8        0x2 ../build/release/nrf52833_xxaa/nrf_log_backend_rtt.c.o
 *fill*         0x000272fa        0x2 
 .text.nrf_log_backend_rtt_put
                0x000272fc       0x1c ../build/release/nrf52833_xxaa/nrf_log_backend_rtt.c.o
 .text.serial_tx
                0x00027318       0x50 ../build/release/nrf52833_xxaa/nrf_log_backend_rtt.c.o
 .text.nrf_log_backend_rtt_panic_set
                0x00027368        0x2 ../build/release/nrf52833_xxaa/nrf_log_backend_rtt.c.o
 .text.nrf_log_backend_rtt_init
                0x0002736a        0x4 ../build/release/nrf52833_xxaa/nrf_log_backend_rtt.c.o
                0x0002736a                nrf_log_backend_rtt_init
 .text.nrf_log_backend_serial_put
                0x0002736e       0xc2 ../build/release/nrf52833_xxaa/nrf_log_backend_serial.c.o
                0x0002736e                nrf_log_backend_serial_put
 .text.nrf_log_default_backends_init
                0x00027430       0x20 ../build/release/nrf52833_xxaa/nrf_log_default_backends.c.o
                0x00027430                nrf_log_default_backends_init
 .text.nrf_log_init
                0x00027450       0x28 ../build/release/nrf52833_xxaa/nrf_log_frontend.c.o
                0x00027450                nrf_log_init
 .text.nrf_log_module_name_get
                0x00027478       0x38 ../build/release/nrf52833_xxaa/nrf_log_frontend.c.o
                0x00027478                nrf_log_module_name_get
 .text.nrf_log_color_id_get
                0x000274b0       0x2c ../build/release/nrf52833_xxaa/nrf_log_frontend.c.o
                0x000274b0                nrf_log_color_id_get
 .text.nrf_log_backend_add
                0x000274dc       0x54 ../build/release/nrf52833_xxaa/nrf_log_frontend.c.o
                0x000274dc                nrf_log_backend_add
 .text.prefix_process
                0x00027530       0x78 ../build/release/nrf52833_xxaa/nrf_log_str_formatter.c.o
 .text.postfix_process
                0x000275a8       0x3c ../build/release/nrf52833_xxaa/nrf_log_str_formatter.c.o
 .text.nrf_log_std_entry_process
                0x000275e4       0xc8 ../build/release/nrf52833_xxaa/nrf_log_str_formatter.c.o
                0x000275e4                nrf_log_std_entry_process
 .text.nrf_log_hexdump_entry_process
                0x000276ac       0xc0 ../build/release/nrf52833_xxaa/nrf_log_str_formatter.c.o
                0x000276ac                nrf_log_hexdump_entry_process
 .text.app_util_critical_region_enter
                0x0002776c       0x48 ../build/release/nrf52833_xxaa/app_util_platform.c.o
                0x0002776c                app_util_critical_region_enter
 .text.app_util_critical_region_exit
                0x000277b4       0x2c ../build/release/nrf52833_xxaa/app_util_platform.c.o
                0x000277b4                app_util_critical_region_exit
 .text.nrf_atomic_u32_add
                0x000277e0       0x18 ../build/release/nrf52833_xxaa/nrf_atomic.c.o
                0x000277e0                nrf_atomic_u32_add
 .text.nrf_atomic_u32_sub
                0x000277f8       0x18 ../build/release/nrf52833_xxaa/nrf_atomic.c.o
                0x000277f8                nrf_atomic_u32_sub
 .text.nrf_balloc_init
                0x00027810       0x2e ../build/release/nrf52833_xxaa/nrf_balloc.c.o
                0x00027810                nrf_balloc_init
 .text.nrf_balloc_free
                0x0002783e       0x34 ../build/release/nrf52833_xxaa/nrf_balloc.c.o
                0x0002783e                nrf_balloc_free
 .text.nrf_fprintf_buffer_flush
                0x00027872       0x16 ../build/release/nrf52833_xxaa/nrf_fprintf.c.o
                0x00027872                nrf_fprintf_buffer_flush
 .text.nrf_fprintf
                0x00027888       0x1c ../build/release/nrf52833_xxaa/nrf_fprintf.c.o
                0x00027888                nrf_fprintf
 .text.buffer_add
                0x000278a4       0x2e ../build/release/nrf52833_xxaa/nrf_fprintf_format.c.o
 *fill*         0x000278d2        0x2 
 .text.unsigned_print
                0x000278d4       0xb4 ../build/release/nrf52833_xxaa/nrf_fprintf_format.c.o
 .text.nrf_fprintf_fmt
                0x00027988      0x294 ../build/release/nrf52833_xxaa/nrf_fprintf_format.c.o
                0x00027988                nrf_fprintf_fmt
 .text.memobj_op
                0x00027c1c       0x86 ../build/release/nrf52833_xxaa/nrf_memobj.c.o
 .text.nrf_memobj_pool_init
                0x00027ca2        0x4 ../build/release/nrf52833_xxaa/nrf_memobj.c.o
                0x00027ca2                nrf_memobj_pool_init
 .text.nrf_memobj_free
                0x00027ca6       0x2c ../build/release/nrf52833_xxaa/nrf_memobj.c.o
                0x00027ca6                nrf_memobj_free
 .text.nrf_memobj_get
                0x00027cd2        0x8 ../build/release/nrf52833_xxaa/nrf_memobj.c.o
                0x00027cd2                nrf_memobj_get
 .text.nrf_memobj_put
                0x00027cda       0x1c ../build/release/nrf52833_xxaa/nrf_memobj.c.o
                0x00027cda                nrf_memobj_put
 .text.nrf_memobj_read
                0x00027cf6       0x14 ../build/release/nrf52833_xxaa/nrf_memobj.c.o
                0x00027cf6                nrf_memobj_read
 .text.nrf_ringbuf_init
                0x00027d0a       0x1c ../build/release/nrf52833_xxaa/nrf_ringbuf.c.o
                0x00027d0a                nrf_ringbuf_init
 .text.nrf_section_iter_init
                0x00027d26       0x12 ../build/release/nrf52833_xxaa/nrf_section_iter.c.o
                0x00027d26                nrf_section_iter_init
 .text.nrf_section_iter_next
                0x00027d38       0x18 ../build/release/nrf52833_xxaa/nrf_section_iter.c.o
                0x00027d38                nrf_section_iter_next
 .text.nrf52_errata_36
                0x00027d50       0x12 ../build/release/nrf52833_xxaa/system_nrf52833.c.o
 *fill*         0x00027d62        0x2 
 .text.nvmc_wait
                0x00027d64       0x10 ../build/release/nrf52833_xxaa/system_nrf52833.c.o
                0x00027d64                nvmc_wait
 .text.SystemInit
                0x00027d74      0x174 ../build/release/nrf52833_xxaa/system_nrf52833.c.o
                0x00027d74                SystemInit
 .text.nrf_gpiote_event_clear
                0x00027ee8       0x18 ../build/release/nrf52833_xxaa/nrfx_gpiote.c.o
 .text.nrf_gpio_pin_port_decode
                0x00027f00       0x18 ../build/release/nrf52833_xxaa/nrfx_gpiote.c.o
 .text.nrf_gpio_cfg_sense_set
                0x00027f18       0x2e ../build/release/nrf52833_xxaa/nrfx_gpiote.c.o
 *fill*         0x00027f46        0x2 
 .text.GPIOTE_IRQHandler
                0x00027f48      0x17c ../build/release/nrf52833_xxaa/nrfx_gpiote.c.o
                0x00027f48                GPIOTE_IRQHandler
 .text.UARTE0_UART0_IRQHandler
                0x000280c4        0xc ../build/release/nrf52833_xxaa/nrfx_prs.c.o
                0x000280c4                UARTE0_UART0_IRQHandler
 .text.SysTick_Handler
                0x000280d0       0x32 ../build/release/nrf52833_xxaa/bsp.c.o
                0x000280d0                SysTick_Handler
 *fill*         0x00028102        0x2 
 .text.Q_onAssert
                0x00028104       0x24 ../build/release/nrf52833_xxaa/bsp.c.o
                0x00028104                Q_onAssert
 .text._GetAvailWriteSpace
                0x00028128       0x12 ../build/release/nrf52833_xxaa/SEGGER_RTT.c.o
 .text._WriteNoCheck
                0x0002813a       0x38 ../build/release/nrf52833_xxaa/SEGGER_RTT.c.o
 .text._WriteBlocking
                0x00028172       0x52 ../build/release/nrf52833_xxaa/SEGGER_RTT.c.o
 .text._DoInit  0x000281c4       0x60 ../build/release/nrf52833_xxaa/SEGGER_RTT.c.o
 .text.SEGGER_RTT_WriteNoLock
                0x00028224       0x60 ../build/release/nrf52833_xxaa/SEGGER_RTT.c.o
                0x00028224                SEGGER_RTT_WriteNoLock
 .text.SEGGER_RTT_Init
                0x00028284        0x4 ../build/release/nrf52833_xxaa/SEGGER_RTT.c.o
                0x00028284                SEGGER_RTT_Init
 .text.nrf_twi_event_clear
                0x00028288       0x10 ../build/release/nrf52833_xxaa/nrfx_twi.c.o
 .text.twi_send_byte
                0x00028298       0x3a ../build/release/nrf52833_xxaa/nrfx_twi.c.o
 .text.twi_transfer
                0x000282d2      0x118 ../build/release/nrf52833_xxaa/nrfx_twi.c.o
 *fill*         0x000283ea        0x2 
 .text.twi_tx_start_transfer
                0x000283ec       0xcc ../build/release/nrf52833_xxaa/nrfx_twi.c.o
 .text.twi_rx_start_transfer
                0x000284b8       0xd8 ../build/release/nrf52833_xxaa/nrfx_twi.c.o
 .text.SPIM0_SPIS0_TWIM0_TWIS0_SPI0_TWI0_IRQHandler
                0x00028590       0xbc ../build/release/nrf52833_xxaa/nrfx_twi.c.o
                0x00028590                SPIM0_SPIS0_TWIM0_TWIS0_SPI0_TWI0_IRQHandler
 .text.nrf_clock_event_clear
                0x0002864c       0x14 ../build/release/nrf52833_xxaa/nrfx_clock.c.o
 .text.nrfx_clock_init
                0x00028660       0x18 ../build/release/nrf52833_xxaa/nrfx_clock.c.o
                0x00028660                nrfx_clock_init
 .text.nrfx_clock_enable
                0x00028678       0x24 ../build/release/nrf52833_xxaa/nrfx_clock.c.o
                0x00028678                nrfx_clock_enable
 .text.nrfx_clock_lfclk_start
                0x0002869c       0x1a ../build/release/nrf52833_xxaa/nrfx_clock.c.o
                0x0002869c                nrfx_clock_lfclk_start
 .text.nrfx_clock_lfclk_stop
                0x000286b6       0x22 ../build/release/nrf52833_xxaa/nrfx_clock.c.o
                0x000286b6                nrfx_clock_lfclk_stop
 .text.POWER_CLOCK_IRQHandler
                0x000286d8       0x4c ../build/release/nrf52833_xxaa/nrfx_clock.c.o
                0x000286d8                POWER_CLOCK_IRQHandler
 .text.clock_clk_started_notify
                0x00028724       0x24 ../build/release/nrf52833_xxaa/nrf_drv_clock.c.o
 .text.clock_irq_handler
                0x00028748       0x1c ../build/release/nrf52833_xxaa/nrf_drv_clock.c.o
 .text.soc_evt_handler
                0x00028764       0x14 ../build/release/nrf52833_xxaa/nrf_drv_clock.c.o
 .text.nrf_drv_clock_init
                0x00028778       0x48 ../build/release/nrf52833_xxaa/nrf_drv_clock.c.o
                0x00028778                nrf_drv_clock_init
 .text.nrf_drv_clock_lfclk_request
                0x000287c0       0x68 ../build/release/nrf52833_xxaa/nrf_drv_clock.c.o
                0x000287c0                nrf_drv_clock_lfclk_request
 .text.nrf_drv_clock_lfclk_release
                0x00028828       0x40 ../build/release/nrf52833_xxaa/nrf_drv_clock.c.o
                0x00028828                nrf_drv_clock_lfclk_release
 .text.sd_state_evt_handler
                0x00028868       0x64 ../build/release/nrf52833_xxaa/nrf_drv_clock.c.o
 .text.nrf_drv_clock_lfclk_is_running
                0x000288cc       0x16 ../build/release/nrf52833_xxaa/nrf_drv_clock.c.o
                0x000288cc                nrf_drv_clock_lfclk_is_running
 *fill*         0x000288e2        0x2 
 .text.nrf_sdh_is_enabled
                0x000288e4        0xc ../build/release/nrf52833_xxaa/nrf_sdh.c.o
                0x000288e4                nrf_sdh_is_enabled
 .text.nrf_sdh_evts_poll
                0x000288f0       0x28 ../build/release/nrf52833_xxaa/nrf_sdh.c.o
                0x000288f0                nrf_sdh_evts_poll
 .text.SWI2_EGU2_IRQHandler
                0x00028918        0x4 ../build/release/nrf52833_xxaa/nrf_sdh.c.o
                0x00028918                SWI2_EGU2_IRQHandler
 .text.nrf_gpio_cfg_output
                0x0002891c       0x10 ../build/release/nrf52833_xxaa/LCD.c.o
 .text.nrfx_coredep_delay_us.part.0
                0x0002892c       0x10 ../build/release/nrf52833_xxaa/LCD.c.o
 .text.nrf_delay_ms.part.0
                0x0002893c       0x12 ../build/release/nrf52833_xxaa/LCD.c.o
 *fill*         0x0002894e        0x2 
 .text.nrf_gpio_pin_clear
                0x00028950       0x1c ../build/release/nrf52833_xxaa/LCD.c.o
 .text.nrf_gpio_pin_set
                0x0002896c       0x1c ../build/release/nrf52833_xxaa/LCD.c.o
 .text.nrf_gpio_pin_write
                0x00028988        0xa ../build/release/nrf52833_xxaa/LCD.c.o
 .text.lcd_pin_init
                0x00028992       0x2a ../build/release/nrf52833_xxaa/LCD.c.o
                0x00028992                lcd_pin_init
 .text.lcd_send_nibble
                0x000289bc       0x30 ../build/release/nrf52833_xxaa/LCD.c.o
                0x000289bc                lcd_send_nibble
 .text.lcd_send_byte
                0x000289ec       0x4a ../build/release/nrf52833_xxaa/LCD.c.o
                0x000289ec                lcd_send_byte
 .text.lcd_init
                0x00028a36       0xb2 ../build/release/nrf52833_xxaa/LCD.c.o
                0x00028a36                lcd_init
 .text.lcd_set_cursor
                0x00028ae8       0x1e ../build/release/nrf52833_xxaa/LCD.c.o
                0x00028ae8                lcd_set_cursor
 .text.lcd_print
                0x00028b06       0x14 ../build/release/nrf52833_xxaa/LCD.c.o
                0x00028b06                lcd_print
 *fill*         0x00028b1a        0x2 
 .text.uart_init
                0x00028b1c       0x2c ../build/release/nrf52833_xxaa/main.c.o
                0x00028b1c                uart_init
 .text.uart_print
                0x00028b48       0x24 ../build/release/nrf52833_xxaa/main.c.o
                0x00028b48                uart_print
 .text.rtc_config
                0x00028b6c       0x20 ../build/release/nrf52833_xxaa/main.c.o
                0x00028b6c                rtc_config
 .text.RTC1_IRQHandler
                0x00028b8c       0x24 ../build/release/nrf52833_xxaa/main.c.o
                0x00028b8c                RTC1_IRQHandler
 .text.startup.main
                0x00028bb0       0xa8 ../build/release/nrf52833_xxaa/main.c.o
                0x00028bb0                main
 .text.PendSV_Handler
                0x00028c58       0xcc ../build/release/nrf52833_xxaa/qxk_port.c.o
                0x00028c58                PendSV_Handler
 .text.QXK_thread_ret
                0x00028d24       0x14 ../build/release/nrf52833_xxaa/qxk_port.c.o
                0x00028d24                QXK_thread_ret
 .text.NMI_Handler
                0x00028d38        0xc ../build/release/nrf52833_xxaa/qxk_port.c.o
                0x00028d38                NMI_Handler
 .text.QActive_get_
                0x00028d44       0x64 ../build/release/nrf52833_xxaa/qf_actq.c.o
                0x00028d44                QActive_get_
 .text.QF_gc    0x00028da8       0x60 ../build/release/nrf52833_xxaa/qf_dyn.c.o
                0x00028da8                QF_gc
 .text.QMPool_put
                0x00028e08       0x48 ../build/release/nrf52833_xxaa/qf_mem.c.o
                0x00028e08                QMPool_put
 .text.QTimeEvt_tick_
                0x00028e50       0xa0 ../build/release/nrf52833_xxaa/qf_time.c.o
                0x00028e50                QTimeEvt_tick_
 .text.QXK_sched_
                0x00028ef0       0x8c ../build/release/nrf52833_xxaa/qxk.c.o
                0x00028ef0                QXK_sched_
 .text.QXK_activate_
                0x00028f7c       0xf4 ../build/release/nrf52833_xxaa/qxk.c.o
                0x00028f7c                QXK_activate_
 .text.exit     0x00029070       0x28 c:/program files (x86)/gnu arm embedded toolchain/10 2021.10/bin/../lib/gcc/arm-none-eabi/10.3.1/../../../../arm-none-eabi/lib/thumb/v7e-m/nofp\libc_nano.a(lib_a-exit.o)
                0x00029070                exit
 .text.__libc_init_array
                0x00029098       0x48 c:/program files (x86)/gnu arm embedded toolchain/10 2021.10/bin/../lib/gcc/arm-none-eabi/10.3.1/../../../../arm-none-eabi/lib/thumb/v7e-m/nofp\libc_nano.a(lib_a-init.o)
                0x00029098                __libc_init_array
 .text.memcpy   0x000290e0       0x1c c:/program files (x86)/gnu arm embedded toolchain/10 2021.10/bin/../lib/gcc/arm-none-eabi/10.3.1/../../../../arm-none-eabi/lib/thumb/v7e-m/nofp\libc_nano.a(lib_a-memcpy-stub.o)
                0x000290e0                memcpy
 .text.memset   0x000290fc       0x10 c:/program files (x86)/gnu arm embedded toolchain/10 2021.10/bin/../lib/gcc/arm-none-eabi/10.3.1/../../../../arm-none-eabi/lib/thumb/v7e-m/nofp\libc_nano.a(lib_a-memset.o)
                0x000290fc                memset
 .text.sprintf  0x0002910c       0x40 c:/program files (x86)/gnu arm embedded toolchain/10 2021.10/bin/../lib/gcc/arm-none-eabi/10.3.1/../../../../arm-none-eabi/lib/thumb/v7e-m/nofp\libc_nano.a(lib_a-sprintf.o)
                0x0002910c                siprintf
                0x0002910c                sprintf
 .text.strcpy   0x0002914c       0x10 c:/program files (x86)/gnu arm embedded toolchain/10 2021.10/bin/../lib/gcc/arm-none-eabi/10.3.1/../../../../arm-none-eabi/lib/thumb/v7e-m/nofp\libc_nano.a(lib_a-strcpy.o)
                0x0002914c                strcpy
 .text          0x0002915c       0x10 c:/program files (x86)/gnu arm embedded toolchain/10 2021.10/bin/../lib/gcc/arm-none-eabi/10.3.1/../../../../arm-none-eabi/lib/thumb/v7e-m/nofp\libc_nano.a(lib_a-strlen.o)
                0x0002915c                strlen
 .text.__ssputs_r
                0x0002916c       0xb6 c:/program files (x86)/gnu arm embedded toolchain/10 2021.10/bin/../lib/gcc/arm-none-eabi/10.3.1/../../../../arm-none-eabi/lib/thumb/v7e-m/nofp\libc_nano.a(lib_a-nano-svfprintf.o)
                0x0002916c                __ssputs_r
 *fill*         0x00029222        0x2 
 .text._svfprintf_r
                0x00029224      0x200 c:/program files (x86)/gnu arm embedded toolchain/10 2021.10/bin/../lib/gcc/arm-none-eabi/10.3.1/../../../../arm-none-eabi/lib/thumb/v7e-m/nofp\libc_nano.a(lib_a-nano-svfprintf.o)
                0x00029224                _svfiprintf_r
                0x00029224                _svfprintf_r
 .text._printf_common
                0x00029424       0xda c:/program files (x86)/gnu arm embedded toolchain/10 2021.10/bin/../lib/gcc/arm-none-eabi/10.3.1/../../../../arm-none-eabi/lib/thumb/v7e-m/nofp\libc_nano.a(lib_a-nano-vfprintf_i.o)
                0x00029424                _printf_common
 *fill*         0x000294fe        0x2 
 .text._printf_i
                0x00029500      0x24c c:/program files (x86)/gnu arm embedded toolchain/10 2021.10/bin/../lib/gcc/arm-none-eabi/10.3.1/../../../../arm-none-eabi/lib/thumb/v7e-m/nofp\libc_nano.a(lib_a-nano-vfprintf_i.o)
                0x00029500                _printf_i
 *fill*         0x0002974c        0x4 
 .text          0x00029750       0xa0 c:/program files (x86)/gnu arm embedded toolchain/10 2021.10/bin/../lib/gcc/arm-none-eabi/10.3.1/../../../../arm-none-eabi/lib/thumb/v7e-m/nofp\libc_nano.a(lib_a-memchr.o)
                0x00029750                memchr
 .text.memmove  0x000297f0       0x34 c:/program files (x86)/gnu arm embedded toolchain/10 2021.10/bin/../lib/gcc/arm-none-eabi/10.3.1/../../../../arm-none-eabi/lib/thumb/v7e-m/nofp\libc_nano.a(lib_a-memmove.o)
                0x000297f0                memmove
 .text._free_r  0x00029824       0x94 c:/program files (x86)/gnu arm embedded toolchain/10 2021.10/bin/../lib/gcc/arm-none-eabi/10.3.1/../../../../arm-none-eabi/lib/thumb/v7e-m/nofp\libc_nano.a(lib_a-nano-freer.o)
                0x00029824                _free_r
 .text.sbrk_aligned
                0x000298b8       0x40 c:/program files (x86)/gnu arm embedded toolchain/10 2021.10/bin/../lib/gcc/arm-none-eabi/10.3.1/../../../../arm-none-eabi/lib/thumb/v7e-m/nofp\libc_nano.a(lib_a-nano-mallocr.o)
 .text._malloc_r
                0x000298f8       0xe8 c:/program files (x86)/gnu arm embedded toolchain/10 2021.10/bin/../lib/gcc/arm-none-eabi/10.3.1/../../../../arm-none-eabi/lib/thumb/v7e-m/nofp\libc_nano.a(lib_a-nano-mallocr.o)
                0x000298f8                _malloc_r
 .text._realloc_r
                0x000299e0       0x5e c:/program files (x86)/gnu arm embedded toolchain/10 2021.10/bin/../lib/gcc/arm-none-eabi/10.3.1/../../../../arm-none-eabi/lib/thumb/v7e-m/nofp\libc_nano.a(lib_a-nano-reallocr.o)
                0x000299e0                _realloc_r
 *fill*         0x00029a3e        0x2 
 .text._sbrk_r  0x00029a40       0x20 c:/program files (x86)/gnu arm embedded toolchain/10 2021.10/bin/../lib/gcc/arm-none-eabi/10.3.1/../../../../arm-none-eabi/lib/thumb/v7e-m/nofp\libc_nano.a(lib_a-sbrkr.o)
                0x00029a40                _sbrk_r
 .text.__malloc_lock
                0x00029a60        0xc c:/program files (x86)/gnu arm embedded toolchain/10 2021.10/bin/../lib/gcc/arm-none-eabi/10.3.1/../../../../arm-none-eabi/lib/thumb/v7e-m/nofp\libc_nano.a(lib_a-mlock.o)
                0x00029a60                __malloc_lock
 .text.__malloc_unlock
                0x00029a6c        0xc c:/program files (x86)/gnu arm embedded toolchain/10 2021.10/bin/../lib/gcc/arm-none-eabi/10.3.1/../../../../arm-none-eabi/lib/thumb/v7e-m/nofp\libc_nano.a(lib_a-mlock.o)
                0x00029a6c                __malloc_unlock
 .text._malloc_usable_size_r
                0x00029a78       0x10 c:/program files (x86)/gnu arm embedded toolchain/10 2021.10/bin/../lib/gcc/arm-none-eabi/10.3.1/../../../../arm-none-eabi/lib/thumb/v7e-m/nofp\libc_nano.a(lib_a-nano-msizer.o)
                0x00029a78                _malloc_usable_size_r
 .text.__retarget_lock_acquire_recursive
                0x00029a88        0x2 c:/program files (x86)/gnu arm embedded toolchain/10 2021.10/bin/../lib/gcc/arm-none-eabi/10.3.1/../../../../arm-none-eabi/lib/thumb/v7e-m/nofp\libc_nano.a(lib_a-lock.o)
                0x00029a88                __retarget_lock_acquire_recursive
 .text.__retarget_lock_release_recursive
                0x00029a8a        0x2 c:/program files (x86)/gnu arm embedded toolchain/10 2021.10/bin/../lib/gcc/arm-none-eabi/10.3.1/../../../../arm-none-eabi/lib/thumb/v7e-m/nofp\libc_nano.a(lib_a-lock.o)
                0x00029a8a                __retarget_lock_release_recursive
 .text._sbrk    0x00029a8c       0x1c c:/program files (x86)/gnu arm embedded toolchain/10 2021.10/bin/../lib/gcc/arm-none-eabi/10.3.1/../../../../arm-none-eabi/lib/thumb/v7e-m/nofp\libnosys.a(sbrk.o)
                0x00029a8c                _sbrk
 .text._exit    0x00029aa8        0x4 c:/program files (x86)/gnu arm embedded toolchain/10 2021.10/bin/../lib/gcc/arm-none-eabi/10.3.1/../../../../arm-none-eabi/lib/thumb/v7e-m/nofp\libnosys.a(_exit.o)
                0x00029aa8                _exit
 *(.init)
 .init          0x00029aac        0x4 c:/program files (x86)/gnu arm embedded toolchain/10 2021.10/bin/../lib/gcc/arm-none-eabi/10.3.1/thumb/v7e-m/nofp/crti.o
                0x00029aac                _init
 .init          0x00029ab0        0x8 c:/program files (x86)/gnu arm embedded toolchain/10 2021.10/bin/../lib/gcc/arm-none-eabi/10.3.1/thumb/v7e-m/nofp/crtn.o
 *(.fini)
 .fini          0x00029ab8        0x4 c:/program files (x86)/gnu arm embedded toolchain/10 2021.10/bin/../lib/gcc/arm-none-eabi/10.3.1/thumb/v7e-m/nofp/crti.o
                0x00029ab8                _fini
 .fini          0x00029abc        0x8 c:/program files (x86)/gnu arm embedded toolchain/10 2021.10/bin/../lib/gcc/arm-none-eabi/10.3.1/thumb/v7e-m/nofp/crtn.o
 *crtbegin.o(.ctors)
 *crtbegin?.o(.ctors)
 *(EXCLUDE_FILE(*crtend.o *crtend?.o) .ctors)
 *(SORT_BY_NAME(.ctors.*))
 *(.ctors)
 *crtbegin.o(.dtors)
 *crtbegin?.o(.dtors)
 *(EXCLUDE_FILE(*crtend.o *crtend?.o) .dtors)
 *(SORT_BY_NAME(.dtors.*))
 *(.dtors)
 *(.rodata*)
 *fill*         0x00029ac4        0xc 
 .rodata.delay_machine_code.0
                0x00029ad0        0x6 ../build/release/nrf52833_xxaa/nrf_log_backend_rtt.c.o
 *fill*         0x00029ad6        0x2 
 .rodata.nrf_log_backend_rtt_api
                0x00029ad8        0xc ../build/release/nrf52833_xxaa/nrf_log_backend_rtt.c.o
                0x00029ad8                nrf_log_backend_rtt_api
 .rodata.str1.1
                0x00029ae4       0x10 ../build/release/nrf52833_xxaa/nrf_log_default_backends.c.o
 .rodata.str1.1
                0x00029af4        0x4 ../build/release/nrf52833_xxaa/nrf_log_frontend.c.o
 .rodata.m_log_push_ringbuf
                0x00029af8        0xc ../build/release/nrf52833_xxaa/nrf_log_frontend.c.o
 .rodata.prefix_process.str1.1
                0x00029b04       0x32 ../build/release/nrf52833_xxaa/nrf_log_str_formatter.c.o
 .rodata.postfix_process.str1.1
                0x00029b36       0x32 ../build/release/nrf52833_xxaa/nrf_log_str_formatter.c.o
                                  0x3 (size before relaxing)
 .rodata.nrf_log_hexdump_entry_process.str1.1
                0x00029b36        0xf ../build/release/nrf52833_xxaa/nrf_log_str_formatter.c.o
                                 0x11 (size before relaxing)
 .rodata.str1.1
                0x00029b45       0x51 ../build/release/nrf52833_xxaa/nrf_log_str_formatter.c.o
 *fill*         0x00029b96        0x2 
 .rodata.m_colors
                0x00029b98       0x24 ../build/release/nrf52833_xxaa/nrf_log_str_formatter.c.o
 .rodata.severity_names
                0x00029bbc       0x14 ../build/release/nrf52833_xxaa/nrf_log_str_formatter.c.o
 .rodata.str1.1
                0x00029bd0        0xb ../build/release/nrf52833_xxaa/app_button.c.o
 .rodata.str1.1
                0x00029bdb        0xa ../build/release/nrf52833_xxaa/app_timer2.c.o
 .rodata._aV2C.0
                0x00029be5       0x10 ../build/release/nrf52833_xxaa/nrf_fprintf_format.c.o
 .rodata.str1.1
                0x00029bf5        0x9 ../build/release/nrf52833_xxaa/nrf_sortlist.c.o
 .rodata.CSWTCH.6
                0x00029bfe        0x3 ../build/release/nrf52833_xxaa/system_nrf52833.c.o
 .rodata.str1.1
                0x00029c01        0x7 ../build/release/nrf52833_xxaa/nrfx_gpiote.c.o
 .rodata.str1.1
                0x00029c08        0x4 ../build/release/nrf52833_xxaa/nrfx_prs.c.o
 .rodata.str1.1
                0x00029c0c        0x5 ../build/release/nrf52833_xxaa/nrfx_uart.c.o
 .rodata.str1.1
                0x00029c11        0x6 ../build/release/nrf52833_xxaa/nrfx_uarte.c.o
 .rodata._DoInit.str1.1
                0x00029c17       0x14 ../build/release/nrf52833_xxaa/SEGGER_RTT.c.o
 .rodata.str1.1
                0x00029c2b        0x4 ../build/release/nrf52833_xxaa/nrfx_twi.c.o
 .rodata.str1.1
                0x00029c2f        0x6 ../build/release/nrf52833_xxaa/nrfx_clock.c.o
 .rodata.str1.1
                0x00029c35        0x6 ../build/release/nrf52833_xxaa/nrf_drv_clock.c.o
 .rodata.str1.1
                0x00029c3b        0x8 ../build/release/nrf52833_xxaa/nrf_sdh.c.o
 *fill*         0x00029c43        0x1 
 .rodata.sdh_stack_observers
                0x00029c44        0xc ../build/release/nrf52833_xxaa/nrf_sdh.c.o
 .rodata.delay_machine_code.0
                0x00029c50        0x6 ../build/release/nrf52833_xxaa/LCD.c.o
 .rodata.main.str1.1
                0x00029c56       0x1f ../build/release/nrf52833_xxaa/main.c.o
 *fill*         0x00029c75        0xb 
 .rodata.delay_machine_code.0
                0x00029c80        0x6 ../build/release/nrf52833_xxaa/main.c.o
 .rodata.Q_this_module_
                0x00029c86        0x8 ../build/release/nrf52833_xxaa/qf_actq.c.o
 .rodata.Q_this_module_
                0x00029c8e        0x7 ../build/release/nrf52833_xxaa/qf_dyn.c.o
 .rodata.Q_this_module_
                0x00029c95        0x7 ../build/release/nrf52833_xxaa/qf_mem.c.o
 .rodata.Q_this_module_
                0x00029c9c        0x4 ../build/release/nrf52833_xxaa/qxk.c.o
 .rodata._ctype_
                0x00029ca0      0x101 c:/program files (x86)/gnu arm embedded toolchain/10 2021.10/bin/../lib/gcc/arm-none-eabi/10.3.1/../../../../arm-none-eabi/lib/thumb/v7e-m/nofp\libc_nano.a(lib_a-ctype_.o)
                0x00029ca0                _ctype_
 *fill*         0x00029da1        0x3 
 .rodata._global_impure_ptr
                0x00029da4        0x4 c:/program files (x86)/gnu arm embedded toolchain/10 2021.10/bin/../lib/gcc/arm-none-eabi/10.3.1/../../../../arm-none-eabi/lib/thumb/v7e-m/nofp\libc_nano.a(lib_a-impure.o)
                0x00029da4                _global_impure_ptr
 .rodata._svfprintf_r.str1.1
                0x00029da8       0x11 c:/program files (x86)/gnu arm embedded toolchain/10 2021.10/bin/../lib/gcc/arm-none-eabi/10.3.1/../../../../arm-none-eabi/lib/thumb/v7e-m/nofp\libc_nano.a(lib_a-nano-svfprintf.o)
 .rodata._printf_i.str1.1
                0x00029db9       0x22 c:/program files (x86)/gnu arm embedded toolchain/10 2021.10/bin/../lib/gcc/arm-none-eabi/10.3.1/../../../../arm-none-eabi/lib/thumb/v7e-m/nofp\libc_nano.a(lib_a-nano-vfprintf_i.o)
 *(.eh_frame*)
 *fill*         0x00029ddb        0x1 
 .eh_frame      0x00029ddc        0x0 c:/program files (x86)/gnu arm embedded toolchain/10 2021.10/bin/../lib/gcc/arm-none-eabi/10.3.1/thumb/v7e-m/nofp/crtbegin.o
 .eh_frame      0x00029ddc        0x4 c:/program files (x86)/gnu arm embedded toolchain/10 2021.10/bin/../lib/gcc/arm-none-eabi/10.3.1/thumb/v7e-m/nofp/crtend.o

.glue_7         0x00029de0        0x0
 .glue_7        0x00029de0        0x0 linker stubs

.glue_7t        0x00029de0        0x0
 .glue_7t       0x00029de0        0x0 linker stubs

.vfp11_veneer   0x00029de0        0x0
 .vfp11_veneer  0x00029de0        0x0 linker stubs

.v4_bx          0x00029de0        0x0
 .v4_bx         0x00029de0        0x0 linker stubs

.iplt           0x00029de0        0x0
 .iplt          0x00029de0        0x0 c:/program files (x86)/gnu arm embedded toolchain/10 2021.10/bin/../lib/gcc/arm-none-eabi/10.3.1/thumb/v7e-m/nofp/crtbegin.o

.mem_section_dummy_rom

.sdh_soc_observers
                0x00029de0        0x8
                [!provide]                PROVIDE (__start_sdh_soc_observers = .)
 *(SORT_BY_NAME(.sdh_soc_observers*))
 .sdh_soc_observers0
                0x00029de0        0x8 ../build/release/nrf52833_xxaa/nrf_drv_clock.c.o
                [!provide]                PROVIDE (__stop_sdh_soc_observers = .)

.sdh_ble_observers
                0x00029de8        0x0
                [!provide]                PROVIDE (__start_sdh_ble_observers = .)
 *(SORT_BY_NAME(.sdh_ble_observers*))
                [!provide]                PROVIDE (__stop_sdh_ble_observers = .)

.pwr_mgmt_data  0x00029de8        0x0
                [!provide]                PROVIDE (__start_pwr_mgmt_data = .)
 *(SORT_BY_NAME(.pwr_mgmt_data*))
                [!provide]                PROVIDE (__stop_pwr_mgmt_data = .)

.sdh_req_observers
                0x00029de8        0x0
                0x00029de8                PROVIDE (__start_sdh_req_observers = .)
 *(SORT_BY_NAME(.sdh_req_observers*))
                0x00029de8                PROVIDE (__stop_sdh_req_observers = .)

.sdh_state_observers
                0x00029de8        0x8
                0x00029de8                PROVIDE (__start_sdh_state_observers = .)
 *(SORT_BY_NAME(.sdh_state_observers*))
 .sdh_state_observers0
                0x00029de8        0x8 ../build/release/nrf52833_xxaa/nrf_drv_clock.c.o
                0x00029df0                PROVIDE (__stop_sdh_state_observers = .)

.sdh_stack_observers
                0x00029df0        0x0
                0x00029df0                PROVIDE (__start_sdh_stack_observers = .)
 *(SORT_BY_NAME(.sdh_stack_observers*))
                0x00029df0                PROVIDE (__stop_sdh_stack_observers = .)

.nrf_queue      0x00029df0        0x0
                [!provide]                PROVIDE (__start_nrf_queue = .)
 *(.nrf_queue)
                [!provide]                PROVIDE (__stop_nrf_queue = .)

.nrf_balloc     0x00029df0       0x14
                [!provide]                PROVIDE (__start_nrf_balloc = .)
 *(.nrf_balloc)
 .nrf_balloc    0x00029df0       0x14 ../build/release/nrf52833_xxaa/nrf_log_frontend.c.o
                0x00029df0                log_mempool
                [!provide]                PROVIDE (__stop_nrf_balloc = .)

.cli_command    0x00029e04        0x0
                [!provide]                PROVIDE (__start_cli_command = .)
 *(.cli_command)
                [!provide]                PROVIDE (__stop_cli_command = .)

.crypto_data    0x00029e04        0x0
                [!provide]                PROVIDE (__start_crypto_data = .)
 *(SORT_BY_NAME(.crypto_data*))
                [!provide]                PROVIDE (__stop_crypto_data = .)

.log_const_data
                0x00029e04       0x60
                0x00029e04                PROVIDE (__start_log_const_data = .)
 *(SORT_BY_NAME(.log_const_data*))
 .log_const_data_CLOCK
                0x00029e04        0x8 ../build/release/nrf52833_xxaa/nrfx_clock.c.o
                0x00029e04                m_nrf_log_CLOCK_logs_data_const
 .log_const_data_GPIOTE
                0x00029e0c        0x8 ../build/release/nrf52833_xxaa/nrfx_gpiote.c.o
                0x00029e0c                m_nrf_log_GPIOTE_logs_data_const
 .log_const_data_PRS
                0x00029e14        0x8 ../build/release/nrf52833_xxaa/nrfx_prs.c.o
                0x00029e14                m_nrf_log_PRS_logs_data_const
 .log_const_data_TWI
                0x00029e1c        0x8 ../build/release/nrf52833_xxaa/nrfx_twi.c.o
                0x00029e1c                m_nrf_log_TWI_logs_data_const
 .log_const_data_UART
                0x00029e24        0x8 ../build/release/nrf52833_xxaa/nrfx_uart.c.o
                0x00029e24                m_nrf_log_UART_logs_data_const
 .log_const_data_UARTE
                0x00029e2c        0x8 ../build/release/nrf52833_xxaa/nrfx_uarte.c.o
                0x00029e2c                m_nrf_log_UARTE_logs_data_const
 .log_const_data_app
                0x00029e34        0x8 ../build/release/nrf52833_xxaa/nrf_log_frontend.c.o
                0x00029e34                m_nrf_log_app_logs_data_const
 .log_const_data_app_button
                0x00029e3c        0x8 ../build/release/nrf52833_xxaa/app_button.c.o
                0x00029e3c                m_nrf_log_app_button_logs_data_const
 .log_const_data_app_timer
                0x00029e44        0x8 ../build/release/nrf52833_xxaa/app_timer2.c.o
                0x00029e44                m_nrf_log_app_timer_logs_data_const
 .log_const_data_clock
                0x00029e4c        0x8 ../build/release/nrf52833_xxaa/nrf_drv_clock.c.o
                0x00029e4c                m_nrf_log_clock_logs_data_const
 .log_const_data_nrf_sdh
                0x00029e54        0x8 ../build/release/nrf52833_xxaa/nrf_sdh.c.o
                0x00029e54                m_nrf_log_nrf_sdh_logs_data_const
 .log_const_data_sortlist
                0x00029e5c        0x8 ../build/release/nrf52833_xxaa/nrf_sortlist.c.o
                0x00029e5c                m_nrf_log_sortlist_logs_data_const
                0x00029e64                PROVIDE (__stop_log_const_data = .)

.log_backends   0x00029e64       0x10
                [!provide]                PROVIDE (__start_log_backends = .)
 *(SORT_BY_NAME(.log_backends*))
 .log_backends  0x00029e64       0x10 ../build/release/nrf52833_xxaa/nrf_log_default_backends.c.o
                [!provide]                PROVIDE (__stop_log_backends = .)

.ARM.extab
 *(.ARM.extab* .gnu.linkonce.armextab.*)
                0x00029e74                __exidx_start = .

.ARM.exidx      0x00029e74        0x8
 *(.ARM.exidx* .gnu.linkonce.armexidx.*)
 .ARM.exidx     0x00029e74        0x8 c:/program files (x86)/gnu arm embedded toolchain/10 2021.10/bin/../lib/gcc/arm-none-eabi/10.3.1/../../../../arm-none-eabi/lib/thumb/v7e-m/nofp/crt0.o
                                 0x10 (size before relaxing)
                0x00029e7c                __exidx_end = .

.rel.dyn        0x00029e7c        0x0
 .rel.iplt      0x00029e7c        0x0 c:/program files (x86)/gnu arm embedded toolchain/10 2021.10/bin/../lib/gcc/arm-none-eabi/10.3.1/thumb/v7e-m/nofp/crtbegin.o
                0x00029e7c                . = ALIGN (0x4)
                0x00029e7c                __etext = .

.data           0x20002ae8       0x78 load address 0x00029e7c
                0x20002ae8                __data_start__ = .
 *(vtable)
 *(.data*)
 .data.log_backend_cb_rtt_log_backend
                0x20002ae8        0x8 ../build/release/nrf52833_xxaa/nrf_log_default_backends.c.o
 .data.SystemCoreClock
                0x20002af0        0x4 ../build/release/nrf52833_xxaa/system_nrf52833.c.o
                0x20002af0                SystemCoreClock
 .data._impure_ptr
                0x20002af4        0x4 c:/program files (x86)/gnu arm embedded toolchain/10 2021.10/bin/../lib/gcc/arm-none-eabi/10.3.1/../../../../arm-none-eabi/lib/thumb/v7e-m/nofp\libc_nano.a(lib_a-impure.o)
                0x20002af4                _impure_ptr
 .data.impure_data
                0x20002af8       0x60 c:/program files (x86)/gnu arm embedded toolchain/10 2021.10/bin/../lib/gcc/arm-none-eabi/10.3.1/../../../../arm-none-eabi/lib/thumb/v7e-m/nofp\libc_nano.a(lib_a-impure.o)
                0x20002b58                . = ALIGN (0x4)
                0x20002b58                PROVIDE (__preinit_array_start = .)
 *(.preinit_array)
                0x20002b58                PROVIDE (__preinit_array_end = .)
                0x20002b58                . = ALIGN (0x4)
                0x20002b58                PROVIDE (__init_array_start = .)
 *(SORT_BY_NAME(.init_array.*))
 *(.init_array)
 .init_array    0x20002b58        0x4 c:/program files (x86)/gnu arm embedded toolchain/10 2021.10/bin/../lib/gcc/arm-none-eabi/10.3.1/thumb/v7e-m/nofp/crtbegin.o
                0x20002b5c                PROVIDE (__init_array_end = .)
                0x20002b5c                . = ALIGN (0x4)
                [!provide]                PROVIDE (__fini_array_start = .)
 *(SORT_BY_NAME(.fini_array.*))
 *(.fini_array)
 .fini_array    0x20002b5c        0x4 c:/program files (x86)/gnu arm embedded toolchain/10 2021.10/bin/../lib/gcc/arm-none-eabi/10.3.1/thumb/v7e-m/nofp/crtbegin.o
                [!provide]                PROVIDE (__fini_array_end = .)
 *(.jcr*)
                0x20002b60                . = ALIGN (0x4)
                0x20002b60                __data_end__ = .
LOAD c:/program files (x86)/gnu arm embedded toolchain/10 2021.10/bin/../lib/gcc/arm-none-eabi/10.3.1/thumb/v7e-m/nofp/crti.o
LOAD c:/program files (x86)/gnu arm embedded toolchain/10 2021.10/bin/../lib/gcc/arm-none-eabi/10.3.1/thumb/v7e-m/nofp/crtbegin.o
LOAD c:/program files (x86)/gnu arm embedded toolchain/10 2021.10/bin/../lib/gcc/arm-none-eabi/10.3.1/../../../../arm-none-eabi/lib/thumb/v7e-m/nofp/crt0.o
LOAD ../build/release/nrf52833_xxaa/gcc_startup_nrf52833.S.o
LOAD ../build/release/nrf52833_xxaa/nrf_log_backend_rtt.c.o
LOAD ../build/release/nrf52833_xxaa/nrf_log_backend_serial.c.o
LOAD ../build/release/nrf52833_xxaa/nrf_log_default_backends.c.o
LOAD ../build/release/nrf52833_xxaa/nrf_log_frontend.c.o
LOAD ../build/release/nrf52833_xxaa/nrf_log_str_formatter.c.o
LOAD ../build/release/nrf52833_xxaa/app_button.c.o
LOAD ../build/release/nrf52833_xxaa/app_error.c.o
LOAD ../build/release/nrf52833_xxaa/app_error_handler_gcc.c.o
LOAD ../build/release/nrf52833_xxaa/app_error_weak.c.o
LOAD ../build/release/nrf52833_xxaa/app_fifo.c.o
LOAD ../build/release/nrf52833_xxaa/app_scheduler.c.o
LOAD ../build/release/nrf52833_xxaa/app_timer2.c.o
LOAD ../build/release/nrf52833_xxaa/app_uart_fifo.c.o
LOAD ../build/release/nrf52833_xxaa/app_util_platform.c.o
LOAD ../build/release/nrf52833_xxaa/hardfault_implementation.c.o
LOAD ../build/release/nrf52833_xxaa/nrf_assert.c.o
LOAD ../build/release/nrf52833_xxaa/nrf_atfifo.c.o
LOAD ../build/release/nrf52833_xxaa/nrf_atflags.c.o
LOAD ../build/release/nrf52833_xxaa/nrf_atomic.c.o
LOAD ../build/release/nrf52833_xxaa/nrf_balloc.c.o
LOAD ../build/release/nrf52833_xxaa/nrf_fprintf.c.o
LOAD ../build/release/nrf52833_xxaa/nrf_fprintf_format.c.o
LOAD ../build/release/nrf52833_xxaa/nrf_memobj.c.o
LOAD ../build/release/nrf52833_xxaa/nrf_ringbuf.c.o
LOAD ../build/release/nrf52833_xxaa/nrf_section_iter.c.o
LOAD ../build/release/nrf52833_xxaa/nrf_sortlist.c.o
LOAD ../build/release/nrf52833_xxaa/nrf_strerror.c.o
LOAD ../build/release/nrf52833_xxaa/retarget.c.o
LOAD ../build/release/nrf52833_xxaa/system_nrf52833.c.o
LOAD ../build/release/nrf52833_xxaa/boards.c.o
LOAD ../build/release/nrf52833_xxaa/nrf_drv_uart.c.o
LOAD ../build/release/nrf52833_xxaa/nrfx_atomic.c.o
LOAD ../build/release/nrf52833_xxaa/nrfx_gpiote.c.o
LOAD ../build/release/nrf52833_xxaa/nrfx_prs.c.o
LOAD ../build/release/nrf52833_xxaa/nrfx_uart.c.o
LOAD ../build/release/nrf52833_xxaa/nrfx_uarte.c.o
LOAD ../build/release/nrf52833_xxaa/bsp.c.o
LOAD ../build/release/nrf52833_xxaa/SEGGER_RTT.c.o
LOAD ../build/release/nrf52833_xxaa/SEGGER_RTT_Syscalls_GCC.c.o
LOAD ../build/release/nrf52833_xxaa/SEGGER_RTT_printf.c.o
LOAD ../build/release/nrf52833_xxaa/utf.c.o
LOAD ../build/release/nrf52833_xxaa/nrf_log_backend_uart.c.o
LOAD ../build/release/nrf52833_xxaa/nrf_drv_twi.c.o
LOAD ../build/release/nrf52833_xxaa/nrfx_twi.c.o
LOAD ../build/release/nrf52833_xxaa/nrfx_twim.c.o
LOAD ../build/release/nrf52833_xxaa/nrfx_clock.c.o
LOAD ../build/release/nrf52833_xxaa/nrf_drv_clock.c.o
LOAD ../build/release/nrf52833_xxaa/nrf_sdh.c.o
LOAD ../build/release/nrf52833_xxaa/My_timer.c.o
LOAD ../build/release/nrf52833_xxaa/LCD.c.o
LOAD ../build/release/nrf52833_xxaa/main.c.o
LOAD ../build/release/nrf52833_xxaa/qxk_port.c.o
LOAD ../build/release/nrf52833_xxaa/qep_hsm.c.o
LOAD ../build/release/nrf52833_xxaa/qep_msm.c.o
LOAD ../build/release/nrf52833_xxaa/qf_act.c.o
LOAD ../build/release/nrf52833_xxaa/qf_actq.c.o
LOAD ../build/release/nrf52833_xxaa/qf_defer.c.o
LOAD ../build/release/nrf52833_xxaa/qf_dyn.c.o
LOAD ../build/release/nrf52833_xxaa/qf_mem.c.o
LOAD ../build/release/nrf52833_xxaa/qf_ps.c.o
LOAD ../build/release/nrf52833_xxaa/qf_qact.c.o
LOAD ../build/release/nrf52833_xxaa/qf_qeq.c.o
LOAD ../build/release/nrf52833_xxaa/qf_qmact.c.o
LOAD ../build/release/nrf52833_xxaa/qf_time.c.o
LOAD ../build/release/nrf52833_xxaa/qxk.c.o
LOAD ../build/release/nrf52833_xxaa/qxk_mutex.c.o
LOAD ../build/release/nrf52833_xxaa/qxk_sema.c.o
LOAD ../build/release/nrf52833_xxaa/qxk_xthr.c.o
LOAD c:/program files (x86)/gnu arm embedded toolchain/10 2021.10/bin/../lib/gcc/arm-none-eabi/10.3.1/../../../../arm-none-eabi/lib/thumb/v7e-m/nofp\libc_nano.a
LOAD c:/program files (x86)/gnu arm embedded toolchain/10 2021.10/bin/../lib/gcc/arm-none-eabi/10.3.1/../../../../arm-none-eabi/lib/thumb/v7e-m/nofp\libnosys.a
LOAD c:/program files (x86)/gnu arm embedded toolchain/10 2021.10/bin/../lib/gcc/arm-none-eabi/10.3.1/../../../../arm-none-eabi/lib/thumb/v7e-m/nofp\libm.a
START GROUP
LOAD c:/program files (x86)/gnu arm embedded toolchain/10 2021.10/bin/../lib/gcc/arm-none-eabi/10.3.1/thumb/v7e-m/nofp\libgcc.a
LOAD c:/program files (x86)/gnu arm embedded toolchain/10 2021.10/bin/../lib/gcc/arm-none-eabi/10.3.1/../../../../arm-none-eabi/lib/thumb/v7e-m/nofp\libg_nano.a
LOAD c:/program files (x86)/gnu arm embedded toolchain/10 2021.10/bin/../lib/gcc/arm-none-eabi/10.3.1/../../../../arm-none-eabi/lib/thumb/v7e-m/nofp\libc_nano.a
END GROUP
START GROUP
LOAD c:/program files (x86)/gnu arm embedded toolchain/10 2021.10/bin/../lib/gcc/arm-none-eabi/10.3.1/thumb/v7e-m/nofp\libgcc.a
LOAD c:/program files (x86)/gnu arm embedded toolchain/10 2021.10/bin/../lib/gcc/arm-none-eabi/10.3.1/../../../../arm-none-eabi/lib/thumb/v7e-m/nofp\libc_nano.a
END GROUP
LOAD c:/program files (x86)/gnu arm embedded toolchain/10 2021.10/bin/../lib/gcc/arm-none-eabi/10.3.1/thumb/v7e-m/nofp/crtend.o
LOAD c:/program files (x86)/gnu arm embedded toolchain/10 2021.10/bin/../lib/gcc/arm-none-eabi/10.3.1/thumb/v7e-m/nofp/crtn.o
START GROUP
LOAD c:/program files (x86)/gnu arm embedded toolchain/10 2021.10/bin/../lib/gcc/arm-none-eabi/10.3.1/thumb/v7e-m/nofp\libgcc.a
LOAD c:/program files (x86)/gnu arm embedded toolchain/10 2021.10/bin/../lib/gcc/arm-none-eabi/10.3.1/../../../../arm-none-eabi/lib/thumb/v7e-m/nofp\libc.a
LOAD c:/program files (x86)/gnu arm embedded toolchain/10 2021.10/bin/../lib/gcc/arm-none-eabi/10.3.1/../../../../arm-none-eabi/lib/thumb/v7e-m/nofp\libnosys.a
END GROUP

.igot.plt       0x20002b60        0x0 load address 0x00029ef4
 .igot.plt      0x20002b60        0x0 c:/program files (x86)/gnu arm embedded toolchain/10 2021.10/bin/../lib/gcc/arm-none-eabi/10.3.1/thumb/v7e-m/nofp/crtbegin.o
                0x20002b60                . = ALIGN (0x4)

.mem_section_dummy_ram

.cli_sorted_cmd_ptrs
                0x20002b60        0x0
                [!provide]                PROVIDE (__start_cli_sorted_cmd_ptrs = .)
 *(.cli_sorted_cmd_ptrs)
                [!provide]                PROVIDE (__stop_cli_sorted_cmd_ptrs = .)

.fs_data        0x20002b60        0x0
                [!provide]                PROVIDE (__start_fs_data = .)
 *(.fs_data)
                [!provide]                PROVIDE (__stop_fs_data = .)

.log_dynamic_data
                0x20002b60        0x0
                0x20002b60                PROVIDE (__start_log_dynamic_data = .)
 *(SORT_BY_NAME(.log_dynamic_data*))
                [!provide]                PROVIDE (__stop_log_dynamic_data = .)

.log_filter_data
                0x20002b60        0x0
                [!provide]                PROVIDE (__start_log_filter_data = .)
 *(SORT_BY_NAME(.log_filter_data*))
                [!provide]                PROVIDE (__stop_log_filter_data = .)

.bss            0x20002b60      0xa74 load address 0x00029ef4
                0x20002b60                . = ALIGN (0x4)
                0x20002b60                __bss_start__ = .
 *(.bss*)
 .bss           0x20002b60       0x1c c:/program files (x86)/gnu arm embedded toolchain/10 2021.10/bin/../lib/gcc/arm-none-eabi/10.3.1/thumb/v7e-m/nofp/crtbegin.o
 .bss.m_host_present
                0x20002b7c        0x1 ../build/release/nrf52833_xxaa/nrf_log_backend_rtt.c.o
 .bss.m_string_buff
                0x20002b7d       0x40 ../build/release/nrf52833_xxaa/nrf_log_backend_rtt.c.o
 *fill*         0x20002bbd        0x3 
 .bss.log_mempool_nrf_balloc_cb
                0x20002bc0        0x8 ../build/release/nrf52833_xxaa/nrf_log_frontend.c.o
 .bss.log_mempool_nrf_balloc_pool_mem
                0x20002bc8       0xc0 ../build/release/nrf52833_xxaa/nrf_log_frontend.c.o
 .bss.log_mempool_nrf_balloc_pool_stack
                0x20002c88        0x8 ../build/release/nrf52833_xxaa/nrf_log_frontend.c.o
 .bss.m_log_data
                0x20002c90      0x420 ../build/release/nrf52833_xxaa/nrf_log_frontend.c.o
 .bss.m_log_push_ringbuf_buf
                0x200030b0       0x80 ../build/release/nrf52833_xxaa/nrf_log_frontend.c.o
 .bss.m_log_push_ringbuf_cb
                0x20003130       0x18 ../build/release/nrf52833_xxaa/nrf_log_frontend.c.o
 .bss.nrf_nvic_state
                0x20003148        0xc ../build/release/nrf52833_xxaa/app_util_platform.c.o
                0x20003148                nrf_nvic_state
 .bss.m_cb      0x20003154       0x68 ../build/release/nrf52833_xxaa/nrfx_gpiote.c.o
 .bss.m_prs_box_4
                0x200031bc        0x8 ../build/release/nrf52833_xxaa/nrfx_prs.c.o
 .bss._SEGGER_RTT
                0x200031c4       0x78 ../build/release/nrf52833_xxaa/SEGGER_RTT.c.o
                0x200031c4                _SEGGER_RTT
 .bss._acDownBuffer
                0x2000323c       0x10 ../build/release/nrf52833_xxaa/SEGGER_RTT.c.o
 .bss._acUpBuffer
                0x2000324c      0x200 ../build/release/nrf52833_xxaa/SEGGER_RTT.c.o
 .bss.m_cb      0x2000344c       0x3c ../build/release/nrf52833_xxaa/nrfx_twi.c.o
 .bss.m_clock_cb
                0x20003488        0x8 ../build/release/nrf52833_xxaa/nrfx_clock.c.o
 .bss.m_clock_cb
                0x20003490       0x14 ../build/release/nrf52833_xxaa/nrf_drv_clock.c.o
 .bss.m_nrf_sdh_enabled
                0x200034a4        0x1 ../build/release/nrf52833_xxaa/nrf_sdh.c.o
 .bss.buffer    0x200034a5       0x14 ../build/release/nrf52833_xxaa/main.c.o
                0x200034a5                buffer
 *fill*         0x200034b9        0x3 
 .bss.curr_time
                0x200034bc        0x4 ../build/release/nrf52833_xxaa/main.c.o
                0x200034bc                curr_time
 .bss.QF_ePool_
                0x200034c0       0x3c ../build/release/nrf52833_xxaa/qf_dyn.c.o
                0x200034c0                QF_ePool_
 .bss.QF_maxPool_
                0x200034fc        0x4 ../build/release/nrf52833_xxaa/qf_dyn.c.o
                0x200034fc                QF_maxPool_
 .bss.QActive_registry_
                0x20003500       0x84 ../build/release/nrf52833_xxaa/qf_qact.c.o
                0x20003500                QActive_registry_
 .bss.QF_readySet_
                0x20003584        0x4 ../build/release/nrf52833_xxaa/qf_qact.c.o
                0x20003584                QF_readySet_
 .bss.QTimeEvt_timeEvtHead_
                0x20003588       0x28 ../build/release/nrf52833_xxaa/qf_time.c.o
                0x20003588                QTimeEvt_timeEvtHead_
 .bss.QXK_attr_
                0x200035b0       0x10 ../build/release/nrf52833_xxaa/qxk.c.o
                0x200035b0                QXK_attr_
 .bss.__malloc_free_list
                0x200035c0        0x4 c:/program files (x86)/gnu arm embedded toolchain/10 2021.10/bin/../lib/gcc/arm-none-eabi/10.3.1/../../../../arm-none-eabi/lib/thumb/v7e-m/nofp\libc_nano.a(lib_a-nano-mallocr.o)
                0x200035c0                __malloc_free_list
 .bss.__malloc_sbrk_start
                0x200035c4        0x4 c:/program files (x86)/gnu arm embedded toolchain/10 2021.10/bin/../lib/gcc/arm-none-eabi/10.3.1/../../../../arm-none-eabi/lib/thumb/v7e-m/nofp\libc_nano.a(lib_a-nano-mallocr.o)
                0x200035c4                __malloc_sbrk_start
 .bss.errno     0x200035c8        0x4 c:/program files (x86)/gnu arm embedded toolchain/10 2021.10/bin/../lib/gcc/arm-none-eabi/10.3.1/../../../../arm-none-eabi/lib/thumb/v7e-m/nofp\libc_nano.a(lib_a-reent.o)
                0x200035c8                errno
 .bss.__lock___malloc_recursive_mutex
                0x200035cc        0x1 c:/program files (x86)/gnu arm embedded toolchain/10 2021.10/bin/../lib/gcc/arm-none-eabi/10.3.1/../../../../arm-none-eabi/lib/thumb/v7e-m/nofp\libc_nano.a(lib_a-lock.o)
                0x200035cc                __lock___malloc_recursive_mutex
 *fill*         0x200035cd        0x3 
 .bss.heap_end.0
                0x200035d0        0x4 c:/program files (x86)/gnu arm embedded toolchain/10 2021.10/bin/../lib/gcc/arm-none-eabi/10.3.1/../../../../arm-none-eabi/lib/thumb/v7e-m/nofp\libnosys.a(sbrk.o)
 *(COMMON)
                0x200035d4                . = ALIGN (0x4)
                0x200035d4                __bss_end__ = .

.heap           0x200035d8      0x800
                0x200035d8                __HeapBase = .
                0x200035d8                __end__ = .
                0x200035d8                PROVIDE (end = .)
 *(.heap*)
 .heap          0x200035d8      0x800 ../build/release/nrf52833_xxaa/gcc_startup_nrf52833.S.o
                0x20003dd8                __HeapLimit = .

.stack_dummy    0x200035d8      0x800
 *(.stack*)
 .stack         0x200035d8      0x800 ../build/release/nrf52833_xxaa/gcc_startup_nrf52833.S.o
                0x20020000                __StackTop = (ORIGIN (RAM) + LENGTH (RAM))
                0x2001f800                __StackLimit = (__StackTop - SIZEOF (.stack_dummy))
                0x20020000                PROVIDE (__stack = __StackTop)
                0x00000001                ASSERT ((__StackLimit >= __HeapLimit), region RAM overflowed with stack)
                0x00000078                DataInitFlashUsed = (__bss_start__ - __data_start__)
                0x00002e7c                CodeFlashUsed = (__etext - ORIGIN (FLASH))
                0x00002ef4                TotalFlashUsed = (CodeFlashUsed + DataInitFlashUsed)
                0x00000001                ASSERT ((TotalFlashUsed <= LENGTH (FLASH)), region FLASH overflowed with .data and user data)
OUTPUT(../build/release/nrf52833_xxaa.out elf32-littlearm)
LOAD linker stubs

.ARM.attributes
                0x00000000       0x2a
 .ARM.attributes
                0x00000000       0x1e c:/program files (x86)/gnu arm embedded toolchain/10 2021.10/bin/../lib/gcc/arm-none-eabi/10.3.1/thumb/v7e-m/nofp/crti.o
 .ARM.attributes
                0x0000001e       0x2e c:/program files (x86)/gnu arm embedded toolchain/10 2021.10/bin/../lib/gcc/arm-none-eabi/10.3.1/thumb/v7e-m/nofp/crtbegin.o
 .ARM.attributes
                0x0000004c       0x1c c:/program files (x86)/gnu arm embedded toolchain/10 2021.10/bin/../lib/gcc/arm-none-eabi/10.3.1/../../../../arm-none-eabi/lib/thumb/v7e-m/nofp/crt0.o
 .ARM.attributes
                0x00000068       0x1c ../build/release/nrf52833_xxaa/gcc_startup_nrf52833.S.o
 .ARM.attributes
                0x00000084       0x2e ../build/release/nrf52833_xxaa/nrf_log_backend_rtt.c.o
 .ARM.attributes
                0x000000b2       0x2e ../build/release/nrf52833_xxaa/nrf_log_backend_serial.c.o
 .ARM.attributes
                0x000000e0       0x2e ../build/release/nrf52833_xxaa/nrf_log_default_backends.c.o
 .ARM.attributes
                0x0000010e       0x2e ../build/release/nrf52833_xxaa/nrf_log_frontend.c.o
 .ARM.attributes
                0x0000013c       0x2e ../build/release/nrf52833_xxaa/nrf_log_str_formatter.c.o
 .ARM.attributes
                0x0000016a       0x2e ../build/release/nrf52833_xxaa/app_button.c.o
 .ARM.attributes
                0x00000198       0x2e ../build/release/nrf52833_xxaa/app_timer2.c.o
 .ARM.attributes
                0x000001c6       0x2e ../build/release/nrf52833_xxaa/app_util_platform.c.o
 .ARM.attributes
                0x000001f4       0x2e ../build/release/nrf52833_xxaa/nrf_atomic.c.o
 .ARM.attributes
                0x00000222       0x2e ../build/release/nrf52833_xxaa/nrf_balloc.c.o
 .ARM.attributes
                0x00000250       0x2e ../build/release/nrf52833_xxaa/nrf_fprintf.c.o
 .ARM.attributes
                0x0000027e       0x2e ../build/release/nrf52833_xxaa/nrf_fprintf_format.c.o
 .ARM.attributes
                0x000002ac       0x2e ../build/release/nrf52833_xxaa/nrf_memobj.c.o
 .ARM.attributes
                0x000002da       0x2e ../build/release/nrf52833_xxaa/nrf_ringbuf.c.o
 .ARM.attributes
                0x00000308       0x2e ../build/release/nrf52833_xxaa/nrf_section_iter.c.o
 .ARM.attributes
                0x00000336       0x2e ../build/release/nrf52833_xxaa/nrf_sortlist.c.o
 .ARM.attributes
                0x00000364       0x2e ../build/release/nrf52833_xxaa/system_nrf52833.c.o
 .ARM.attributes
                0x00000392       0x2e ../build/release/nrf52833_xxaa/nrfx_gpiote.c.o
 .ARM.attributes
                0x000003c0       0x2e ../build/release/nrf52833_xxaa/nrfx_prs.c.o
 .ARM.attributes
                0x000003ee       0x2e ../build/release/nrf52833_xxaa/nrfx_uart.c.o
 .ARM.attributes
                0x0000041c       0x2e ../build/release/nrf52833_xxaa/nrfx_uarte.c.o
 .ARM.attributes
                0x0000044a       0x2e ../build/release/nrf52833_xxaa/bsp.c.o
 .ARM.attributes
                0x00000478       0x2e ../build/release/nrf52833_xxaa/SEGGER_RTT.c.o
 .ARM.attributes
                0x000004a6       0x2e ../build/release/nrf52833_xxaa/nrfx_twi.c.o
 .ARM.attributes
                0x000004d4       0x2e ../build/release/nrf52833_xxaa/nrfx_clock.c.o
 .ARM.attributes
                0x00000502       0x2e ../build/release/nrf52833_xxaa/nrf_drv_clock.c.o
 .ARM.attributes
                0x00000530       0x2e ../build/release/nrf52833_xxaa/nrf_sdh.c.o
 .ARM.attributes
                0x0000055e       0x2e ../build/release/nrf52833_xxaa/LCD.c.o
 .ARM.attributes
                0x0000058c       0x2e ../build/release/nrf52833_xxaa/main.c.o
 .ARM.attributes
                0x000005ba       0x2e ../build/release/nrf52833_xxaa/qxk_port.c.o
 .ARM.attributes
                0x000005e8       0x2e ../build/release/nrf52833_xxaa/qf_actq.c.o
 .ARM.attributes
                0x00000616       0x2e ../build/release/nrf52833_xxaa/qf_dyn.c.o
 .ARM.attributes
                0x00000644       0x2e ../build/release/nrf52833_xxaa/qf_mem.c.o
 .ARM.attributes
                0x00000672       0x2e ../build/release/nrf52833_xxaa/qf_qact.c.o
 .ARM.attributes
                0x000006a0       0x2e ../build/release/nrf52833_xxaa/qf_time.c.o
 .ARM.attributes
                0x000006ce       0x2e ../build/release/nrf52833_xxaa/qxk.c.o
 .ARM.attributes
                0x000006fc       0x2e c:/program files (x86)/gnu arm embedded toolchain/10 2021.10/bin/../lib/gcc/arm-none-eabi/10.3.1/../../../../arm-none-eabi/lib/thumb/v7e-m/nofp\libc_nano.a(lib_a-ctype_.o)
 .ARM.attributes
                0x0000072a       0x2e c:/program files (x86)/gnu arm embedded toolchain/10 2021.10/bin/../lib/gcc/arm-none-eabi/10.3.1/../../../../arm-none-eabi/lib/thumb/v7e-m/nofp\libc_nano.a(lib_a-exit.o)
 .ARM.attributes
                0x00000758       0x2e c:/program files (x86)/gnu arm embedded toolchain/10 2021.10/bin/../lib/gcc/arm-none-eabi/10.3.1/../../../../arm-none-eabi/lib/thumb/v7e-m/nofp\libc_nano.a(lib_a-impure.o)
 .ARM.attributes
                0x00000786       0x2e c:/program files (x86)/gnu arm embedded toolchain/10 2021.10/bin/../lib/gcc/arm-none-eabi/10.3.1/../../../../arm-none-eabi/lib/thumb/v7e-m/nofp\libc_nano.a(lib_a-init.o)
 .ARM.attributes
                0x000007b4       0x2e c:/program files (x86)/gnu arm embedded toolchain/10 2021.10/bin/../lib/gcc/arm-none-eabi/10.3.1/../../../../arm-none-eabi/lib/thumb/v7e-m/nofp\libc_nano.a(lib_a-memcpy-stub.o)
 .ARM.attributes
                0x000007e2       0x2e c:/program files (x86)/gnu arm embedded toolchain/10 2021.10/bin/../lib/gcc/arm-none-eabi/10.3.1/../../../../arm-none-eabi/lib/thumb/v7e-m/nofp\libc_nano.a(lib_a-memset.o)
 .ARM.attributes
                0x00000810       0x2e c:/program files (x86)/gnu arm embedded toolchain/10 2021.10/bin/../lib/gcc/arm-none-eabi/10.3.1/../../../../arm-none-eabi/lib/thumb/v7e-m/nofp\libc_nano.a(lib_a-sprintf.o)
 .ARM.attributes
                0x0000083e       0x2e c:/program files (x86)/gnu arm embedded toolchain/10 2021.10/bin/../lib/gcc/arm-none-eabi/10.3.1/../../../../arm-none-eabi/lib/thumb/v7e-m/nofp\libc_nano.a(lib_a-strcpy.o)
 .ARM.attributes
                0x0000086c       0x17 c:/program files (x86)/gnu arm embedded toolchain/10 2021.10/bin/../lib/gcc/arm-none-eabi/10.3.1/../../../../arm-none-eabi/lib/thumb/v7e-m/nofp\libc_nano.a(lib_a-strlen.o)
 .ARM.attributes
                0x00000883       0x2e c:/program files (x86)/gnu arm embedded toolchain/10 2021.10/bin/../lib/gcc/arm-none-eabi/10.3.1/../../../../arm-none-eabi/lib/thumb/v7e-m/nofp\libc_nano.a(lib_a-nano-svfprintf.o)
 .ARM.attributes
                0x000008b1       0x2e c:/program files (x86)/gnu arm embedded toolchain/10 2021.10/bin/../lib/gcc/arm-none-eabi/10.3.1/../../../../arm-none-eabi/lib/thumb/v7e-m/nofp\libc_nano.a(lib_a-nano-vfprintf_i.o)
 .ARM.attributes
                0x000008df       0x1c c:/program files (x86)/gnu arm embedded toolchain/10 2021.10/bin/../lib/gcc/arm-none-eabi/10.3.1/../../../../arm-none-eabi/lib/thumb/v7e-m/nofp\libc_nano.a(lib_a-memchr.o)
 .ARM.attributes
                0x000008fb       0x2e c:/program files (x86)/gnu arm embedded toolchain/10 2021.10/bin/../lib/gcc/arm-none-eabi/10.3.1/../../../../arm-none-eabi/lib/thumb/v7e-m/nofp\libc_nano.a(lib_a-memmove.o)
 .ARM.attributes
                0x00000929       0x2e c:/program files (x86)/gnu arm embedded toolchain/10 2021.10/bin/../lib/gcc/arm-none-eabi/10.3.1/../../../../arm-none-eabi/lib/thumb/v7e-m/nofp\libc_nano.a(lib_a-nano-freer.o)
 .ARM.attributes
                0x00000957       0x2e c:/program files (x86)/gnu arm embedded toolchain/10 2021.10/bin/../lib/gcc/arm-none-eabi/10.3.1/../../../../arm-none-eabi/lib/thumb/v7e-m/nofp\libc_nano.a(lib_a-nano-mallocr.o)
 .ARM.attributes
                0x00000985       0x2e c:/program files (x86)/gnu arm embedded toolchain/10 2021.10/bin/../lib/gcc/arm-none-eabi/10.3.1/../../../../arm-none-eabi/lib/thumb/v7e-m/nofp\libc_nano.a(lib_a-nano-reallocr.o)
 .ARM.attributes
                0x000009b3       0x2e c:/program files (x86)/gnu arm embedded toolchain/10 2021.10/bin/../lib/gcc/arm-none-eabi/10.3.1/../../../../arm-none-eabi/lib/thumb/v7e-m/nofp\libc_nano.a(lib_a-sbrkr.o)
 .ARM.attributes
                0x000009e1       0x2e c:/program files (x86)/gnu arm embedded toolchain/10 2021.10/bin/../lib/gcc/arm-none-eabi/10.3.1/../../../../arm-none-eabi/lib/thumb/v7e-m/nofp\libc_nano.a(lib_a-mlock.o)
 .ARM.attributes
                0x00000a0f       0x2e c:/program files (x86)/gnu arm embedded toolchain/10 2021.10/bin/../lib/gcc/arm-none-eabi/10.3.1/../../../../arm-none-eabi/lib/thumb/v7e-m/nofp\libc_nano.a(lib_a-nano-msizer.o)
 .ARM.attributes
                0x00000a3d       0x2e c:/program files (x86)/gnu arm embedded toolchain/10 2021.10/bin/../lib/gcc/arm-none-eabi/10.3.1/../../../../arm-none-eabi/lib/thumb/v7e-m/nofp\libc_nano.a(lib_a-reent.o)
 .ARM.attributes
                0x00000a6b       0x2e c:/program files (x86)/gnu arm embedded toolchain/10 2021.10/bin/../lib/gcc/arm-none-eabi/10.3.1/../../../../arm-none-eabi/lib/thumb/v7e-m/nofp\libc_nano.a(lib_a-lock.o)
 .ARM.attributes
                0x00000a99       0x2e c:/program files (x86)/gnu arm embedded toolchain/10 2021.10/bin/../lib/gcc/arm-none-eabi/10.3.1/../../../../arm-none-eabi/lib/thumb/v7e-m/nofp\libnosys.a(sbrk.o)
 .ARM.attributes
                0x00000ac7       0x2e c:/program files (x86)/gnu arm embedded toolchain/10 2021.10/bin/../lib/gcc/arm-none-eabi/10.3.1/../../../../arm-none-eabi/lib/thumb/v7e-m/nofp\libnosys.a(_exit.o)
 .ARM.attributes
                0x00000af5       0x2e c:/program files (x86)/gnu arm embedded toolchain/10 2021.10/bin/../lib/gcc/arm-none-eabi/10.3.1/thumb/v7e-m/nofp/crtend.o
 .ARM.attributes
                0x00000b23       0x1e c:/program files (x86)/gnu arm embedded toolchain/10 2021.10/bin/../lib/gcc/arm-none-eabi/10.3.1/thumb/v7e-m/nofp/crtn.o

.comment        0x00000000       0x49
 .comment       0x00000000       0x49 ../build/release/nrf52833_xxaa/nrf_log_backend_rtt.c.o
                                 0x4a (size before relaxing)
 .comment       0x00000049       0x4a ../build/release/nrf52833_xxaa/nrf_log_backend_serial.c.o
 .comment       0x00000049       0x4a ../build/release/nrf52833_xxaa/nrf_log_default_backends.c.o
 .comment       0x00000049       0x4a ../build/release/nrf52833_xxaa/nrf_log_frontend.c.o
 .comment       0x00000049       0x4a ../build/release/nrf52833_xxaa/nrf_log_str_formatter.c.o
 .comment       0x00000049       0x4a ../build/release/nrf52833_xxaa/app_button.c.o
 .comment       0x00000049       0x4a ../build/release/nrf52833_xxaa/app_timer2.c.o
 .comment       0x00000049       0x4a ../build/release/nrf52833_xxaa/app_util_platform.c.o
 .comment       0x00000049       0x4a ../build/release/nrf52833_xxaa/nrf_atomic.c.o
 .comment       0x00000049       0x4a ../build/release/nrf52833_xxaa/nrf_balloc.c.o
 .comment       0x00000049       0x4a ../build/release/nrf52833_xxaa/nrf_fprintf.c.o
 .comment       0x00000049       0x4a ../build/release/nrf52833_xxaa/nrf_fprintf_format.c.o
 .comment       0x00000049       0x4a ../build/release/nrf52833_xxaa/nrf_memobj.c.o
 .comment       0x00000049       0x4a ../build/release/nrf52833_xxaa/nrf_ringbuf.c.o
 .comment       0x00000049       0x4a ../build/release/nrf52833_xxaa/nrf_section_iter.c.o
 .comment       0x00000049       0x4a ../build/release/nrf52833_xxaa/nrf_sortlist.c.o
 .comment       0x00000049       0x4a ../build/release/nrf52833_xxaa/system_nrf52833.c.o
 .comment       0x00000049       0x4a ../build/release/nrf52833_xxaa/nrfx_gpiote.c.o
 .comment       0x00000049       0x4a ../build/release/nrf52833_xxaa/nrfx_prs.c.o
 .comment       0x00000049       0x4a ../build/release/nrf52833_xxaa/nrfx_uart.c.o
 .comment       0x00000049       0x4a ../build/release/nrf52833_xxaa/nrfx_uarte.c.o
 .comment       0x00000049       0x4a ../build/release/nrf52833_xxaa/bsp.c.o
 .comment       0x00000049       0x4a ../build/release/nrf52833_xxaa/SEGGER_RTT.c.o
 .comment       0x00000049       0x4a ../build/release/nrf52833_xxaa/nrfx_twi.c.o
 .comment       0x00000049       0x4a ../build/release/nrf52833_xxaa/nrfx_clock.c.o
 .comment       0x00000049       0x4a ../build/release/nrf52833_xxaa/nrf_drv_clock.c.o
 .comment       0x00000049       0x4a ../build/release/nrf52833_xxaa/nrf_sdh.c.o
 .comment       0x00000049       0x4a ../build/release/nrf52833_xxaa/LCD.c.o
 .comment       0x00000049       0x4a ../build/release/nrf52833_xxaa/main.c.o
 .comment       0x00000049       0x4a ../build/release/nrf52833_xxaa/qxk_port.c.o
 .comment       0x00000049       0x4a ../build/release/nrf52833_xxaa/qf_actq.c.o
 .comment       0x00000049       0x4a ../build/release/nrf52833_xxaa/qf_dyn.c.o
 .comment       0x00000049       0x4a ../build/release/nrf52833_xxaa/qf_mem.c.o
 .comment       0x00000049       0x4a ../build/release/nrf52833_xxaa/qf_qact.c.o
 .comment       0x00000049       0x4a ../build/release/nrf52833_xxaa/qf_time.c.o
 .comment       0x00000049       0x4a ../build/release/nrf52833_xxaa/qxk.c.o

.debug_line     0x00000000    0x22cdd
 .debug_line    0x00000000       0x92 ../build/release/nrf52833_xxaa/gcc_startup_nrf52833.S.o
 .debug_line    0x00000092     0x10e7 ../build/release/nrf52833_xxaa/nrf_log_backend_rtt.c.o
 .debug_line    0x00001179      0xcab ../build/release/nrf52833_xxaa/nrf_log_backend_serial.c.o
 .debug_line    0x00001e24      0xb52 ../build/release/nrf52833_xxaa/nrf_log_default_backends.c.o
 .debug_line    0x00002976     0x1955 ../build/release/nrf52833_xxaa/nrf_log_frontend.c.o
 .debug_line    0x000042cb      0xdcb ../build/release/nrf52833_xxaa/nrf_log_str_formatter.c.o
 .debug_line    0x00005096     0x157e ../build/release/nrf52833_xxaa/app_button.c.o
 .debug_line    0x00006614     0x166b ../build/release/nrf52833_xxaa/app_timer2.c.o
 .debug_line    0x00007c7f      0x934 ../build/release/nrf52833_xxaa/app_util_platform.c.o
 .debug_line    0x000085b3      0xac6 ../build/release/nrf52833_xxaa/nrf_atomic.c.o
 .debug_line    0x00009079      0xc75 ../build/release/nrf52833_xxaa/nrf_balloc.c.o
 .debug_line    0x00009cee      0x804 ../build/release/nrf52833_xxaa/nrf_fprintf.c.o
 .debug_line    0x0000a4f2      0xc57 ../build/release/nrf52833_xxaa/nrf_fprintf_format.c.o
 .debug_line    0x0000b149      0xdc1 ../build/release/nrf52833_xxaa/nrf_memobj.c.o
 .debug_line    0x0000bf0a      0xc8f ../build/release/nrf52833_xxaa/nrf_ringbuf.c.o
 .debug_line    0x0000cb99      0x81e ../build/release/nrf52833_xxaa/nrf_section_iter.c.o
 .debug_line    0x0000d3b7      0xb29 ../build/release/nrf52833_xxaa/nrf_sortlist.c.o
 .debug_line    0x0000dee0      0x7a7 ../build/release/nrf52833_xxaa/system_nrf52833.c.o
 .debug_line    0x0000e687     0x247a ../build/release/nrf52833_xxaa/nrfx_gpiote.c.o
 .debug_line    0x00010b01      0xe7a ../build/release/nrf52833_xxaa/nrfx_prs.c.o
 .debug_line    0x0001197b     0x1ffe ../build/release/nrf52833_xxaa/nrfx_uart.c.o
 .debug_line    0x00013979     0x1f6f ../build/release/nrf52833_xxaa/nrfx_uarte.c.o
 .debug_line    0x000158e8      0xeea ../build/release/nrf52833_xxaa/bsp.c.o
 .debug_line    0x000167d2     0x1723 ../build/release/nrf52833_xxaa/SEGGER_RTT.c.o
 .debug_line    0x00017ef5     0x1edd ../build/release/nrf52833_xxaa/nrfx_twi.c.o
 .debug_line    0x00019dd2     0x13c0 ../build/release/nrf52833_xxaa/nrfx_clock.c.o
 .debug_line    0x0001b192     0x15a2 ../build/release/nrf52833_xxaa/nrf_drv_clock.c.o
 .debug_line    0x0001c734     0x1040 ../build/release/nrf52833_xxaa/nrf_sdh.c.o
 .debug_line    0x0001d774      0xf57 ../build/release/nrf52833_xxaa/LCD.c.o
 .debug_line    0x0001e6cb     0x13d0 ../build/release/nrf52833_xxaa/main.c.o
 .debug_line    0x0001fa9b      0x526 ../build/release/nrf52833_xxaa/qxk_port.c.o
 .debug_line    0x0001ffc1      0x978 ../build/release/nrf52833_xxaa/qf_actq.c.o
 .debug_line    0x00020939      0x605 ../build/release/nrf52833_xxaa/qf_dyn.c.o
 .debug_line    0x00020f3e      0x609 ../build/release/nrf52833_xxaa/qf_mem.c.o
 .debug_line    0x00021547      0x58e ../build/release/nrf52833_xxaa/qf_qact.c.o
 .debug_line    0x00021ad5      0x7c4 ../build/release/nrf52833_xxaa/qf_time.c.o
 .debug_line    0x00022299      0xa44 ../build/release/nrf52833_xxaa/qxk.c.o

.debug_info     0x00000000    0x23599
 .debug_info    0x00000000       0x26 ../build/release/nrf52833_xxaa/gcc_startup_nrf52833.S.o
 .debug_info    0x00000026      0x56f ../build/release/nrf52833_xxaa/nrf_log_backend_rtt.c.o
 .debug_info    0x00000595      0x79f ../build/release/nrf52833_xxaa/nrf_log_backend_serial.c.o
 .debug_info    0x00000d34      0x303 ../build/release/nrf52833_xxaa/nrf_log_default_backends.c.o
 .debug_info    0x00001037     0x2390 ../build/release/nrf52833_xxaa/nrf_log_frontend.c.o
 .debug_info    0x000033c7      0x7c4 ../build/release/nrf52833_xxaa/nrf_log_str_formatter.c.o
 .debug_info    0x00003b8b      0xc2b ../build/release/nrf52833_xxaa/app_button.c.o
 .debug_info    0x000047b6     0x16f5 ../build/release/nrf52833_xxaa/app_timer2.c.o
 .debug_info    0x00005eab      0xa5c ../build/release/nrf52833_xxaa/app_util_platform.c.o
 .debug_info    0x00006907      0x93f ../build/release/nrf52833_xxaa/nrf_atomic.c.o
 .debug_info    0x00007246      0x3ec ../build/release/nrf52833_xxaa/nrf_balloc.c.o
 .debug_info    0x00007632      0x24b ../build/release/nrf52833_xxaa/nrf_fprintf.c.o
 .debug_info    0x0000787d      0x75c ../build/release/nrf52833_xxaa/nrf_fprintf_format.c.o
 .debug_info    0x00007fd9      0x8e0 ../build/release/nrf52833_xxaa/nrf_memobj.c.o
 .debug_info    0x000088b9      0x64f ../build/release/nrf52833_xxaa/nrf_ringbuf.c.o
 .debug_info    0x00008f08      0x1aa ../build/release/nrf52833_xxaa/nrf_section_iter.c.o
 .debug_info    0x000090b2      0x3c3 ../build/release/nrf52833_xxaa/nrf_sortlist.c.o
 .debug_info    0x00009475     0x13bf ../build/release/nrf52833_xxaa/system_nrf52833.c.o
 .debug_info    0x0000a834     0x372e ../build/release/nrf52833_xxaa/nrfx_gpiote.c.o
 .debug_info    0x0000df62      0x801 ../build/release/nrf52833_xxaa/nrfx_prs.c.o
 .debug_info    0x0000e763     0x31ff ../build/release/nrf52833_xxaa/nrfx_uart.c.o
 .debug_info    0x00011962     0x33c8 ../build/release/nrf52833_xxaa/nrfx_uarte.c.o
 .debug_info    0x00014d2a      0x980 ../build/release/nrf52833_xxaa/bsp.c.o
 .debug_info    0x000156aa     0x175e ../build/release/nrf52833_xxaa/SEGGER_RTT.c.o
 .debug_info    0x00016e08     0x2cdc ../build/release/nrf52833_xxaa/nrfx_twi.c.o
 .debug_info    0x00019ae4     0x129c ../build/release/nrf52833_xxaa/nrfx_clock.c.o
 .debug_info    0x0001ad80     0x1712 ../build/release/nrf52833_xxaa/nrf_drv_clock.c.o
 .debug_info    0x0001c492     0x1297 ../build/release/nrf52833_xxaa/nrf_sdh.c.o
 .debug_info    0x0001d729      0xf0b ../build/release/nrf52833_xxaa/LCD.c.o
 .debug_info    0x0001e634      0xc21 ../build/release/nrf52833_xxaa/main.c.o
 .debug_info    0x0001f255      0x6dc ../build/release/nrf52833_xxaa/qxk_port.c.o
 .debug_info    0x0001f931      0xdd2 ../build/release/nrf52833_xxaa/qf_actq.c.o
 .debug_info    0x00020703      0x5fa ../build/release/nrf52833_xxaa/qf_dyn.c.o
 .debug_info    0x00020cfd      0x3e9 ../build/release/nrf52833_xxaa/qf_mem.c.o
 .debug_info    0x000210e6      0x986 ../build/release/nrf52833_xxaa/qf_qact.c.o
 .debug_info    0x00021a6c      0xb60 ../build/release/nrf52833_xxaa/qf_time.c.o
 .debug_info    0x000225cc      0xfcd ../build/release/nrf52833_xxaa/qxk.c.o

.debug_abbrev   0x00000000     0x6fd2
 .debug_abbrev  0x00000000       0x14 ../build/release/nrf52833_xxaa/gcc_startup_nrf52833.S.o
 .debug_abbrev  0x00000014      0x274 ../build/release/nrf52833_xxaa/nrf_log_backend_rtt.c.o
 .debug_abbrev  0x00000288      0x214 ../build/release/nrf52833_xxaa/nrf_log_backend_serial.c.o
 .debug_abbrev  0x0000049c      0x193 ../build/release/nrf52833_xxaa/nrf_log_default_backends.c.o
 .debug_abbrev  0x0000062f      0x601 ../build/release/nrf52833_xxaa/nrf_log_frontend.c.o
 .debug_abbrev  0x00000c30      0x1fc ../build/release/nrf52833_xxaa/nrf_log_str_formatter.c.o
 .debug_abbrev  0x00000e2c      0x37c ../build/release/nrf52833_xxaa/app_button.c.o
 .debug_abbrev  0x000011a8      0x4dd ../build/release/nrf52833_xxaa/app_timer2.c.o
 .debug_abbrev  0x00001685      0x315 ../build/release/nrf52833_xxaa/app_util_platform.c.o
 .debug_abbrev  0x0000199a      0x199 ../build/release/nrf52833_xxaa/nrf_atomic.c.o
 .debug_abbrev  0x00001b33      0x206 ../build/release/nrf52833_xxaa/nrf_balloc.c.o
 .debug_abbrev  0x00001d39      0x146 ../build/release/nrf52833_xxaa/nrf_fprintf.c.o
 .debug_abbrev  0x00001e7f      0x2cf ../build/release/nrf52833_xxaa/nrf_fprintf_format.c.o
 .debug_abbrev  0x0000214e      0x1ee ../build/release/nrf52833_xxaa/nrf_memobj.c.o
 .debug_abbrev  0x0000233c      0x14d ../build/release/nrf52833_xxaa/nrf_ringbuf.c.o
 .debug_abbrev  0x00002489       0xbd ../build/release/nrf52833_xxaa/nrf_section_iter.c.o
 .debug_abbrev  0x00002546      0x16a ../build/release/nrf52833_xxaa/nrf_sortlist.c.o
 .debug_abbrev  0x000026b0      0x313 ../build/release/nrf52833_xxaa/system_nrf52833.c.o
 .debug_abbrev  0x000029c3      0x59d ../build/release/nrf52833_xxaa/nrfx_gpiote.c.o
 .debug_abbrev  0x00002f60      0x29d ../build/release/nrf52833_xxaa/nrfx_prs.c.o
 .debug_abbrev  0x000031fd      0x57a ../build/release/nrf52833_xxaa/nrfx_uart.c.o
 .debug_abbrev  0x00003777      0x4e0 ../build/release/nrf52833_xxaa/nrfx_uarte.c.o
 .debug_abbrev  0x00003c57      0x337 ../build/release/nrf52833_xxaa/bsp.c.o
 .debug_abbrev  0x00003f8e      0x2ba ../build/release/nrf52833_xxaa/SEGGER_RTT.c.o
 .debug_abbrev  0x00004248      0x525 ../build/release/nrf52833_xxaa/nrfx_twi.c.o
 .debug_abbrev  0x0000476d      0x472 ../build/release/nrf52833_xxaa/nrfx_clock.c.o
 .debug_abbrev  0x00004bdf      0x547 ../build/release/nrf52833_xxaa/nrf_drv_clock.c.o
 .debug_abbrev  0x00005126      0x4fa ../build/release/nrf52833_xxaa/nrf_sdh.c.o
 .debug_abbrev  0x00005620      0x372 ../build/release/nrf52833_xxaa/LCD.c.o
 .debug_abbrev  0x00005992      0x2ce ../build/release/nrf52833_xxaa/main.c.o
 .debug_abbrev  0x00005c60      0x21c ../build/release/nrf52833_xxaa/qxk_port.c.o
 .debug_abbrev  0x00005e7c      0x3fa ../build/release/nrf52833_xxaa/qf_actq.c.o
 .debug_abbrev  0x00006276      0x23d ../build/release/nrf52833_xxaa/qf_dyn.c.o
 .debug_abbrev  0x000064b3      0x199 ../build/release/nrf52833_xxaa/qf_mem.c.o
 .debug_abbrev  0x0000664c      0x261 ../build/release/nrf52833_xxaa/qf_qact.c.o
 .debug_abbrev  0x000068ad      0x313 ../build/release/nrf52833_xxaa/qf_time.c.o
 .debug_abbrev  0x00006bc0      0x412 ../build/release/nrf52833_xxaa/qxk.c.o

.debug_aranges  0x00000000      0xe60
 .debug_aranges
                0x00000000       0x20 ../build/release/nrf52833_xxaa/gcc_startup_nrf52833.S.o
 .debug_aranges
                0x00000020       0x38 ../build/release/nrf52833_xxaa/nrf_log_backend_rtt.c.o
 .debug_aranges
                0x00000058       0x20 ../build/release/nrf52833_xxaa/nrf_log_backend_serial.c.o
 .debug_aranges
                0x00000078       0x20 ../build/release/nrf52833_xxaa/nrf_log_default_backends.c.o
 .debug_aranges
                0x00000098       0xd8 ../build/release/nrf52833_xxaa/nrf_log_frontend.c.o
 .debug_aranges
                0x00000170       0x40 ../build/release/nrf52833_xxaa/nrf_log_str_formatter.c.o
 .debug_aranges
                0x000001b0       0x70 ../build/release/nrf52833_xxaa/app_button.c.o
 .debug_aranges
                0x00000220       0x88 ../build/release/nrf52833_xxaa/app_timer2.c.o
 .debug_aranges
                0x000002a8       0x48 ../build/release/nrf52833_xxaa/app_util_platform.c.o
 .debug_aranges
                0x000002f0       0xb0 ../build/release/nrf52833_xxaa/nrf_atomic.c.o
 .debug_aranges
                0x000003a0       0x30 ../build/release/nrf52833_xxaa/nrf_balloc.c.o
 .debug_aranges
                0x000003d0       0x28 ../build/release/nrf52833_xxaa/nrf_fprintf.c.o
 .debug_aranges
                0x000003f8       0x30 ../build/release/nrf52833_xxaa/nrf_fprintf_format.c.o
 .debug_aranges
                0x00000428       0x58 ../build/release/nrf52833_xxaa/nrf_memobj.c.o
 .debug_aranges
                0x00000480       0x50 ../build/release/nrf52833_xxaa/nrf_ringbuf.c.o
 .debug_aranges
                0x000004d0       0x28 ../build/release/nrf52833_xxaa/nrf_section_iter.c.o
 .debug_aranges
                0x000004f8       0x40 ../build/release/nrf52833_xxaa/nrf_sortlist.c.o
 .debug_aranges
                0x00000538       0x40 ../build/release/nrf52833_xxaa/system_nrf52833.c.o
 .debug_aranges
                0x00000578      0x118 ../build/release/nrf52833_xxaa/nrfx_gpiote.c.o
 .debug_aranges
                0x00000690       0x30 ../build/release/nrf52833_xxaa/nrfx_prs.c.o
 .debug_aranges
                0x000006c0       0xa8 ../build/release/nrf52833_xxaa/nrfx_uart.c.o
 .debug_aranges
                0x00000768       0x80 ../build/release/nrf52833_xxaa/nrfx_uarte.c.o
 .debug_aranges
                0x000007e8       0x40 ../build/release/nrf52833_xxaa/bsp.c.o
 .debug_aranges
                0x00000828      0x108 ../build/release/nrf52833_xxaa/SEGGER_RTT.c.o
 .debug_aranges
                0x00000930       0x98 ../build/release/nrf52833_xxaa/nrfx_twi.c.o
 .debug_aranges
                0x000009c8       0x80 ../build/release/nrf52833_xxaa/nrfx_clock.c.o
 .debug_aranges
                0x00000a48       0xb0 ../build/release/nrf52833_xxaa/nrf_drv_clock.c.o
 .debug_aranges
                0x00000af8       0x90 ../build/release/nrf52833_xxaa/nrf_sdh.c.o
 .debug_aranges
                0x00000b88       0x78 ../build/release/nrf52833_xxaa/LCD.c.o
 .debug_aranges
                0x00000c00       0x48 ../build/release/nrf52833_xxaa/main.c.o
 .debug_aranges
                0x00000c48       0x40 ../build/release/nrf52833_xxaa/qxk_port.c.o
 .debug_aranges
                0x00000c88       0x60 ../build/release/nrf52833_xxaa/qf_actq.c.o
 .debug_aranges
                0x00000ce8       0x50 ../build/release/nrf52833_xxaa/qf_dyn.c.o
 .debug_aranges
                0x00000d38       0x30 ../build/release/nrf52833_xxaa/qf_mem.c.o
 .debug_aranges
                0x00000d68       0x38 ../build/release/nrf52833_xxaa/qf_qact.c.o
 .debug_aranges
                0x00000da0       0x58 ../build/release/nrf52833_xxaa/qf_time.c.o
 .debug_aranges
                0x00000df8       0x68 ../build/release/nrf52833_xxaa/qxk.c.o

.debug_str      0x00000000    0xb369e
 .debug_str     0x00000000       0x9a ../build/release/nrf52833_xxaa/gcc_startup_nrf52833.S.o
 .debug_str     0x0000009a    0x97e24 ../build/release/nrf52833_xxaa/nrf_log_backend_rtt.c.o
                              0x9a0c0 (size before relaxing)
 .debug_str     0x00097ebe      0x302 ../build/release/nrf52833_xxaa/nrf_log_backend_serial.c.o
                              0x9259d (size before relaxing)
 .debug_str     0x000981c0      0x16f ../build/release/nrf52833_xxaa/nrf_log_default_backends.c.o
                              0x92338 (size before relaxing)
 .debug_str     0x0009832f     0x14fc ../build/release/nrf52833_xxaa/nrf_log_frontend.c.o
                              0x93958 (size before relaxing)
 .debug_str     0x0009982b      0x6f0 ../build/release/nrf52833_xxaa/nrf_log_str_formatter.c.o
                              0x92a22 (size before relaxing)
 .debug_str     0x00099f1b     0x1b1b ../build/release/nrf52833_xxaa/app_button.c.o
                              0x9a594 (size before relaxing)
 .debug_str     0x0009ba36     0x11e5 ../build/release/nrf52833_xxaa/app_timer2.c.o
                              0x9a2ee (size before relaxing)
 .debug_str     0x0009cc1b      0x37e ../build/release/nrf52833_xxaa/app_util_platform.c.o
                              0x7e964 (size before relaxing)
 .debug_str     0x0009cf99      0x703 ../build/release/nrf52833_xxaa/nrf_atomic.c.o
                              0x8dbec (size before relaxing)
 .debug_str     0x0009d69c      0x179 ../build/release/nrf52833_xxaa/nrf_balloc.c.o
                              0x9233f (size before relaxing)
 .debug_str     0x0009d815      0x18e ../build/release/nrf52833_xxaa/nrf_fprintf.c.o
                              0x8d831 (size before relaxing)
 .debug_str     0x0009d9a3      0x55b ../build/release/nrf52833_xxaa/nrf_fprintf_format.c.o
                              0x8dd40 (size before relaxing)
 .debug_str     0x0009defe      0x1ef ../build/release/nrf52833_xxaa/nrf_memobj.c.o
                              0x906cd (size before relaxing)
 .debug_str     0x0009e0ed      0x126 ../build/release/nrf52833_xxaa/nrf_ringbuf.c.o
                              0x8efa4 (size before relaxing)
 .debug_str     0x0009e213      0x29b ../build/release/nrf52833_xxaa/nrf_section_iter.c.o
                              0x8da00 (size before relaxing)
 .debug_str     0x0009e4ae       0xea ../build/release/nrf52833_xxaa/nrf_sortlist.c.o
                              0x90010 (size before relaxing)
 .debug_str     0x0009e598     0x841d ../build/release/nrf52833_xxaa/system_nrf52833.c.o
                              0x81fec (size before relaxing)
 .debug_str     0x000a69b5     0x14a0 ../build/release/nrf52833_xxaa/nrfx_gpiote.c.o
                              0x9aeaa (size before relaxing)
 .debug_str     0x000a7e55      0x4bb ../build/release/nrf52833_xxaa/nrfx_prs.c.o
                              0x9922b (size before relaxing)
 .debug_str     0x000a8310      0xd3d ../build/release/nrf52833_xxaa/nrfx_uart.c.o
                              0x9a41b (size before relaxing)
 .debug_str     0x000a904d      0xf9d ../build/release/nrf52833_xxaa/nrfx_uarte.c.o
                              0x9a8ae (size before relaxing)
 .debug_str     0x000a9fea     0x2237 ../build/release/nrf52833_xxaa/bsp.c.o
                              0x984dd (size before relaxing)
 .debug_str     0x000ac221      0x5f6 ../build/release/nrf52833_xxaa/SEGGER_RTT.c.o
                              0x87a0f (size before relaxing)
 .debug_str     0x000ac817     0x1346 ../build/release/nrf52833_xxaa/nrfx_twi.c.o
                              0x9aa29 (size before relaxing)
 .debug_str     0x000adb5d      0x79e ../build/release/nrf52833_xxaa/nrfx_clock.c.o
                              0x99a8c (size before relaxing)
 .debug_str     0x000ae2fb     0x13d1 ../build/release/nrf52833_xxaa/nrf_drv_clock.c.o
                              0x9a838 (size before relaxing)
 .debug_str     0x000af6cc      0xef3 ../build/release/nrf52833_xxaa/nrf_sdh.c.o
                              0x92ea8 (size before relaxing)
 .debug_str     0x000b05bf      0x133 ../build/release/nrf52833_xxaa/LCD.c.o
                              0x9617b (size before relaxing)
 .debug_str     0x000b06f2     0x1b0a ../build/release/nrf52833_xxaa/main.c.o
                              0x9c0fb (size before relaxing)
 .debug_str     0x000b21fc      0xabe ../build/release/nrf52833_xxaa/qxk_port.c.o
                               0x6373 (size before relaxing)
 .debug_str     0x000b2cba      0x4b2 ../build/release/nrf52833_xxaa/qf_actq.c.o
                               0x67cb (size before relaxing)
 .debug_str     0x000b316c      0x151 ../build/release/nrf52833_xxaa/qf_dyn.c.o
                               0x6512 (size before relaxing)
 .debug_str     0x000b32bd       0x77 ../build/release/nrf52833_xxaa/qf_mem.c.o
                               0x6483 (size before relaxing)
 .debug_str     0x000b3334       0xb4 ../build/release/nrf52833_xxaa/qf_qact.c.o
                               0x5fd1 (size before relaxing)
 .debug_str     0x000b33e8      0x133 ../build/release/nrf52833_xxaa/qf_time.c.o
                               0x675d (size before relaxing)
 .debug_str     0x000b351b      0x183 ../build/release/nrf52833_xxaa/qxk.c.o
                               0x6839 (size before relaxing)

.debug_loc      0x00000000     0xfd69
 .debug_loc     0x00000000      0x1af ../build/release/nrf52833_xxaa/nrf_log_backend_rtt.c.o
 .debug_loc     0x000001af      0x186 ../build/release/nrf52833_xxaa/nrf_log_backend_serial.c.o
 .debug_loc     0x00000335       0x31 ../build/release/nrf52833_xxaa/nrf_log_default_backends.c.o
 .debug_loc     0x00000366     0x181a ../build/release/nrf52833_xxaa/nrf_log_frontend.c.o
 .debug_loc     0x00001b80      0x384 ../build/release/nrf52833_xxaa/nrf_log_str_formatter.c.o
 .debug_loc     0x00001f04      0x710 ../build/release/nrf52833_xxaa/app_button.c.o
 .debug_loc     0x00002614      0x893 ../build/release/nrf52833_xxaa/app_timer2.c.o
 .debug_loc     0x00002ea7      0x18f ../build/release/nrf52833_xxaa/app_util_platform.c.o
 .debug_loc     0x00003036      0x45f ../build/release/nrf52833_xxaa/nrf_atomic.c.o
 .debug_loc     0x00003495      0x1a6 ../build/release/nrf52833_xxaa/nrf_balloc.c.o
 .debug_loc     0x0000363b       0x47 ../build/release/nrf52833_xxaa/nrf_fprintf.c.o
 .debug_loc     0x00003682      0xa4a ../build/release/nrf52833_xxaa/nrf_fprintf_format.c.o
 .debug_loc     0x000040cc      0x8b3 ../build/release/nrf52833_xxaa/nrf_memobj.c.o
 .debug_loc     0x0000497f      0x701 ../build/release/nrf52833_xxaa/nrf_ringbuf.c.o
 .debug_loc     0x00005080      0x171 ../build/release/nrf52833_xxaa/nrf_sortlist.c.o
 .debug_loc     0x000051f1       0x90 ../build/release/nrf52833_xxaa/system_nrf52833.c.o
 .debug_loc     0x00005281     0x1f60 ../build/release/nrf52833_xxaa/nrfx_gpiote.c.o
 .debug_loc     0x000071e1       0xff ../build/release/nrf52833_xxaa/nrfx_prs.c.o
 .debug_loc     0x000072e0     0x1617 ../build/release/nrf52833_xxaa/nrfx_uart.c.o
 .debug_loc     0x000088f7     0x16e7 ../build/release/nrf52833_xxaa/nrfx_uarte.c.o
 .debug_loc     0x00009fde      0x129 ../build/release/nrf52833_xxaa/bsp.c.o
 .debug_loc     0x0000a107     0x1760 ../build/release/nrf52833_xxaa/SEGGER_RTT.c.o
 .debug_loc     0x0000b867     0x16ef ../build/release/nrf52833_xxaa/nrfx_twi.c.o
 .debug_loc     0x0000cf56      0x29e ../build/release/nrf52833_xxaa/nrfx_clock.c.o
 .debug_loc     0x0000d1f4      0x52a ../build/release/nrf52833_xxaa/nrf_drv_clock.c.o
 .debug_loc     0x0000d71e      0x2de ../build/release/nrf52833_xxaa/nrf_sdh.c.o
 .debug_loc     0x0000d9fc      0x505 ../build/release/nrf52833_xxaa/LCD.c.o
 .debug_loc     0x0000df01       0xe3 ../build/release/nrf52833_xxaa/main.c.o
 .debug_loc     0x0000dfe4      0x1d2 ../build/release/nrf52833_xxaa/qxk_port.c.o
 .debug_loc     0x0000e1b6      0x779 ../build/release/nrf52833_xxaa/qf_actq.c.o
 .debug_loc     0x0000e92f      0x3ee ../build/release/nrf52833_xxaa/qf_dyn.c.o
 .debug_loc     0x0000ed1d      0x2ec ../build/release/nrf52833_xxaa/qf_mem.c.o
 .debug_loc     0x0000f009      0x237 ../build/release/nrf52833_xxaa/qf_qact.c.o
 .debug_loc     0x0000f240      0x57d ../build/release/nrf52833_xxaa/qf_time.c.o
 .debug_loc     0x0000f7bd      0x5ac ../build/release/nrf52833_xxaa/qxk.c.o

.debug_pubnames
                0x00000000     0x90db
 .debug_pubnames
                0x00000000      0x12a ../build/release/nrf52833_xxaa/nrf_log_backend_rtt.c.o
 .debug_pubnames
                0x0000012a       0x31 ../build/release/nrf52833_xxaa/nrf_log_backend_serial.c.o
 .debug_pubnames
                0x0000015b      0x12b ../build/release/nrf52833_xxaa/nrf_log_default_backends.c.o
 .debug_pubnames
                0x00000286      0x5da ../build/release/nrf52833_xxaa/nrf_log_frontend.c.o
 .debug_pubnames
                0x00000860      0x1bd ../build/release/nrf52833_xxaa/nrf_log_str_formatter.c.o
 .debug_pubnames
                0x00000a1d      0x3fa ../build/release/nrf52833_xxaa/app_button.c.o
 .debug_pubnames
                0x00000e17      0x81d ../build/release/nrf52833_xxaa/app_timer2.c.o
 .debug_pubnames
                0x00001634      0x657 ../build/release/nrf52833_xxaa/app_util_platform.c.o
 .debug_pubnames
                0x00001c8b      0x233 ../build/release/nrf52833_xxaa/nrf_atomic.c.o
 .debug_pubnames
                0x00001ebe      0x126 ../build/release/nrf52833_xxaa/nrf_balloc.c.o
 .debug_pubnames
                0x00001fe4       0x3f ../build/release/nrf52833_xxaa/nrf_fprintf.c.o
 .debug_pubnames
                0x00002023       0x67 ../build/release/nrf52833_xxaa/nrf_fprintf_format.c.o
 .debug_pubnames
                0x0000208a       0xb1 ../build/release/nrf52833_xxaa/nrf_memobj.c.o
 .debug_pubnames
                0x0000213b       0xaa ../build/release/nrf52833_xxaa/nrf_ringbuf.c.o
 .debug_pubnames
                0x000021e5       0x46 ../build/release/nrf52833_xxaa/nrf_section_iter.c.o
 .debug_pubnames
                0x0000222b      0x14c ../build/release/nrf52833_xxaa/nrf_sortlist.c.o
 .debug_pubnames
                0x00002377       0xfb ../build/release/nrf52833_xxaa/system_nrf52833.c.o
 .debug_pubnames
                0x00002472     0x119a ../build/release/nrf52833_xxaa/nrfx_gpiote.c.o
 .debug_pubnames
                0x0000360c      0x13f ../build/release/nrf52833_xxaa/nrfx_prs.c.o
 .debug_pubnames
                0x0000374b      0xac8 ../build/release/nrf52833_xxaa/nrfx_uart.c.o
 .debug_pubnames
                0x00004213      0xc79 ../build/release/nrf52833_xxaa/nrfx_uarte.c.o
 .debug_pubnames
                0x00004e8c      0x4ad ../build/release/nrf52833_xxaa/bsp.c.o
 .debug_pubnames
                0x00005339      0x3c3 ../build/release/nrf52833_xxaa/SEGGER_RTT.c.o
 .debug_pubnames
                0x000056fc      0xb45 ../build/release/nrf52833_xxaa/nrfx_twi.c.o
 .debug_pubnames
                0x00006241      0x708 ../build/release/nrf52833_xxaa/nrfx_clock.c.o
 .debug_pubnames
                0x00006949     0x1076 ../build/release/nrf52833_xxaa/nrf_drv_clock.c.o
 .debug_pubnames
                0x000079bf      0x925 ../build/release/nrf52833_xxaa/nrf_sdh.c.o
 .debug_pubnames
                0x000082e4      0x323 ../build/release/nrf52833_xxaa/LCD.c.o
 .debug_pubnames
                0x00008607      0x464 ../build/release/nrf52833_xxaa/main.c.o
 .debug_pubnames
                0x00008a6b       0x68 ../build/release/nrf52833_xxaa/qxk_port.c.o
 .debug_pubnames
                0x00008ad3      0x10d ../build/release/nrf52833_xxaa/qf_actq.c.o
 .debug_pubnames
                0x00008be0       0xef ../build/release/nrf52833_xxaa/qf_dyn.c.o
 .debug_pubnames
                0x00008ccf       0x6c ../build/release/nrf52833_xxaa/qf_mem.c.o
 .debug_pubnames
                0x00008d3b       0xf8 ../build/release/nrf52833_xxaa/qf_qact.c.o
 .debug_pubnames
                0x00008e33      0x152 ../build/release/nrf52833_xxaa/qf_time.c.o
 .debug_pubnames
                0x00008f85      0x156 ../build/release/nrf52833_xxaa/qxk.c.o

.debug_pubtypes
                0x00000000     0x5351
 .debug_pubtypes
                0x00000000      0x1b6 ../build/release/nrf52833_xxaa/nrf_log_backend_rtt.c.o
 .debug_pubtypes
                0x000001b6      0x2b9 ../build/release/nrf52833_xxaa/nrf_log_backend_serial.c.o
 .debug_pubtypes
                0x0000046f      0x1a9 ../build/release/nrf52833_xxaa/nrf_log_default_backends.c.o
 .debug_pubtypes
                0x00000618      0x37e ../build/release/nrf52833_xxaa/nrf_log_frontend.c.o
 .debug_pubtypes
                0x00000996      0x1b3 ../build/release/nrf52833_xxaa/nrf_log_str_formatter.c.o
 .debug_pubtypes
                0x00000b49      0x2c7 ../build/release/nrf52833_xxaa/app_button.c.o
 .debug_pubtypes