Archive member included to satisfy reference by file (symbol)

c:/program files (x86)/gnu arm embedded toolchain/10 2021.10/bin/../lib/gcc/arm-none-eabi/10.3.1/../../../../arm-none-eabi/lib/thumb/v7e-m+fp/hard\libc_nano.a(lib_a-ctype_.o)
                              ../build/debug/nrf52833_xxaa/nrf_log_str_formatter.c.o (_ctype_)
c:/program files (x86)/gnu arm embedded toolchain/10 2021.10/bin/../lib/gcc/arm-none-eabi/10.3.1/../../../../arm-none-eabi/lib/thumb/v7e-m+fp/hard\libc_nano.a(lib_a-exit.o)
                              c:/program files (x86)/gnu arm embedded toolchain/10 2021.10/bin/../lib/gcc/arm-none-eabi/10.3.1/../../../../arm-none-eabi/lib/thumb/v7e-m+fp/hard/crt0.o (exit)
c:/program files (x86)/gnu arm embedded toolchain/10 2021.10/bin/../lib/gcc/arm-none-eabi/10.3.1/../../../../arm-none-eabi/lib/thumb/v7e-m+fp/hard\libc_nano.a(lib_a-impure.o)
                              c:/program files (x86)/gnu arm embedded toolchain/10 2021.10/bin/../lib/gcc/arm-none-eabi/10.3.1/../../../../arm-none-eabi/lib/thumb/v7e-m+fp/hard\libc_nano.a(lib_a-exit.o) (_global_impure_ptr)
c:/program files (x86)/gnu arm embedded toolchain/10 2021.10/bin/../lib/gcc/arm-none-eabi/10.3.1/../../../../arm-none-eabi/lib/thumb/v7e-m+fp/hard\libc_nano.a(lib_a-init.o)
                              c:/program files (x86)/gnu arm embedded toolchain/10 2021.10/bin/../lib/gcc/arm-none-eabi/10.3.1/../../../../arm-none-eabi/lib/thumb/v7e-m+fp/hard/crt0.o (__libc_init_array)
c:/program files (x86)/gnu arm embedded toolchain/10 2021.10/bin/../lib/gcc/arm-none-eabi/10.3.1/../../../../arm-none-eabi/lib/thumb/v7e-m+fp/hard\libc_nano.a(lib_a-memcpy-stub.o)
                              ../build/debug/nrf52833_xxaa/nrf_log_frontend.c.o (memcpy)
c:/program files (x86)/gnu arm embedded toolchain/10 2021.10/bin/../lib/gcc/arm-none-eabi/10.3.1/../../../../arm-none-eabi/lib/thumb/v7e-m+fp/hard\libc_nano.a(lib_a-memset.o)
                              c:/program files (x86)/gnu arm embedded toolchain/10 2021.10/bin/../lib/gcc/arm-none-eabi/10.3.1/../../../../arm-none-eabi/lib/thumb/v7e-m+fp/hard/crt0.o (memset)
c:/program files (x86)/gnu arm embedded toolchain/10 2021.10/bin/../lib/gcc/arm-none-eabi/10.3.1/../../../../arm-none-eabi/lib/thumb/v7e-m+fp/hard\libc_nano.a(lib_a-strcpy.o)
                              ../build/debug/nrf52833_xxaa/SEGGER_RTT.c.o (strcpy)
c:/program files (x86)/gnu arm embedded toolchain/10 2021.10/bin/../lib/gcc/arm-none-eabi/10.3.1/../../../../arm-none-eabi/lib/thumb/v7e-m+fp/hard\libc_nano.a(lib_a-strlen.o)
                              ../build/debug/nrf52833_xxaa/nrf_log_frontend.c.o (strlen)
c:/program files (x86)/gnu arm embedded toolchain/10 2021.10/bin/../lib/gcc/arm-none-eabi/10.3.1/../../../../arm-none-eabi/lib/thumb/v7e-m+fp/hard\libnosys.a(_exit.o)
                              c:/program files (x86)/gnu arm embedded toolchain/10 2021.10/bin/../lib/gcc/arm-none-eabi/10.3.1/../../../../arm-none-eabi/lib/thumb/v7e-m+fp/hard\libc_nano.a(lib_a-exit.o) (_exit)
c:/program files (x86)/gnu arm embedded toolchain/10 2021.10/bin/../lib/gcc/arm-none-eabi/10.3.1/thumb/v7e-m+fp/hard\libgcc.a(_aeabi_uldivmod.o)
                              ../build/debug/nrf52833_xxaa/bsp.c.o (__aeabi_uldivmod)
c:/program files (x86)/gnu arm embedded toolchain/10 2021.10/bin/../lib/gcc/arm-none-eabi/10.3.1/thumb/v7e-m+fp/hard\libgcc.a(_udivmoddi4.o)
                              c:/program files (x86)/gnu arm embedded toolchain/10 2021.10/bin/../lib/gcc/arm-none-eabi/10.3.1/thumb/v7e-m+fp/hard\libgcc.a(_aeabi_uldivmod.o) (__udivmoddi4)
c:/program files (x86)/gnu arm embedded toolchain/10 2021.10/bin/../lib/gcc/arm-none-eabi/10.3.1/thumb/v7e-m+fp/hard\libgcc.a(_dvmd_tls.o)
                              c:/program files (x86)/gnu arm embedded toolchain/10 2021.10/bin/../lib/gcc/arm-none-eabi/10.3.1/thumb/v7e-m+fp/hard\libgcc.a(_aeabi_uldivmod.o) (__aeabi_ldiv0)

Discarded input sections

 .text          0x00000000        0x0 c:/program files (x86)/gnu arm embedded toolchain/10 2021.10/bin/../lib/gcc/arm-none-eabi/10.3.1/thumb/v7e-m+fp/hard/crti.o
 .data          0x00000000        0x0 c:/program files (x86)/gnu arm embedded toolchain/10 2021.10/bin/../lib/gcc/arm-none-eabi/10.3.1/thumb/v7e-m+fp/hard/crti.o
 .bss           0x00000000        0x0 c:/program files (x86)/gnu arm embedded toolchain/10 2021.10/bin/../lib/gcc/arm-none-eabi/10.3.1/thumb/v7e-m+fp/hard/crti.o
 .data          0x00000000        0x4 c:/program files (x86)/gnu arm embedded toolchain/10 2021.10/bin/../lib/gcc/arm-none-eabi/10.3.1/thumb/v7e-m+fp/hard/crtbegin.o
 .rodata        0x00000000       0x24 c:/program files (x86)/gnu arm embedded toolchain/10 2021.10/bin/../lib/gcc/arm-none-eabi/10.3.1/thumb/v7e-m+fp/hard/crtbegin.o
 .data          0x00000000        0x0 c:/program files (x86)/gnu arm embedded toolchain/10 2021.10/bin/../lib/gcc/arm-none-eabi/10.3.1/../../../../arm-none-eabi/lib/thumb/v7e-m+fp/hard/crt0.o
[...]
Memory Configuration

Name             Origin             Length             Attributes
FLASH            0x00027000         0x00059000         xr
RAM              0x20002ae8         0x0001d518         xrw
*default*        0x00000000         0xffffffff

Linker script and memory map


.text           0x00027000     0x3470
 *(.isr_vector)
 .isr_vector    0x00027000      0x200 ../build/debug/nrf52833_xxaa/gcc_startup_nrf52833.S.o
                0x00027000                __isr_vector
 *(.text*)
 .text          0x00027200       0x40 c:/program files (x86)/gnu arm embedded toolchain/10 2021.10/bin/../lib/gcc/arm-none-eabi/10.3.1/thumb/v7e-m+fp/hard/crtbegin.o
 .text          0x00027240       0x7c c:/program files (x86)/gnu arm embedded toolchain/10 2021.10/bin/../lib/gcc/arm-none-eabi/10.3.1/../../../../arm-none-eabi/lib/thumb/v7e-m+fp/hard/crt0.o
                0x00027240                _stack_init
                0x00027248                _start
                0x00027248                _mainCRTStartup
 .text.SAADC_IRQHandler
                0x000272bc      0x1b0 ../build/debug/nrf52833_xxaa/nrfx_saadc.c.o
                0x000272bc                SAADC_IRQHandler
 .text          0x0002746c       0x3c ../build/debug/nrf52833_xxaa/gcc_startup_nrf52833.S.o
                0x0002746c                Reset_Handler
                0x00027494                NMI_Handler
                0x00027496                HardFault_Handler
                0x00027498                MemoryManagement_Handler
                0x0002749a                BusFault_Handler
                0x0002749c                UsageFault_Handler
                0x0002749e                SVC_Handler
                0x000274a0                DebugMon_Handler
                0x000274a2                PendSV_Handler
                0x000274a4                SysTick_Handler
                0x000274a6                POWER_CLOCK_IRQHandler
                0x000274a6                RADIO_IRQHandler
                0x000274a6                PDM_IRQHandler
                0x000274a6                TEMP_IRQHandler
                0x000274a6                SWI0_EGU0_IRQHandler
                0x000274a6                TIMER3_IRQHandler
                0x000274a6                PWM3_IRQHandler
                0x000274a6                FPU_IRQHandler
                0x000274a6                USBD_IRQHandler
                0x000274a6                PWM1_IRQHandler
                0x000274a6                QDEC_IRQHandler
                0x000274a6                I2S_IRQHandler
                0x000274a6                RTC0_IRQHandler
                0x000274a6                TIMER0_IRQHandler
                0x000274a6                SWI2_EGU2_IRQHandler
                0x000274a6                UARTE1_IRQHandler
                0x000274a6                TIMER1_IRQHandler
                0x000274a6                SPIM3_IRQHandler
                0x000274a6                PWM2_IRQHandler
                0x000274a6                ECB_IRQHandler
                0x000274a6                SPIM1_SPIS1_TWIM1_TWIS1_SPI1_TWI1_IRQHandler
                0x000274a6                Default_Handler
                0x000274a6                CCM_AAR_IRQHandler
                0x000274a6                WDT_IRQHandler
                0x000274a6                TIMER4_IRQHandler
                0x000274a6                SWI5_EGU5_IRQHandler
                0x000274a6                RNG_IRQHandler
                0x000274a6                RTC2_IRQHandler
                0x000274a6                PWM0_IRQHandler
                0x000274a6                SWI3_EGU3_IRQHandler
                0x000274a6                SWI1_EGU1_IRQHandler
                0x000274a6                SPIM2_SPIS2_SPI2_IRQHandler
                0x000274a6                NFCT_IRQHandler
                0x000274a6                SWI4_EGU4_IRQHandler
                0x000274a6                MWU_IRQHandler
                0x000274a6                TIMER2_IRQHandler
                0x000274a6                COMP_LPCOMP_IRQHandler
 .text.nrf_log_backend_rtt_flush
                0x000274a8        0x2 ../build/debug/nrf52833_xxaa/nrf_log_backend_rtt.c.o
 .text.nrf_log_backend_rtt_panic_set
                0x000274aa        0x2 ../build/debug/nrf52833_xxaa/nrf_log_backend_rtt.c.o
 .text.nrf_log_backend_rtt_put
                0x000274ac       0x20 ../build/debug/nrf52833_xxaa/nrf_log_backend_rtt.c.o
 .text.serial_tx
                0x000274cc       0x50 ../build/debug/nrf52833_xxaa/nrf_log_backend_rtt.c.o
 .text.nrf_log_backend_serial_put
                0x0002751c       0xda ../build/debug/nrf52833_xxaa/nrf_log_backend_serial.c.o
                0x0002751c                nrf_log_backend_serial_put
 .text.invalid_packets_omit
                0x000275f6       0x40 ../build/debug/nrf52833_xxaa/nrf_log_frontend.c.o
 *fill*         0x00027636        0x2 
 .text.log_skip
                0x00027638       0xc8 ../build/debug/nrf52833_xxaa/nrf_log_frontend.c.o
 .text.nrf_log_module_cnt_get
                0x00027700       0x14 ../build/debug/nrf52833_xxaa/nrf_log_frontend.c.o
                0x00027700                nrf_log_module_cnt_get
 .text.module_idx_get
                0x00027714       0x34 ../build/debug/nrf52833_xxaa/nrf_log_frontend.c.o
 .text.nrf_log_module_name_get
                0x00027748       0x24 ../build/debug/nrf52833_xxaa/nrf_log_frontend.c.o
                0x00027748                nrf_log_module_name_get
 .text.nrf_log_color_id_get
                0x0002776c       0x2c ../build/debug/nrf52833_xxaa/nrf_log_frontend.c.o
                0x0002776c                nrf_log_color_id_get
 .text.log_pending_hook
                0x00027798        0x2 ../build/debug/nrf52833_xxaa/nrf_log_frontend.c.o
                0x00027798                log_pending_hook
 *fill*         0x0002779a        0x2 
 .text.buffer_is_empty
                0x0002779c       0x14 ../build/debug/nrf52833_xxaa/nrf_log_frontend.c.o
                0x0002779c                buffer_is_empty
 .text.nrf_log_frontend_dequeue
                0x000277b0      0x274 ../build/debug/nrf52833_xxaa/nrf_log_frontend.c.o
                0x000277b0                nrf_log_frontend_dequeue
 .text.nrf_log_frontend_std_0
                0x00027a24      0x100 ../build/debug/nrf52833_xxaa/nrf_log_frontend.c.o
                0x00027a24                nrf_log_frontend_std_0
 .text.nrf_log_frontend_std_1
                0x00027b24      0x124 ../build/debug/nrf52833_xxaa/nrf_log_frontend.c.o
                0x00027b24                nrf_log_frontend_std_1
 .text.nrf_log_frontend_std_2
                0x00027c48      0x12c ../build/debug/nrf52833_xxaa/nrf_log_frontend.c.o
                0x00027c48                nrf_log_frontend_std_2
 .text.nrf_log_frontend_std_5
                0x00027d74      0x138 ../build/debug/nrf52833_xxaa/nrf_log_frontend.c.o
                0x00027d74                nrf_log_frontend_std_5
 .text.nrf_log_panic
                0x00027eac       0x2c ../build/debug/nrf52833_xxaa/nrf_log_frontend.c.o
                0x00027eac                nrf_log_panic
 .text.prefix_process
                0x00027ed8       0x78 ../build/debug/nrf52833_xxaa/nrf_log_str_formatter.c.o
 .text.postfix_process
                0x00027f50       0x44 ../build/debug/nrf52833_xxaa/nrf_log_str_formatter.c.o
 .text.nrf_log_std_entry_process
                0x00027f94       0xc6 ../build/debug/nrf52833_xxaa/nrf_log_str_formatter.c.o
                0x00027f94                nrf_log_std_entry_process
 *fill*         0x0002805a        0x2 
 .text.nrf_log_hexdump_entry_process
                0x0002805c       0xac ../build/debug/nrf52833_xxaa/nrf_log_str_formatter.c.o
                0x0002805c                nrf_log_hexdump_entry_process
 .text.app_error_save_and_stop
                0x00028108       0x60 ../build/debug/nrf52833_xxaa/app_error.c.o
                0x00028108                app_error_save_and_stop
 .text.app_error_fault_handler
                0x00028168      0x110 ../build/debug/nrf52833_xxaa/app_error_weak.c.o
                0x00028168                app_error_fault_handler
 .text.privilege_level_get
                0x00028278       0x1e ../build/debug/nrf52833_xxaa/app_util_platform.c.o
                0x00028278                privilege_level_get
 *fill*         0x00028296        0x2 
 .text.app_util_critical_region_enter
                0x00028298       0x68 ../build/debug/nrf52833_xxaa/app_util_platform.c.o
                0x00028298                app_util_critical_region_enter
 .text.app_util_critical_region_exit
                0x00028300       0x48 ../build/debug/nrf52833_xxaa/app_util_platform.c.o
                0x00028300                app_util_critical_region_exit
 .text.RTC1_IRQHandler
                0x00028348       0x18 ../build/debug/nrf52833_xxaa/drv_rtc.c.o
                0x00028348                RTC1_IRQHandler
 .text.assert_nrf_callback
                0x00028360       0x1a ../build/debug/nrf52833_xxaa/nrf_assert.c.o
                0x00028360                assert_nrf_callback
 .text.nrf_atomic_u32_fetch_store
                0x0002837a       0x14 ../build/debug/nrf52833_xxaa/nrf_atomic.c.o
                0x0002837a                nrf_atomic_u32_fetch_store
 .text.nrf_atomic_u32_or
                0x0002838e       0x16 ../build/debug/nrf52833_xxaa/nrf_atomic.c.o
                0x0002838e                nrf_atomic_u32_or
 .text.nrf_atomic_u32_fetch_and
                0x000283a4       0x16 ../build/debug/nrf52833_xxaa/nrf_atomic.c.o
                0x000283a4                nrf_atomic_u32_fetch_and
 .text.nrf_atomic_u32_add
                0x000283ba       0x16 ../build/debug/nrf52833_xxaa/nrf_atomic.c.o
                0x000283ba                nrf_atomic_u32_add
 .text.nrf_atomic_u32_sub
                0x000283d0       0x16 ../build/debug/nrf52833_xxaa/nrf_atomic.c.o
                0x000283d0                nrf_atomic_u32_sub
 .text.nrf_atomic_flag_set
                0x000283e6        0xa ../build/debug/nrf52833_xxaa/nrf_atomic.c.o
                0x000283e6                nrf_atomic_flag_set
 .text.nrf_atomic_flag_clear_fetch
                0x000283f0        0xa ../build/debug/nrf52833_xxaa/nrf_atomic.c.o
                0x000283f0                nrf_atomic_flag_clear_fetch
 *fill*         0x000283fa        0x2 
 .text.nrf_balloc_idx2block
                0x000283fc       0x20 ../build/debug/nrf52833_xxaa/nrf_balloc.c.o
 .text.nrf_balloc_block2idx
                0x0002841c       0x24 ../build/debug/nrf52833_xxaa/nrf_balloc.c.o
 .text.nrf_balloc_alloc
                0x00028440       0x64 ../build/debug/nrf52833_xxaa/nrf_balloc.c.o
                0x00028440                nrf_balloc_alloc
 .text.nrf_balloc_free
                0x000284a4       0x54 ../build/debug/nrf52833_xxaa/nrf_balloc.c.o
                0x000284a4                nrf_balloc_free
 .text.nrf_fprintf_buffer_flush
                0x000284f8       0x28 ../build/debug/nrf52833_xxaa/nrf_fprintf.c.o
                0x000284f8                nrf_fprintf_buffer_flush
 .text.nrf_fprintf
                0x00028520       0x64 ../build/debug/nrf52833_xxaa/nrf_fprintf.c.o
                0x00028520                nrf_fprintf
 .text.buffer_add
                0x00028584       0x2e ../build/debug/nrf52833_xxaa/nrf_fprintf_format.c.o
 *fill*         0x000285b2        0x2 
 .text.unsigned_print
                0x000285b4       0xc0 ../build/debug/nrf52833_xxaa/nrf_fprintf_format.c.o
 .text.int_print
                0x00028674       0xc4 ../build/debug/nrf52833_xxaa/nrf_fprintf_format.c.o
 .text.string_print
                0x00028738       0x66 ../build/debug/nrf52833_xxaa/nrf_fprintf_format.c.o
 *fill*         0x0002879e        0x2 
 .text.nrf_fprintf_fmt
                0x000287a0      0x1e4 ../build/debug/nrf52833_xxaa/nrf_fprintf_format.c.o
                0x000287a0                nrf_fprintf_fmt
 .text.memobj_op
                0x00028984       0xb4 ../build/debug/nrf52833_xxaa/nrf_memobj.c.o
 .text.nrf_memobj_free
                0x00028a38       0x2e ../build/debug/nrf52833_xxaa/nrf_memobj.c.o
                0x00028a38                nrf_memobj_free
 .text.nrf_memobj_alloc
                0x00028a66       0x62 ../build/debug/nrf52833_xxaa/nrf_memobj.c.o
                0x00028a66                nrf_memobj_alloc
 .text.nrf_memobj_get
                0x00028ac8        0xc ../build/debug/nrf52833_xxaa/nrf_memobj.c.o
                0x00028ac8                nrf_memobj_get
 .text.nrf_memobj_put
                0x00028ad4       0x1c ../build/debug/nrf52833_xxaa/nrf_memobj.c.o
                0x00028ad4                nrf_memobj_put
 .text.nrf_memobj_write
                0x00028af0       0x2c ../build/debug/nrf52833_xxaa/nrf_memobj.c.o
                0x00028af0                nrf_memobj_write
 .text.nrf_memobj_read
                0x00028b1c       0x2c ../build/debug/nrf52833_xxaa/nrf_memobj.c.o
                0x00028b1c                nrf_memobj_read
 .text.nrf_strerror_find
                0x00028b48       0x40 ../build/debug/nrf52833_xxaa/nrf_strerror.c.o
                0x00028b48                nrf_strerror_find
 .text.nrf_strerror_get
                0x00028b88       0x14 ../build/debug/nrf52833_xxaa/nrf_strerror.c.o
                0x00028b88                nrf_strerror_get
 .text.nrf52_errata_36
                0x00028b9c       0x14 ../build/debug/nrf52833_xxaa/system_nrf52833.c.o
 .text.nrf52_errata_66
                0x00028bb0       0x14 ../build/debug/nrf52833_xxaa/system_nrf52833.c.o
 .text.nrf52_errata_136
                0x00028bc4       0x14 ../build/debug/nrf52833_xxaa/system_nrf52833.c.o
 .text.nrf52_errata_249
                0x00028bd8       0x20 ../build/debug/nrf52833_xxaa/system_nrf52833.c.o
 .text.nvmc_wait
                0x00028bf8       0x10 ../build/debug/nrf52833_xxaa/system_nrf52833.c.o
                0x00028bf8                nvmc_wait
 .text.nvmc_config
                0x00028c08       0x14 ../build/debug/nrf52833_xxaa/system_nrf52833.c.o
                0x00028c08                nvmc_config
 .text.SystemCoreClockUpdate
                0x00028c1c       0x10 ../build/debug/nrf52833_xxaa/system_nrf52833.c.o
                0x00028c1c                SystemCoreClockUpdate
 .text.SystemInit
                0x00028c2c      0x164 ../build/debug/nrf52833_xxaa/system_nrf52833.c.o
                0x00028c2c                SystemInit
 .text.bsp_board_buttons_init
                0x00028d90       0x68 ../build/debug/nrf52833_xxaa/boards.c.o
 .text.bsp_board_led_on
                0x00028df8       0x70 ../build/debug/nrf52833_xxaa/boards.c.o
                0x00028df8                bsp_board_led_on
 .text.bsp_board_led_off
                0x00028e68       0x70 ../build/debug/nrf52833_xxaa/boards.c.o
                0x00028e68                bsp_board_led_off
 .text.bsp_ledOneOn
                0x00028ed8        0xa ../build/debug/nrf52833_xxaa/boards.c.o
                0x00028ed8                bsp_ledOneOn
 .text.bsp_ledOneOff
                0x00028ee2        0xa ../build/debug/nrf52833_xxaa/boards.c.o
                0x00028ee2                bsp_ledOneOff
 .text.bsp_board_leds_off
                0x00028eec       0x14 ../build/debug/nrf52833_xxaa/boards.c.o
                0x00028eec                bsp_board_leds_off
 .text.bsp_board_leds_init
                0x00028f00       0x6c ../build/debug/nrf52833_xxaa/boards.c.o
 .text.bsp_board_init
                0x00028f6c       0x1e ../build/debug/nrf52833_xxaa/boards.c.o
                0x00028f6c                bsp_board_init
 *fill*         0x00028f8a        0x2 
 .text.port_handler_pin_get
                0x00028f8c       0x14 ../build/debug/nrf52833_xxaa/nrfx_gpiote.c.o
 .text.port_handler_polarity_get
                0x00028fa0       0x14 ../build/debug/nrf52833_xxaa/nrfx_gpiote.c.o
 .text.latch_pending_read_and_check
                0x00028fb4       0x50 ../build/debug/nrf52833_xxaa/nrfx_gpiote.c.o
 .text.port_event_handle
                0x00029004      0x188 ../build/debug/nrf52833_xxaa/nrfx_gpiote.c.o
 .text.GPIOTE_IRQHandler
                0x0002918c       0xe8 ../build/debug/nrf52833_xxaa/nrfx_gpiote.c.o
                0x0002918c                GPIOTE_IRQHandler
 .text.UARTE0_UART0_IRQHandler
                0x00029274       0x24 ../build/debug/nrf52833_xxaa/nrfx_prs.c.o
                0x00029274                UARTE0_UART0_IRQHandler
 .text._GetAvailWriteSpace
                0x00029298       0x18 ../build/debug/nrf52833_xxaa/SEGGER_RTT.c.o
 .text._WriteNoCheck
                0x000292b0       0x44 ../build/debug/nrf52833_xxaa/SEGGER_RTT.c.o
 .text._WriteBlocking
                0x000292f4       0x5e ../build/debug/nrf52833_xxaa/SEGGER_RTT.c.o
 *fill*         0x00029352        0x2 
 .text.SEGGER_RTT_WriteNoLock
                0x00029354       0x6c ../build/debug/nrf52833_xxaa/SEGGER_RTT.c.o
                0x00029354                SEGGER_RTT_WriteNoLock
 .text.twi_process_error
                0x000293c0       0x28 ../build/debug/nrf52833_xxaa/nrfx_twi.c.o
 .text.xfer_completeness_check
                0x000293e8       0x1c ../build/debug/nrf52833_xxaa/nrfx_twi.c.o
 .text.twi_send_byte
                0x00029404       0x3c ../build/debug/nrf52833_xxaa/nrfx_twi.c.o
 .text.twi_receive_byte
                0x00029440       0x62 ../build/debug/nrf52833_xxaa/nrfx_twi.c.o
 .text.twi_transfer
                0x000294a2      0x120 ../build/debug/nrf52833_xxaa/nrfx_twi.c.o
 *fill*         0x000295c2        0x2 
 .text.twi_tx_start_transfer
                0x000295c4       0xc4 ../build/debug/nrf52833_xxaa/nrfx_twi.c.o
 .text.twi_rx_start_transfer
                0x00029688       0xd4 ../build/debug/nrf52833_xxaa/nrfx_twi.c.o
 .text.twi_irq_handler
                0x0002975c       0xec ../build/debug/nrf52833_xxaa/nrfx_twi.c.o
 .text.SPIM0_SPIS0_TWIM0_TWIS0_SPI0_TWI0_IRQHandler
                0x00029848       0x14 ../build/debug/nrf52833_xxaa/nrfx_twi.c.o
                0x00029848                SPIM0_SPIS0_TWIM0_TWIS0_SPI0_TWI0_IRQHandler
 .text.main_blinky1
                0x0002985c       0x34 ../build/debug/nrf52833_xxaa/main.c.o
                0x0002985c                main_blinky1
 .text.main     0x00029890        0xc ../build/debug/nrf52833_xxaa/main.c.o
                0x00029890                main
 .text.exit     0x0002989c       0x28 c:/program files (x86)/gnu arm embedded toolchain/10 2021.10/bin/../lib/gcc/arm-none-eabi/10.3.1/../../../../arm-none-eabi/lib/thumb/v7e-m+fp/hard\libc_nano.a(lib_a-exit.o)
                0x0002989c                exit
 .text.__libc_init_array
                0x000298c4       0x48 c:/program files (x86)/gnu arm embedded toolchain/10 2021.10/bin/../lib/gcc/arm-none-eabi/10.3.1/../../../../arm-none-eabi/lib/thumb/v7e-m+fp/hard\libc_nano.a(lib_a-init.o)
                0x000298c4                __libc_init_array
 .text.memcpy   0x0002990c       0x1c c:/program files (x86)/gnu arm embedded toolchain/10 2021.10/bin/../lib/gcc/arm-none-eabi/10.3.1/../../../../arm-none-eabi/lib/thumb/v7e-m+fp/hard\libc_nano.a(lib_a-memcpy-stub.o)
                0x0002990c                memcpy
 .text.memset   0x00029928       0x10 c:/program files (x86)/gnu arm embedded toolchain/10 2021.10/bin/../lib/gcc/arm-none-eabi/10.3.1/../../../../arm-none-eabi/lib/thumb/v7e-m+fp/hard\libc_nano.a(lib_a-memset.o)
                0x00029928                memset
 .text          0x00029938       0x10 c:/program files (x86)/gnu arm embedded toolchain/10 2021.10/bin/../lib/gcc/arm-none-eabi/10.3.1/../../../../arm-none-eabi/lib/thumb/v7e-m+fp/hard\libc_nano.a(lib_a-strlen.o)
                0x00029938                strlen
 .text._exit    0x00029948        0x4 c:/program files (x86)/gnu arm embedded toolchain/10 2021.10/bin/../lib/gcc/arm-none-eabi/10.3.1/../../../../arm-none-eabi/lib/thumb/v7e-m+fp/hard\libnosys.a(_exit.o)
                0x00029948                _exit
 *(.init)
 .init          0x0002994c        0x4 c:/program files (x86)/gnu arm embedded toolchain/10 2021.10/bin/../lib/gcc/arm-none-eabi/10.3.1/thumb/v7e-m+fp/hard/crti.o
                0x0002994c                _init
 .init          0x00029950        0x8 c:/program files (x86)/gnu arm embedded toolchain/10 2021.10/bin/../lib/gcc/arm-none-eabi/10.3.1/thumb/v7e-m+fp/hard/crtn.o
 *(.fini)
 .fini          0x00029958        0x4 c:/program files (x86)/gnu arm embedded toolchain/10 2021.10/bin/../lib/gcc/arm-none-eabi/10.3.1/thumb/v7e-m+fp/hard/crti.o
                0x00029958                _fini
 .fini          0x0002995c        0x8 c:/program files (x86)/gnu arm embedded toolchain/10 2021.10/bin/../lib/gcc/arm-none-eabi/10.3.1/thumb/v7e-m+fp/hard/crtn.o
 *crtbegin.o(.ctors)
 *crtbegin?.o(.ctors)
 *(EXCLUDE_FILE(*crtend.o *crtend?.o) .ctors)
 *(SORT_BY_NAME(.ctors.*))
 *(.ctors)
 *crtbegin.o(.dtors)
 *crtbegin?.o(.dtors)
 *(EXCLUDE_FILE(*crtend.o *crtend?.o) .dtors)
 *(SORT_BY_NAME(.dtors.*))
 *(.dtors)
 *(.rodata*)
 .rodata.str1.4
                0x00029964        0x6 ../build/debug/nrf52833_xxaa/nrfx_saadc.c.o
 *fill*         0x0002996a        0x6 
 .rodata.delay_machine_code.0
                0x00029970        0x6 ../build/debug/nrf52833_xxaa/nrf_log_backend_rtt.c.o
 *fill*         0x00029976        0x2 
 .rodata.nrf_log_backend_rtt_api
                0x00029978        0xc ../build/debug/nrf52833_xxaa/nrf_log_backend_rtt.c.o
                0x00029978                nrf_log_backend_rtt_api
 .rodata.str1.4
                0x00029984       0x10 ../build/debug/nrf52833_xxaa/nrf_log_default_backends.c.o
 .rodata.log_skip.str1.4
                0x00029994       0x4b ../build/debug/nrf52833_xxaa/nrf_log_frontend.c.o
 *fill*         0x000299df        0x1 
 .rodata.nrf_log_frontend_dequeue.str1.4
                0x000299e0       0x11 ../build/debug/nrf52833_xxaa/nrf_log_frontend.c.o
 *fill*         0x000299f1        0x3 
 .rodata.str1.4
                0x000299f4        0x4 ../build/debug/nrf52833_xxaa/nrf_log_frontend.c.o
 .rodata.prefix_process.str1.4
                0x000299f8       0x36 ../build/debug/nrf52833_xxaa/nrf_log_str_formatter.c.o
 *fill*         0x00029a2e        0x2 
 .rodata.postfix_process.str1.4
                0x00029a30        0x3 ../build/debug/nrf52833_xxaa/nrf_log_str_formatter.c.o
 *fill*         0x00029a33        0x1 
 .rodata.nrf_log_hexdump_entry_process.str1.4
                0x00029a34       0x13 ../build/debug/nrf52833_xxaa/nrf_log_str_formatter.c.o
                                 0x16 (size before relaxing)
 *fill*         0x00029a47        0x1 
 .rodata.str1.4
                0x00029a48       0x56 ../build/debug/nrf52833_xxaa/nrf_log_str_formatter.c.o
 *fill*         0x00029a9e        0x2 
 .rodata.m_colors
                0x00029aa0       0x24 ../build/debug/nrf52833_xxaa/nrf_log_str_formatter.c.o
 .rodata.severity_names
                0x00029ac4       0x14 ../build/debug/nrf52833_xxaa/nrf_log_str_formatter.c.o
 .rodata.str1.4
                0x00029ad8        0xb ../build/debug/nrf52833_xxaa/app_button.c.o
 *fill*         0x00029ae3        0x1 
 .rodata.app_error_fault_handler.str1.4
                0x00029ae4       0xb4 ../build/debug/nrf52833_xxaa/app_error_weak.c.o
 .rodata.str1.4
                0x00029b98        0xa ../build/debug/nrf52833_xxaa/app_timer2.c.o
 *fill*         0x00029ba2        0x2 
 .rodata.app_util_critical_region_enter.str1.4
                0x00029ba4       0x49 ../build/debug/nrf52833_xxaa/app_util_platform.c.o
 *fill*         0x00029bed        0x3 
 .rodata.nrf_balloc_idx2block.str1.4
                0x00029bf0       0x44 ../build/debug/nrf52833_xxaa/nrf_balloc.c.o
 .rodata.nrf_fprintf_buffer_flush.str1.4
                0x00029c34       0x3a ../build/debug/nrf52833_xxaa/nrf_fprintf.c.o
 *fill*         0x00029c6e        0x2 
 .rodata.nrf_fprintf_fmt.str1.4
                0x00029c70       0x41 ../build/debug/nrf52833_xxaa/nrf_fprintf_format.c.o
 *fill*         0x00029cb1        0x3 
 .rodata._aV2C.0
                0x00029cb4       0x10 ../build/debug/nrf52833_xxaa/nrf_fprintf_format.c.o
 .rodata.memobj_op.str1.4
                0x00029cc4       0x44 ../build/debug/nrf52833_xxaa/nrf_memobj.c.o
 .rodata.str1.4
                0x00029d08        0x9 ../build/debug/nrf52833_xxaa/nrf_sortlist.c.o
 *fill*         0x00029d11        0x3 
 .rodata.str1.4
                0x00029d14      0x3e9 ../build/debug/nrf52833_xxaa/nrf_strerror.c.o
 *fill*         0x0002a0fd        0x3 
 .rodata.m_unknown_str
                0x0002a100       0x13 ../build/debug/nrf52833_xxaa/nrf_strerror.c.o
 *fill*         0x0002a113        0x1 
 .rodata.nrf_strerror_array
                0x0002a114      0x128 ../build/debug/nrf52833_xxaa/nrf_strerror.c.o
 .rodata.bsp_board_buttons_init.str1.4
                0x0002a23c       0x37 ../build/debug/nrf52833_xxaa/boards.c.o
 *fill*         0x0002a273        0x1 
 .rodata.bsp_board_led_state_get.str1.4
                0x0002a274       0x36 ../build/debug/nrf52833_xxaa/boards.c.o
 *fill*         0x0002a2aa        0x2 
 .rodata.m_board_btn_list
                0x0002a2ac        0x4 ../build/debug/nrf52833_xxaa/boards.c.o
 .rodata.m_board_led_list
                0x0002a2b0        0x4 ../build/debug/nrf52833_xxaa/boards.c.o
 .rodata.port_event_handle.str1.4
                0x0002a2b4       0x37 ../build/debug/nrf52833_xxaa/nrfx_gpiote.c.o
 .rodata.str1.4
                0x0002a2b4        0x7 ../build/debug/nrf52833_xxaa/nrfx_gpiote.c.o
 *fill*         0x0002a2bb        0x1 
 .rodata        0x0002a2bc        0x8 ../build/debug/nrf52833_xxaa/nrfx_gpiote.c.o
 .rodata.UARTE0_UART0_IRQHandler.str1.4
                0x0002a2c4       0x43 ../build/debug/nrf52833_xxaa/nrfx_prs.c.o
 *fill*         0x0002a307        0x1 
 .rodata.str1.4
                0x0002a308        0x4 ../build/debug/nrf52833_xxaa/nrfx_prs.c.o
 .rodata.str1.4
                0x0002a30c        0x5 ../build/debug/nrf52833_xxaa/nrfx_uart.c.o
 *fill*         0x0002a311        0x3 
 .rodata.str1.4
                0x0002a314        0x6 ../build/debug/nrf52833_xxaa/nrfx_uarte.c.o
 *fill*         0x0002a31a        0x2 
 .rodata.twi_irq_handler.str1.4
                0x0002a31c       0x3f ../build/debug/nrf52833_xxaa/nrfx_twi.c.o
 *fill*         0x0002a35b        0x1 
 .rodata.str1.4
                0x0002a35c        0x4 ../build/debug/nrf52833_xxaa/nrfx_twi.c.o
 .rodata.delay_machine_code.0
                0x0002a360        0x6 ../build/debug/nrf52833_xxaa/main.c.o
 .rodata._ctype_
                0x0002a366      0x101 c:/program files (x86)/gnu arm embedded toolchain/10 2021.10/bin/../lib/gcc/arm-none-eabi/10.3.1/../../../../arm-none-eabi/lib/thumb/v7e-m+fp/hard\libc_nano.a(lib_a-ctype_.o)
                0x0002a366                _ctype_
 *fill*         0x0002a467        0x1 
 .rodata._global_impure_ptr
                0x0002a468        0x4 c:/program files (x86)/gnu arm embedded toolchain/10 2021.10/bin/../lib/gcc/arm-none-eabi/10.3.1/../../../../arm-none-eabi/lib/thumb/v7e-m+fp/hard\libc_nano.a(lib_a-impure.o)
                0x0002a468                _global_impure_ptr
 *(.eh_frame*)
 .eh_frame      0x0002a46c        0x0 c:/program files (x86)/gnu arm embedded toolchain/10 2021.10/bin/../lib/gcc/arm-none-eabi/10.3.1/thumb/v7e-m+fp/hard/crtbegin.o
 .eh_frame      0x0002a46c        0x4 c:/program files (x86)/gnu arm embedded toolchain/10 2021.10/bin/../lib/gcc/arm-none-eabi/10.3.1/thumb/v7e-m+fp/hard/crtend.o

.glue_7         0x0002a470        0x0
 .glue_7        0x0002a470        0x0 linker stubs

.glue_7t        0x0002a470        0x0
 .glue_7t       0x0002a470        0x0 linker stubs

.vfp11_veneer   0x0002a470        0x0
 .vfp11_veneer  0x0002a470        0x0 linker stubs

.v4_bx          0x0002a470        0x0
 .v4_bx         0x0002a470        0x0 linker stubs

.iplt           0x0002a470        0x0
 .iplt          0x0002a470        0x0 c:/program files (x86)/gnu arm embedded toolchain/10 2021.10/bin/../lib/gcc/arm-none-eabi/10.3.1/thumb/v7e-m+fp/hard/crtbegin.o

.mem_section_dummy_rom

.sdh_soc_observers
                0x0002a470        0x0
                [!provide]                PROVIDE (__start_sdh_soc_observers = .)
 *(SORT_BY_NAME(.sdh_soc_observers*))
                [!provide]                PROVIDE (__stop_sdh_soc_observers = .)

.sdh_ble_observers
                0x0002a470        0x0
                [!provide]                PROVIDE (__start_sdh_ble_observers = .)
 *(SORT_BY_NAME(.sdh_ble_observers*))
                [!provide]                PROVIDE (__stop_sdh_ble_observers = .)

.pwr_mgmt_data  0x0002a470        0x0
                [!provide]                PROVIDE (__start_pwr_mgmt_data = .)
 *(SORT_BY_NAME(.pwr_mgmt_data*))
                [!provide]                PROVIDE (__stop_pwr_mgmt_data = .)

.sdh_req_observers
                0x0002a470        0x0
                [!provide]                PROVIDE (__start_sdh_req_observers = .)
 *(SORT_BY_NAME(.sdh_req_observers*))
                [!provide]                PROVIDE (__stop_sdh_req_observers = .)

.sdh_state_observers
                0x0002a470        0x0
                [!provide]                PROVIDE (__start_sdh_state_observers = .)
 *(SORT_BY_NAME(.sdh_state_observers*))
                [!provide]                PROVIDE (__stop_sdh_state_observers = .)

.sdh_stack_observers
                0x0002a470        0x0
                [!provide]                PROVIDE (__start_sdh_stack_observers = .)
 *(SORT_BY_NAME(.sdh_stack_observers*))
                [!provide]                PROVIDE (__stop_sdh_stack_observers = .)

.nrf_queue      0x0002a470        0x0
                [!provide]                PROVIDE (__start_nrf_queue = .)
 *(.nrf_queue)
                [!provide]                PROVIDE (__stop_nrf_queue = .)

.nrf_balloc     0x0002a470       0x14
                [!provide]                PROVIDE (__start_nrf_balloc = .)
 *(.nrf_balloc)
 .nrf_balloc    0x0002a470       0x14 ../build/debug/nrf52833_xxaa/nrf_log_frontend.c.o
                0x0002a470                log_mempool
                [!provide]                PROVIDE (__stop_nrf_balloc = .)

.cli_command    0x0002a484        0x0
                [!provide]                PROVIDE (__start_cli_command = .)
 *(.cli_command)
                [!provide]                PROVIDE (__stop_cli_command = .)

.crypto_data    0x0002a484        0x0
                [!provide]                PROVIDE (__start_crypto_data = .)
 *(SORT_BY_NAME(.crypto_data*))
                [!provide]                PROVIDE (__stop_crypto_data = .)

.log_const_data
                0x0002a484       0x50
                0x0002a484                PROVIDE (__start_log_const_data = .)
 *(SORT_BY_NAME(.log_const_data*))
 .log_const_data_GPIOTE
                0x0002a484        0x8 ../build/debug/nrf52833_xxaa/nrfx_gpiote.c.o
                0x0002a484                m_nrf_log_GPIOTE_logs_data_const
 .log_const_data_PRS
                0x0002a48c        0x8 ../build/debug/nrf52833_xxaa/nrfx_prs.c.o
                0x0002a48c                m_nrf_log_PRS_logs_data_const
 .log_const_data_SAADC
                0x0002a494        0x8 ../build/debug/nrf52833_xxaa/nrfx_saadc.c.o
                0x0002a494                m_nrf_log_SAADC_logs_data_const
 .log_const_data_TWI
                0x0002a49c        0x8 ../build/debug/nrf52833_xxaa/nrfx_twi.c.o
                0x0002a49c                m_nrf_log_TWI_logs_data_const
 .log_const_data_UART
                0x0002a4a4        0x8 ../build/debug/nrf52833_xxaa/nrfx_uart.c.o
                0x0002a4a4                m_nrf_log_UART_logs_data_const
 .log_const_data_UARTE
                0x0002a4ac        0x8 ../build/debug/nrf52833_xxaa/nrfx_uarte.c.o
                0x0002a4ac                m_nrf_log_UARTE_logs_data_const
 .log_const_data_app
                0x0002a4b4        0x8 ../build/debug/nrf52833_xxaa/nrf_log_frontend.c.o
                0x0002a4b4                m_nrf_log_app_logs_data_const
 .log_const_data_app_button
                0x0002a4bc        0x8 ../build/debug/nrf52833_xxaa/app_button.c.o
                0x0002a4bc                m_nrf_log_app_button_logs_data_const
 .log_const_data_app_timer
                0x0002a4c4        0x8 ../build/debug/nrf52833_xxaa/app_timer2.c.o
                0x0002a4c4                m_nrf_log_app_timer_logs_data_const
 .log_const_data_sortlist
                0x0002a4cc        0x8 ../build/debug/nrf52833_xxaa/nrf_sortlist.c.o
                0x0002a4cc                m_nrf_log_sortlist_logs_data_const
                0x0002a4d4                PROVIDE (__stop_log_const_data = .)

.log_backends   0x0002a4d4       0x10
                [!provide]                PROVIDE (__start_log_backends = .)
 *(SORT_BY_NAME(.log_backends*))
 .log_backends  0x0002a4d4       0x10 ../build/debug/nrf52833_xxaa/nrf_log_default_backends.c.o
                [!provide]                PROVIDE (__stop_log_backends = .)

.ARM.extab
 *(.ARM.extab* .gnu.linkonce.armextab.*)
                0x0002a4e4                __exidx_start = .

.ARM.exidx      0x0002a4e4        0x8
 *(.ARM.exidx* .gnu.linkonce.armexidx.*)
 .ARM.exidx     0x0002a4e4        0x8 c:/program files (x86)/gnu arm embedded toolchain/10 2021.10/bin/../lib/gcc/arm-none-eabi/10.3.1/../../../../arm-none-eabi/lib/thumb/v7e-m+fp/hard/crt0.o
                                 0x10 (size before relaxing)
                0x0002a4ec                __exidx_end = .

.rel.dyn        0x0002a4ec        0x0
 .rel.iplt      0x0002a4ec        0x0 c:/program files (x86)/gnu arm embedded toolchain/10 2021.10/bin/../lib/gcc/arm-none-eabi/10.3.1/thumb/v7e-m+fp/hard/crtbegin.o
                0x0002a4ec                . = ALIGN (0x4)
                0x0002a4ec                __etext = .

.data           0x20002ae8       0x74 load address 0x0002a4ec
                0x20002ae8                __data_start__ = .
 *(vtable)
 *(.data*)
 .data.log_backend_cb_rtt_log_backend
                0x20002ae8        0x8 ../build/debug/nrf52833_xxaa/nrf_log_default_backends.c.o
 .data.SystemCoreClock
                0x20002af0        0x4 ../build/debug/nrf52833_xxaa/system_nrf52833.c.o
                0x20002af0                SystemCoreClock
 .data.impure_data
                0x20002af4       0x60 c:/program files (x86)/gnu arm embedded toolchain/10 2021.10/bin/../lib/gcc/arm-none-eabi/10.3.1/../../../../arm-none-eabi/lib/thumb/v7e-m+fp/hard\libc_nano.a(lib_a-impure.o)
                0x20002b54                . = ALIGN (0x4)
                0x20002b54                PROVIDE (__preinit_array_start = .)
 *(.preinit_array)
                0x20002b54                PROVIDE (__preinit_array_end = .)
                0x20002b54                . = ALIGN (0x4)
                0x20002b54                PROVIDE (__init_array_start = .)
 *(SORT_BY_NAME(.init_array.*))
 *(.init_array)
 .init_array    0x20002b54        0x4 c:/program files (x86)/gnu arm embedded toolchain/10 2021.10/bin/../lib/gcc/arm-none-eabi/10.3.1/thumb/v7e-m+fp/hard/crtbegin.o
                0x20002b58                PROVIDE (__init_array_end = .)
                0x20002b58                . = ALIGN (0x4)
                [!provide]                PROVIDE (__fini_array_start = .)
 *(SORT_BY_NAME(.fini_array.*))
 *(.fini_array)
 .fini_array    0x20002b58        0x4 c:/program files (x86)/gnu arm embedded toolchain/10 2021.10/bin/../lib/gcc/arm-none-eabi/10.3.1/thumb/v7e-m+fp/hard/crtbegin.o
                [!provide]                PROVIDE (__fini_array_end = .)
 *(.jcr*)
                0x20002b5c                . = ALIGN (0x4)
                0x20002b5c                __data_end__ = .
LOAD c:/program files (x86)/gnu arm embedded toolchain/10 2021.10/bin/../lib/gcc/arm-none-eabi/10.3.1/thumb/v7e-m+fp/hard/crti.o
LOAD c:/program files (x86)/gnu arm embedded toolchain/10 2021.10/bin/../lib/gcc/arm-none-eabi/10.3.1/thumb/v7e-m+fp/hard/crtbegin.o
LOAD c:/program files (x86)/gnu arm embedded toolchain/10 2021.10/bin/../lib/gcc/arm-none-eabi/10.3.1/../../../../arm-none-eabi/lib/thumb/v7e-m+fp/hard/crt0.o
LOAD ../build/debug/nrf52833_xxaa/nrfx_saadc.c.o
LOAD ../build/debug/nrf52833_xxaa/gcc_startup_nrf52833.S.o
LOAD ../build/debug/nrf52833_xxaa/nrf_log_backend_rtt.c.o
LOAD ../build/debug/nrf52833_xxaa/nrf_log_backend_serial.c.o
LOAD ../build/debug/nrf52833_xxaa/nrf_log_default_backends.c.o
LOAD ../build/debug/nrf52833_xxaa/nrf_log_frontend.c.o
LOAD ../build/debug/nrf52833_xxaa/nrf_log_str_formatter.c.o
LOAD ../build/debug/nrf52833_xxaa/app_button.c.o
LOAD ../build/debug/nrf52833_xxaa/app_error.c.o
LOAD ../build/debug/nrf52833_xxaa/app_error_handler_gcc.c.o
LOAD ../build/debug/nrf52833_xxaa/app_error_weak.c.o
LOAD ../build/debug/nrf52833_xxaa/app_fifo.c.o
LOAD ../build/debug/nrf52833_xxaa/app_scheduler.c.o
LOAD ../build/debug/nrf52833_xxaa/app_timer2.c.o
LOAD ../build/debug/nrf52833_xxaa/app_uart_fifo.c.o
LOAD ../build/debug/nrf52833_xxaa/app_util_platform.c.o
LOAD ../build/debug/nrf52833_xxaa/drv_rtc.c.o
LOAD ../build/debug/nrf52833_xxaa/hardfault_implementation.c.o
LOAD ../build/debug/nrf52833_xxaa/nrf_assert.c.o
LOAD ../build/debug/nrf52833_xxaa/nrf_atfifo.c.o
LOAD ../build/debug/nrf52833_xxaa/nrf_atflags.c.o
LOAD ../build/debug/nrf52833_xxaa/nrf_atomic.c.o
LOAD ../build/debug/nrf52833_xxaa/nrf_balloc.c.o
LOAD ../build/debug/nrf52833_xxaa/nrf_fprintf.c.o
LOAD ../build/debug/nrf52833_xxaa/nrf_fprintf_format.c.o
LOAD ../build/debug/nrf52833_xxaa/nrf_memobj.c.o
LOAD ../build/debug/nrf52833_xxaa/nrf_ringbuf.c.o
LOAD ../build/debug/nrf52833_xxaa/nrf_section_iter.c.o
LOAD ../build/debug/nrf52833_xxaa/nrf_sortlist.c.o
LOAD ../build/debug/nrf52833_xxaa/nrf_strerror.c.o
LOAD ../build/debug/nrf52833_xxaa/retarget.c.o
LOAD ../build/debug/nrf52833_xxaa/system_nrf52833.c.o
LOAD ../build/debug/nrf52833_xxaa/boards.c.o
LOAD ../build/debug/nrf52833_xxaa/nrf_drv_uart.c.o
LOAD ../build/debug/nrf52833_xxaa/nrfx_atomic.c.o
LOAD ../build/debug/nrf52833_xxaa/nrfx_gpiote.c.o
LOAD ../build/debug/nrf52833_xxaa/nrfx_prs.c.o
LOAD ../build/debug/nrf52833_xxaa/nrfx_uart.c.o
LOAD ../build/debug/nrf52833_xxaa/nrfx_uarte.c.o
LOAD ../build/debug/nrf52833_xxaa/bsp.c.o
LOAD ../build/debug/nrf52833_xxaa/SEGGER_RTT.c.o
LOAD ../build/debug/nrf52833_xxaa/SEGGER_RTT_Syscalls_GCC.c.o
LOAD ../build/debug/nrf52833_xxaa/SEGGER_RTT_printf.c.o
LOAD ../build/debug/nrf52833_xxaa/utf.c.o
LOAD ../build/debug/nrf52833_xxaa/nrf_log_backend_uart.c.o
LOAD ../build/debug/nrf52833_xxaa/nrf_drv_twi.c.o
LOAD ../build/debug/nrf52833_xxaa/nrfx_twi.c.o
LOAD ../build/debug/nrf52833_xxaa/nrfx_twim.c.o
LOAD ../build/debug/nrf52833_xxaa/main.c.o
LOAD c:/program files (x86)/gnu arm embedded toolchain/10 2021.10/bin/../lib/gcc/arm-none-eabi/10.3.1/../../../../arm-none-eabi/lib/thumb/v7e-m+fp/hard\libc_nano.a
LOAD c:/program files (x86)/gnu arm embedded toolchain/10 2021.10/bin/../lib/gcc/arm-none-eabi/10.3.1/../../../../arm-none-eabi/lib/thumb/v7e-m+fp/hard\libnosys.a
LOAD c:/program files (x86)/gnu arm embedded toolchain/10 2021.10/bin/../lib/gcc/arm-none-eabi/10.3.1/../../../../arm-none-eabi/lib/thumb/v7e-m+fp/hard\libm.a
START GROUP
LOAD c:/program files (x86)/gnu arm embedded toolchain/10 2021.10/bin/../lib/gcc/arm-none-eabi/10.3.1/thumb/v7e-m+fp/hard\libgcc.a
LOAD c:/program files (x86)/gnu arm embedded toolchain/10 2021.10/bin/../lib/gcc/arm-none-eabi/10.3.1/../../../../arm-none-eabi/lib/thumb/v7e-m+fp/hard\libg_nano.a
LOAD c:/program files (x86)/gnu arm embedded toolchain/10 2021.10/bin/../lib/gcc/arm-none-eabi/10.3.1/../../../../arm-none-eabi/lib/thumb/v7e-m+fp/hard\libc_nano.a
END GROUP
START GROUP
LOAD c:/program files (x86)/gnu arm embedded toolchain/10 2021.10/bin/../lib/gcc/arm-none-eabi/10.3.1/thumb/v7e-m+fp/hard\libgcc.a
LOAD c:/program files (x86)/gnu arm embedded toolchain/10 2021.10/bin/../lib/gcc/arm-none-eabi/10.3.1/../../../../arm-none-eabi/lib/thumb/v7e-m+fp/hard\libc_nano.a
END GROUP
LOAD c:/program files (x86)/gnu arm embedded toolchain/10 2021.10/bin/../lib/gcc/arm-none-eabi/10.3.1/thumb/v7e-m+fp/hard/crtend.o
LOAD c:/program files (x86)/gnu arm embedded toolchain/10 2021.10/bin/../lib/gcc/arm-none-eabi/10.3.1/thumb/v7e-m+fp/hard/crtn.o
START GROUP
LOAD c:/program files (x86)/gnu arm embedded toolchain/10 2021.10/bin/../lib/gcc/arm-none-eabi/10.3.1/thumb/v7e-m+fp/hard\libgcc.a
LOAD c:/program files (x86)/gnu arm embedded toolchain/10 2021.10/bin/../lib/gcc/arm-none-eabi/10.3.1/../../../../arm-none-eabi/lib/thumb/v7e-m+fp/hard\libc.a
LOAD c:/program files (x86)/gnu arm embedded toolchain/10 2021.10/bin/../lib/gcc/arm-none-eabi/10.3.1/../../../../arm-none-eabi/lib/thumb/v7e-m+fp/hard\libnosys.a
END GROUP

.igot.plt       0x20002b5c        0x0 load address 0x0002a560
 .igot.plt      0x20002b5c        0x0 c:/program files (x86)/gnu arm embedded toolchain/10 2021.10/bin/../lib/gcc/arm-none-eabi/10.3.1/thumb/v7e-m+fp/hard/crtbegin.o
                0x20002b5c                . = ALIGN (0x4)

.mem_section_dummy_ram

.cli_sorted_cmd_ptrs
                0x20002b5c        0x0
                [!provide]                PROVIDE (__start_cli_sorted_cmd_ptrs = .)
 *(.cli_sorted_cmd_ptrs)
                [!provide]                PROVIDE (__stop_cli_sorted_cmd_ptrs = .)

.fs_data        0x20002b5c        0x0
                [!provide]                PROVIDE (__start_fs_data = .)
 *(.fs_data)
                [!provide]                PROVIDE (__stop_fs_data = .)

.log_dynamic_data
                0x20002b5c        0x0
                0x20002b5c                PROVIDE (__start_log_dynamic_data = .)
 *(SORT_BY_NAME(.log_dynamic_data*))
                [!provide]                PROVIDE (__stop_log_dynamic_data = .)

.log_filter_data
                0x20002b5c        0x0
                [!provide]                PROVIDE (__start_log_filter_data = .)
 *(SORT_BY_NAME(.log_filter_data*))
                [!provide]                PROVIDE (__stop_log_filter_data = .)

.bss            0x20002b5c      0x6dc load address 0x0002a560
                0x20002b5c                . = ALIGN (0x4)
                0x20002b5c                __bss_start__ = .
 *(.bss*)
 .bss           0x20002b5c       0x1c c:/program files (x86)/gnu arm embedded toolchain/10 2021.10/bin/../lib/gcc/arm-none-eabi/10.3.1/thumb/v7e-m+fp/hard/crtbegin.o
 .bss.m_cb      0x20002b78       0x30 ../build/debug/nrf52833_xxaa/nrfx_saadc.c.o
 .bss.m_host_present
                0x20002ba8        0x1 ../build/debug/nrf52833_xxaa/nrf_log_backend_rtt.c.o
 *fill*         0x20002ba9        0x3 
 .bss.m_string_buff
                0x20002bac       0x40 ../build/debug/nrf52833_xxaa/nrf_log_backend_rtt.c.o
 .bss.log_mempool_nrf_balloc_cb
                0x20002bec        0x8 ../build/debug/nrf52833_xxaa/nrf_log_frontend.c.o
 .bss.log_mempool_nrf_balloc_pool_mem
                0x20002bf4       0xc0 ../build/debug/nrf52833_xxaa/nrf_log_frontend.c.o
 .bss.log_mempool_nrf_balloc_pool_stack
                0x20002cb4        0x8 ../build/debug/nrf52833_xxaa/nrf_log_frontend.c.o
 .bss.m_log_data
                0x20002cbc      0x420 ../build/debug/nrf52833_xxaa/nrf_log_frontend.c.o
 .bss.m_error_data.0
                0x200030dc       0x20 ../build/debug/nrf52833_xxaa/app_error.c.o
 .bss.nrf_nvic_state
                0x200030fc        0xc ../build/debug/nrf52833_xxaa/app_util_platform.c.o
                0x200030fc                nrf_nvic_state
 .bss.m_cb      0x20003108        0x8 ../build/debug/nrf52833_xxaa/drv_rtc.c.o
 .bss.m_handlers
                0x20003110        0x4 ../build/debug/nrf52833_xxaa/drv_rtc.c.o
 .bss.m_cb      0x20003114       0x68 ../build/debug/nrf52833_xxaa/nrfx_gpiote.c.o
 .bss.m_prs_box_4
                0x2000317c        0x8 ../build/debug/nrf52833_xxaa/nrfx_prs.c.o
 .bss._SEGGER_RTT
                0x20003184       0x78 ../build/debug/nrf52833_xxaa/SEGGER_RTT.c.o
                0x20003184                _SEGGER_RTT
 .bss.m_cb      0x200031fc       0x3c ../build/debug/nrf52833_xxaa/nrfx_twi.c.o
 *(COMMON)
                0x20003238                . = ALIGN (0x4)
                0x20003238                __bss_end__ = .

.heap           0x20003238      0x800
                0x20003238                __HeapBase = .
                0x20003238                __end__ = .
                [!provide]                PROVIDE (end = .)
 *(.heap*)
 .heap          0x20003238      0x800 ../build/debug/nrf52833_xxaa/gcc_startup_nrf52833.S.o
                0x20003a38                __HeapLimit = .

.stack_dummy    0x20003238      0x800
 *(.stack*)
 .stack         0x20003238      0x800 ../build/debug/nrf52833_xxaa/gcc_startup_nrf52833.S.o
                0x20020000                __StackTop = (ORIGIN (RAM) + LENGTH (RAM))
                0x2001f800                __StackLimit = (__StackTop - SIZEOF (.stack_dummy))
                0x20020000                PROVIDE (__stack = __StackTop)
                0x00000001                ASSERT ((__StackLimit >= __HeapLimit), region RAM overflowed with stack)
                0x00000074                DataInitFlashUsed = (__bss_start__ - __data_start__)
                0x000034ec                CodeFlashUsed = (__etext - ORIGIN (FLASH))
                0x00003560                TotalFlashUsed = (CodeFlashUsed + DataInitFlashUsed)
                0x00000001                ASSERT ((TotalFlashUsed <= LENGTH (FLASH)), region FLASH overflowed with .data and user data)
OUTPUT(../build/debug/nrf52833_xxaa.out elf32-littlearm)
LOAD linker stubs

.ARM.attributes
                0x00000000       0x30
 .ARM.attributes
                0x00000000       0x1e c:/program files (x86)/gnu arm embedded toolchain/10 2021.10/bin/../lib/gcc/arm-none-eabi/10.3.1/thumb/v7e-m+fp/hard/crti.o
 .ARM.attributes
                0x0000001e       0x34 c:/program files (x86)/gnu arm embedded toolchain/10 2021.10/bin/../lib/gcc/arm-none-eabi/10.3.1/thumb/v7e-m+fp/hard/crtbegin.o
 .ARM.attributes
                0x00000052       0x1c c:/program files (x86)/gnu arm embedded toolchain/10 2021.10/bin/../lib/gcc/arm-none-eabi/10.3.1/../../../../arm-none-eabi/lib/thumb/v7e-m+fp/hard/crt0.o
 .ARM.attributes
                0x0000006e       0x34 ../build/debug/nrf52833_xxaa/nrfx_saadc.c.o
 .ARM.attributes
                0x000000a2       0x20 ../build/debug/nrf52833_xxaa/gcc_startup_nrf52833.S.o
 .ARM.attributes
                0x000000c2       0x34 ../build/debug/nrf52833_xxaa/nrf_log_backend_rtt.c.o
 .ARM.attributes
                0x000000f6       0x34 ../build/debug/nrf52833_xxaa/nrf_log_backend_serial.c.o
 .ARM.attributes
                0x0000012a       0x34 ../build/debug/nrf52833_xxaa/nrf_log_default_backends.c.o
 .ARM.attributes
                0x0000015e       0x34 ../build/debug/nrf52833_xxaa/nrf_log_frontend.c.o
 .ARM.attributes
                0x00000192       0x34 ../build/debug/nrf52833_xxaa/nrf_log_str_formatter.c.o
 .ARM.attributes
                0x000001c6       0x34 ../build/debug/nrf52833_xxaa/app_button.c.o
 .ARM.attributes
                0x000001fa       0x34 ../build/debug/nrf52833_xxaa/app_error.c.o
 .ARM.attributes
                0x0000022e       0x34 ../build/debug/nrf52833_xxaa/app_error_weak.c.o
 .ARM.attributes
                0x00000262       0x34 ../build/debug/nrf52833_xxaa/app_timer2.c.o
 .ARM.attributes
                0x00000296       0x34 ../build/debug/nrf52833_xxaa/app_util_platform.c.o
 .ARM.attributes
                0x000002ca       0x34 ../build/debug/nrf52833_xxaa/drv_rtc.c.o
 .ARM.attributes
                0x000002fe       0x34 ../build/debug/nrf52833_xxaa/nrf_assert.c.o
 .ARM.attributes
                0x00000332       0x34 ../build/debug/nrf52833_xxaa/nrf_atomic.c.o
 .ARM.attributes
                0x00000366       0x34 ../build/debug/nrf52833_xxaa/nrf_balloc.c.o
 .ARM.attributes
                0x0000039a       0x34 ../build/debug/nrf52833_xxaa/nrf_fprintf.c.o
 .ARM.attributes
                0x000003ce       0x34 ../build/debug/nrf52833_xxaa/nrf_fprintf_format.c.o
 .ARM.attributes
                0x00000402       0x34 ../build/debug/nrf52833_xxaa/nrf_memobj.c.o
 .ARM.attributes
                0x00000436       0x34 ../build/debug/nrf52833_xxaa/nrf_sortlist.c.o
 .ARM.attributes
                0x0000046a       0x34 ../build/debug/nrf52833_xxaa/nrf_strerror.c.o
 .ARM.attributes
                0x0000049e       0x34 ../build/debug/nrf52833_xxaa/system_nrf52833.c.o
 .ARM.attributes
                0x000004d2       0x34 ../build/debug/nrf52833_xxaa/boards.c.o
 .ARM.attributes
                0x00000506       0x34 ../build/debug/nrf52833_xxaa/nrfx_gpiote.c.o
 .ARM.attributes
                0x0000053a       0x34 ../build/debug/nrf52833_xxaa/nrfx_prs.c.o
 .ARM.attributes
                0x0000056e       0x34 ../build/debug/nrf52833_xxaa/nrfx_uart.c.o
 .ARM.attributes
                0x000005a2       0x34 ../build/debug/nrf52833_xxaa/nrfx_uarte.c.o
 .ARM.attributes
                0x000005d6       0x34 ../build/debug/nrf52833_xxaa/SEGGER_RTT.c.o
 .ARM.attributes
                0x0000060a       0x34 ../build/debug/nrf52833_xxaa/nrfx_twi.c.o
 .ARM.attributes
                0x0000063e       0x34 ../build/debug/nrf52833_xxaa/main.c.o
 .ARM.attributes
                0x00000672       0x34 c:/program files (x86)/gnu arm embedded toolchain/10 2021.10/bin/../lib/gcc/arm-none-eabi/10.3.1/../../../../arm-none-eabi/lib/thumb/v7e-m+fp/hard\libc_nano.a(lib_a-ctype_.o)
 .ARM.attributes
                0x000006a6       0x34 c:/program files (x86)/gnu arm embedded toolchain/10 2021.10/bin/../lib/gcc/arm-none-eabi/10.3.1/../../../../arm-none-eabi/lib/thumb/v7e-m+fp/hard\libc_nano.a(lib_a-exit.o)
 .ARM.attributes
                0x000006da       0x34 c:/program files (x86)/gnu arm embedded toolchain/10 2021.10/bin/../lib/gcc/arm-none-eabi/10.3.1/../../../../arm-none-eabi/lib/thumb/v7e-m+fp/hard\libc_nano.a(lib_a-impure.o)
 .ARM.attributes
                0x0000070e       0x34 c:/program files (x86)/gnu arm embedded toolchain/10 2021.10/bin/../lib/gcc/arm-none-eabi/10.3.1/../../../../arm-none-eabi/lib/thumb/v7e-m+fp/hard\libc_nano.a(lib_a-init.o)
 .ARM.attributes
                0x00000742       0x34 c:/program files (x86)/gnu arm embedded toolchain/10 2021.10/bin/../lib/gcc/arm-none-eabi/10.3.1/../../../../arm-none-eabi/lib/thumb/v7e-m+fp/hard\libc_nano.a(lib_a-memcpy-stub.o)
 .ARM.attributes
                0x00000776       0x34 c:/program files (x86)/gnu arm embedded toolchain/10 2021.10/bin/../lib/gcc/arm-none-eabi/10.3.1/../../../../arm-none-eabi/lib/thumb/v7e-m+fp/hard\libc_nano.a(lib_a-memset.o)
 .ARM.attributes
                0x000007aa       0x17 c:/program files (x86)/gnu arm embedded toolchain/10 2021.10/bin/../lib/gcc/arm-none-eabi/10.3.1/../../../../arm-none-eabi/lib/thumb/v7e-m+fp/hard\libc_nano.a(lib_a-strlen.o)
 .ARM.attributes
                0x000007c1       0x34 c:/program files (x86)/gnu arm embedded toolchain/10 2021.10/bin/../lib/gcc/arm-none-eabi/10.3.1/../../../../arm-none-eabi/lib/thumb/v7e-m+fp/hard\libnosys.a(_exit.o)
 .ARM.attributes
                0x000007f5       0x34 c:/program files (x86)/gnu arm embedded toolchain/10 2021.10/bin/../lib/gcc/arm-none-eabi/10.3.1/thumb/v7e-m+fp/hard/crtend.o
 .ARM.attributes
                0x00000829       0x1e c:/program files (x86)/gnu arm embedded toolchain/10 2021.10/bin/../lib/gcc/arm-none-eabi/10.3.1/thumb/v7e-m+fp/hard/crtn.o

.comment        0x00000000       0x49
 .comment       0x00000000       0x49 ../build/debug/nrf52833_xxaa/nrfx_saadc.c.o
                                 0x4a (size before relaxing)
 .comment       0x00000049       0x4a ../build/debug/nrf52833_xxaa/nrf_log_backend_rtt.c.o
 .comment       0x00000049       0x4a ../build/debug/nrf52833_xxaa/nrf_log_backend_serial.c.o
 .comment       0x00000049       0x4a ../build/debug/nrf52833_xxaa/nrf_log_default_backends.c.o
 .comment       0x00000049       0x4a ../build/debug/nrf52833_xxaa/nrf_log_frontend.c.o
 .comment       0x00000049       0x4a ../build/debug/nrf52833_xxaa/nrf_log_str_formatter.c.o
 .comment       0x00000049       0x4a ../build/debug/nrf52833_xxaa/app_button.c.o
 .comment       0x00000049       0x4a ../build/debug/nrf52833_xxaa/app_error.c.o
 .comment       0x00000049       0x4a ../build/debug/nrf52833_xxaa/app_error_weak.c.o
 .comment       0x00000049       0x4a ../build/debug/nrf52833_xxaa/app_timer2.c.o
 .comment       0x00000049       0x4a ../build/debug/nrf52833_xxaa/app_util_platform.c.o
 .comment       0x00000049       0x4a ../build/debug/nrf52833_xxaa/drv_rtc.c.o
 .comment       0x00000049       0x4a ../build/debug/nrf52833_xxaa/nrf_assert.c.o
 .comment       0x00000049       0x4a ../build/debug/nrf52833_xxaa/nrf_atomic.c.o
 .comment       0x00000049       0x4a ../build/debug/nrf52833_xxaa/nrf_balloc.c.o
 .comment       0x00000049       0x4a ../build/debug/nrf52833_xxaa/nrf_fprintf.c.o
 .comment       0x00000049       0x4a ../build/debug/nrf52833_xxaa/nrf_fprintf_format.c.o
 .comment       0x00000049       0x4a ../build/debug/nrf52833_xxaa/nrf_memobj.c.o
 .comment       0x00000049       0x4a ../build/debug/nrf52833_xxaa/nrf_sortlist.c.o
 .comment       0x00000049       0x4a ../build/debug/nrf52833_xxaa/nrf_strerror.c.o
 .comment       0x00000049       0x4a ../build/debug/nrf52833_xxaa/system_nrf52833.c.o
 .comment       0x00000049       0x4a ../build/debug/nrf52833_xxaa/boards.c.o
 .comment       0x00000049       0x4a ../build/debug/nrf52833_xxaa/nrfx_gpiote.c.o
 .comment       0x00000049       0x4a ../build/debug/nrf52833_xxaa/nrfx_prs.c.o
 .comment       0x00000049       0x4a ../build/debug/nrf52833_xxaa/nrfx_uart.c.o
 .comment       0x00000049       0x4a ../build/debug/nrf52833_xxaa/nrfx_uarte.c.o
 .comment       0x00000049       0x4a ../build/debug/nrf52833_xxaa/SEGGER_RTT.c.o
 .comment       0x00000049       0x4a ../build/debug/nrf52833_xxaa/nrfx_twi.c.o
 .comment       0x00000049       0x4a ../build/debug/nrf52833_xxaa/main.c.o

.debug_info     0x00000000    0x23660
 .debug_info    0x00000000     0x2ac3 ../build/debug/nrf52833_xxaa/nrfx_saadc.c.o
 .debug_info    0x00002ac3       0x26 ../build/debug/nrf52833_xxaa/gcc_startup_nrf52833.S.o
 .debug_info    0x00002ae9      0x522 ../build/debug/nrf52833_xxaa/nrf_log_backend_rtt.c.o
 .debug_info    0x0000300b      0x7a7 ../build/debug/nrf52833_xxaa/nrf_log_backend_serial.c.o
 .debug_info    0x000037b2      0x32c ../build/debug/nrf52833_xxaa/nrf_log_default_backends.c.o
 .debug_info    0x00003ade     0x33a8 ../build/debug/nrf52833_xxaa/nrf_log_frontend.c.o
 .debug_info    0x00006e86      0x7f6 ../build/debug/nrf52833_xxaa/nrf_log_str_formatter.c.o
 .debug_info    0x0000767c      0xd05 ../build/debug/nrf52833_xxaa/app_button.c.o
 .debug_info    0x00008381      0x2bd ../build/debug/nrf52833_xxaa/app_error.c.o
 .debug_info    0x0000863e      0x446 ../build/debug/nrf52833_xxaa/app_error_weak.c.o
 .debug_info    0x00008a84     0x1762 ../build/debug/nrf52833_xxaa/app_timer2.c.o
 .debug_info    0x0000a1e6      0xabc ../build/debug/nrf52833_xxaa/app_util_platform.c.o
 .debug_info    0x0000aca2     0x1f42 ../build/debug/nrf52833_xxaa/drv_rtc.c.o
 .debug_info    0x0000cbe4      0x170 ../build/debug/nrf52833_xxaa/nrf_assert.c.o
 .debug_info    0x0000cd54      0x971 ../build/debug/nrf52833_xxaa/nrf_atomic.c.o
 .debug_info    0x0000d6c5      0x50f ../build/debug/nrf52833_xxaa/nrf_balloc.c.o
 .debug_info    0x0000dbd4      0x2e2 ../build/debug/nrf52833_xxaa/nrf_fprintf.c.o
 .debug_info    0x0000deb6      0x894 ../build/debug/nrf52833_xxaa/nrf_fprintf_format.c.o
 .debug_info    0x0000e74a      0x991 ../build/debug/nrf52833_xxaa/nrf_memobj.c.o
 .debug_info    0x0000f0db      0x494 ../build/debug/nrf52833_xxaa/nrf_sortlist.c.o
 .debug_info    0x0000f56f      0x200 ../build/debug/nrf52833_xxaa/nrf_strerror.c.o
 .debug_info    0x0000f76f     0x13c2 ../build/debug/nrf52833_xxaa/system_nrf52833.c.o
 .debug_info    0x00010b31     0x10bd ../build/debug/nrf52833_xxaa/boards.c.o
 .debug_info    0x00011bee     0x4e39 ../build/debug/nrf52833_xxaa/nrfx_gpiote.c.o
 .debug_info    0x00016a27      0x856 ../build/debug/nrf52833_xxaa/nrfx_prs.c.o
 .debug_info    0x0001727d     0x39c5 ../build/debug/nrf52833_xxaa/nrfx_uart.c.o
 .debug_info    0x0001ac42     0x3ce0 ../build/debug/nrf52833_xxaa/nrfx_uarte.c.o
 .debug_info    0x0001e922     0x184b ../build/debug/nrf52833_xxaa/SEGGER_RTT.c.o
 .debug_info    0x0002016d     0x3207 ../build/debug/nrf52833_xxaa/nrfx_twi.c.o
 .debug_info    0x00023374      0x2ec ../build/debug/nrf52833_xxaa/main.c.o

.debug_abbrev   0x00000000     0x4f2c
 .debug_abbrev  0x00000000      0x4ac ../build/debug/nrf52833_xxaa/nrfx_saadc.c.o
 .debug_abbrev  0x000004ac       0x14 ../build/debug/nrf52833_xxaa/gcc_startup_nrf52833.S.o
 .debug_abbrev  0x000004c0      0x257 ../build/debug/nrf52833_xxaa/nrf_log_backend_rtt.c.o
 .debug_abbrev  0x00000717      0x205 ../build/debug/nrf52833_xxaa/nrf_log_backend_serial.c.o
 .debug_abbrev  0x0000091c      0x1a0 ../build/debug/nrf52833_xxaa/nrf_log_default_backends.c.o
 .debug_abbrev  0x00000abc      0x587 ../build/debug/nrf52833_xxaa/nrf_log_frontend.c.o
 .debug_abbrev  0x00001043      0x1ec ../build/debug/nrf52833_xxaa/nrf_log_str_formatter.c.o
 .debug_abbrev  0x0000122f      0x2a6 ../build/debug/nrf52833_xxaa/app_button.c.o
 .debug_abbrev  0x000014d5      0x12a ../build/debug/nrf52833_xxaa/app_error.c.o
 .debug_abbrev  0x000015ff      0x1c6 ../build/debug/nrf52833_xxaa/app_error_weak.c.o
 .debug_abbrev  0x000017c5      0x3f5 ../build/debug/nrf52833_xxaa/app_timer2.c.o
 .debug_abbrev  0x00001bba      0x365 ../build/debug/nrf52833_xxaa/app_util_platform.c.o
 .debug_abbrev  0x00001f1f      0x4b8 ../build/debug/nrf52833_xxaa/drv_rtc.c.o
 .debug_abbrev  0x000023d7       0xda ../build/debug/nrf52833_xxaa/nrf_assert.c.o
 .debug_abbrev  0x000024b1      0x19a ../build/debug/nrf52833_xxaa/nrf_atomic.c.o
 .debug_abbrev  0x0000264b      0x1d6 ../build/debug/nrf52833_xxaa/nrf_balloc.c.o
 .debug_abbrev  0x00002821      0x153 ../build/debug/nrf52833_xxaa/nrf_fprintf.c.o
 .debug_abbrev  0x00002974      0x20d ../build/debug/nrf52833_xxaa/nrf_fprintf_format.c.o
 .debug_abbrev  0x00002b81      0x1d5 ../build/debug/nrf52833_xxaa/nrf_memobj.c.o
 .debug_abbrev  0x00002d56      0x186 ../build/debug/nrf52833_xxaa/nrf_sortlist.c.o
 .debug_abbrev  0x00002edc      0x123 ../build/debug/nrf52833_xxaa/nrf_strerror.c.o
 .debug_abbrev  0x00002fff      0x260 ../build/debug/nrf52833_xxaa/system_nrf52833.c.o
 .debug_abbrev  0x0000325f      0x2cc ../build/debug/nrf52833_xxaa/boards.c.o
 .debug_abbrev  0x0000352b      0x50f ../build/debug/nrf52833_xxaa/nrfx_gpiote.c.o
 .debug_abbrev  0x00003a3a      0x25c ../build/debug/nrf52833_xxaa/nrfx_prs.c.o
 .debug_abbrev  0x00003c96      0x506 ../build/debug/nrf52833_xxaa/nrfx_uart.c.o
 .debug_abbrev  0x0000419c      0x4ba ../build/debug/nrf52833_xxaa/nrfx_uarte.c.o
 .debug_abbrev  0x00004656      0x244 ../build/debug/nrf52833_xxaa/SEGGER_RTT.c.o
 .debug_abbrev  0x0000489a      0x4dc ../build/debug/nrf52833_xxaa/nrfx_twi.c.o
 .debug_abbrev  0x00004d76      0x1b6 ../build/debug/nrf52833_xxaa/main.c.o

.debug_loc      0x00000000    0x16bcd
 .debug_loc     0x00000000      0xf97 ../build/debug/nrf52833_xxaa/nrfx_saadc.c.o
 .debug_loc     0x00000f97      0x1b8 ../build/debug/nrf52833_xxaa/nrf_log_backend_rtt.c.o
 .debug_loc     0x0000114f      0x1cb ../build/debug/nrf52833_xxaa/nrf_log_backend_serial.c.o
 .debug_loc     0x0000131a       0x4b ../build/debug/nrf52833_xxaa/nrf_log_default_backends.c.o
 .debug_loc     0x00001365     0x2c24 ../build/debug/nrf52833_xxaa/nrf_log_frontend.c.o
 .debug_loc     0x00003f89      0x3df ../build/debug/nrf52833_xxaa/nrf_log_str_formatter.c.o
 .debug_loc     0x00004368      0x540 ../build/debug/nrf52833_xxaa/app_button.c.o
 .debug_loc     0x000048a8       0x97 ../build/debug/nrf52833_xxaa/app_error.c.o
 .debug_loc     0x0000493f       0x90 ../build/debug/nrf52833_xxaa/app_error_weak.c.o
 .debug_loc     0x000049cf      0x846 ../build/debug/nrf52833_xxaa/app_timer2.c.o
 .debug_loc     0x00005215      0x200 ../build/debug/nrf52833_xxaa/app_util_platform.c.o
 .debug_loc     0x00005415     0x1325 ../build/debug/nrf52833_xxaa/drv_rtc.c.o
 .debug_loc     0x0000673a       0x58 ../build/debug/nrf52833_xxaa/nrf_assert.c.o
 .debug_loc     0x00006792      0x45f ../build/debug/nrf52833_xxaa/nrf_atomic.c.o
 .debug_loc     0x00006bf1      0x2e3 ../build/debug/nrf52833_xxaa/nrf_balloc.c.o
 .debug_loc     0x00006ed4       0x88 ../build/debug/nrf52833_xxaa/nrf_fprintf.c.o
 .debug_loc     0x00006f5c      0x7ba ../build/debug/nrf52833_xxaa/nrf_fprintf_format.c.o
 .debug_loc     0x00007716      0x7fd ../build/debug/nrf52833_xxaa/nrf_memobj.c.o
 .debug_loc     0x00007f13      0x28a ../build/debug/nrf52833_xxaa/nrf_sortlist.c.o
 .debug_loc     0x0000819d       0xec ../build/debug/nrf52833_xxaa/nrf_strerror.c.o
 .debug_loc     0x00008289       0xd9 ../build/debug/nrf52833_xxaa/system_nrf52833.c.o
 .debug_loc     0x00008362      0xf17 ../build/debug/nrf52833_xxaa/boards.c.o
 .debug_loc     0x00009279     0x4afa ../build/debug/nrf52833_xxaa/nrfx_gpiote.c.o
 .debug_loc     0x0000dd73      0x197 ../build/debug/nrf52833_xxaa/nrfx_prs.c.o
 .debug_loc     0x0000df0a     0x2652 ../build/debug/nrf52833_xxaa/nrfx_uart.c.o
 .debug_loc     0x0001055c     0x276a ../build/debug/nrf52833_xxaa/nrfx_uarte.c.o
 .debug_loc     0x00012cc6     0x1da0 ../build/debug/nrf52833_xxaa/SEGGER_RTT.c.o
 .debug_loc     0x00014a66     0x205b ../build/debug/nrf52833_xxaa/nrfx_twi.c.o
 .debug_loc     0x00016ac1      0x10c ../build/debug/nrf52833_xxaa/main.c.o

.debug_pubnames
                0x00000000     0x7c90
 .debug_pubnames
                0x00000000     0x110a ../build/debug/nrf52833_xxaa/nrfx_saadc.c.o
 .debug_pubnames
                0x0000110a      0x12a ../build/debug/nrf52833_xxaa/nrf_log_backend_rtt.c.o
 .debug_pubnames
                0x00001234       0x31 ../build/debug/nrf52833_xxaa/nrf_log_backend_serial.c.o
 .debug_pubnames
                0x00001265      0x12b ../build/debug/nrf52833_xxaa/nrf_log_default_backends.c.o
 .debug_pubnames
                0x00001390      0x5da ../build/debug/nrf52833_xxaa/nrf_log_frontend.c.o
 .debug_pubnames
                0x0000196a      0x1bd ../build/debug/nrf52833_xxaa/nrf_log_str_formatter.c.o
 .debug_pubnames
                0x00001b27      0x3fa ../build/debug/nrf52833_xxaa/app_button.c.o
 .debug_pubnames
                0x00001f21       0x6c ../build/debug/nrf52833_xxaa/app_error.c.o
 .debug_pubnames
                0x00001f8d       0xe5 ../build/debug/nrf52833_xxaa/app_error_weak.c.o
 .debug_pubnames
                0x00002072      0x81d ../build/debug/nrf52833_xxaa/app_timer2.c.o
 .debug_pubnames
                0x0000288f      0x657 ../build/debug/nrf52833_xxaa/app_util_platform.c.o
 .debug_pubnames
                0x00002ee6      0x711 ../build/debug/nrf52833_xxaa/drv_rtc.c.o
 .debug_pubnames
                0x000035f7       0x2a ../build/debug/nrf52833_xxaa/nrf_assert.c.o
 .debug_pubnames
                0x00003621      0x233 ../build/debug/nrf52833_xxaa/nrf_atomic.c.o
 .debug_pubnames
                0x00003854      0x126 ../build/debug/nrf52833_xxaa/nrf_balloc.c.o
 .debug_pubnames
                0x0000397a       0x3f ../build/debug/nrf52833_xxaa/nrf_fprintf.c.o
 .debug_pubnames
                0x000039b9       0x67 ../build/debug/nrf52833_xxaa/nrf_fprintf_format.c.o
 .debug_pubnames
                0x00003a20       0xb1 ../build/debug/nrf52833_xxaa/nrf_memobj.c.o
 .debug_pubnames
                0x00003ad1      0x14c ../build/debug/nrf52833_xxaa/nrf_sortlist.c.o
 .debug_pubnames
                0x00003c1d       0x66 ../build/debug/nrf52833_xxaa/nrf_strerror.c.o
 .debug_pubnames
                0x00003c83      0x105 ../build/debug/nrf52833_xxaa/system_nrf52833.c.o
 .debug_pubnames
                0x00003d88      0x4ff ../build/debug/nrf52833_xxaa/boards.c.o
 .debug_pubnames
                0x00004287     0x119a ../build/debug/nrf52833_xxaa/nrfx_gpiote.c.o
 .debug_pubnames
                0x00005421      0x13f ../build/debug/nrf52833_xxaa/nrfx_prs.c.o
 .debug_pubnames
                0x00005560      0xae7 ../build/debug/nrf52833_xxaa/nrfx_uart.c.o
 .debug_pubnames
                0x00006047      0xc98 ../build/debug/nrf52833_xxaa/nrfx_uarte.c.o
 .debug_pubnames
                0x00006cdf      0x3c3 ../build/debug/nrf52833_xxaa/SEGGER_RTT.c.o
 .debug_pubnames
                0x000070a2      0xb64 ../build/debug/nrf52833_xxaa/nrfx_twi.c.o
 .debug_pubnames
                0x00007c06       0x8a ../build/debug/nrf52833_xxaa/main.c.o

.debug_pubtypes
                0x00000000     0x3f8d
 .debug_pubtypes
                0x00000000      0x46e ../build/debug/nrf52833_xxaa/nrfx_saadc.c.o
 .debug_pubtypes
                0x0000046e      0x1b6 ../build/debug/nrf52833_xxaa/nrf_log_backend_rtt.c.o
 .debug_pubtypes
                0x00000624      0x2b9 ../build/debug/nrf52833_xxaa/nrf_log_backend_serial.c.o
 .debug_pubtypes
                0x000008dd      0x1a9 ../build/debug/nrf52833_xxaa/nrf_log_default_backends.c.o
 .debug_pubtypes
                0x00000a86      0x37e ../build/debug/nrf52833_xxaa/nrf_log_frontend.c.o
 .debug_pubtypes
                0x00000e04      0x1b3 ../build/debug/nrf52833_xxaa/nrf_log_str_formatter.c.o
 .debug_pubtypes
                0x00000fb7      0x2c7 ../build/debug/nrf52833_xxaa/app_button.c.o
 .debug_pubtypes
                0x0000127e      0x13d ../build/debug/nrf52833_xxaa/app_error.c.o
 .debug_pubtypes
                0x000013bb      0x178 ../build/debug/nrf52833_xxaa/app_error_weak.c.o
 .debug_pubtypes
                0x00001533      0x3d1 ../build/debug/nrf52833_xxaa/app_timer2.c.o
 .debug_pubtypes
                0x00001904      0x175 ../build/debug/nrf52833_xxaa/app_util_platform.c.o
 .debug_pubtypes
                0x00001a79      0x259 ../build/debug/nrf52833_xxaa/drv_rtc.c.o
 .debug_pubtypes
                0x00001cd2      0x12f ../build/debug/nrf52833_xxaa/nrf_assert.c.o
 .debug_pubtypes
                0x00001e01      0x11c ../build/debug/nrf52833_xxaa/nrf_atomic.c.o
 .debug_pubtypes
                0x00001f1d      0x15c ../build/debug/nrf52833_xxaa/nrf_balloc.c.o
 .debug_pubtypes
                0x00002079      0x184 ../build/debug/nrf52833_xxaa/nrf_fprintf.c.o
 .debug_pubtypes
                0x000021fd      0x1ba ../build/debug/nrf52833_xxaa/nrf_fprintf_format.c.o
 .debug_pubtypes
                0x000023b7      0x225 ../build/debug/nrf52833_xxaa/nrf_memobj.c.o
 .debug_pubtypes
                0x000025dc      0x1d7 ../build/debug/nrf52833_xxaa/nrf_sortlist.c.o
 .debug_pubtypes
                0x000027b3      0x10e ../build/debug/nrf52833_xxaa/nrf_strerror.c.o
 .debug_pubtypes
                0x000028c1      0x1f9 ../build/debug/nrf52833_xxaa/system_nrf52833.c.o
 .debug_pubtypes
                0x00002aba      0x1b3 ../build/debug/nrf52833_xxaa/boards.c.o
 .debug_pubtypes
                0x00002c6d      0x376 ../build/debug/nrf52833_xxaa/nrfx_gpiote.c.o
 .debug_pubtypes
                0x00002fe3      0x1ee ../build/debug/nrf52833_xxaa/nrfx_prs.c.o
 .debug_pubtypes
                0x000031d1      0x3d2 ../build/debug/nrf52833_xxaa/nrfx_uart.c.o
 .debug_pubtypes
                0x000035a3      0x407 ../build/debug/nrf52833_xxaa/nrfx_uarte.c.o
 .debug_pubtypes
                0x000039aa      0x12b ../build/debug/nrf52833_xxaa/SEGGER_RTT.c.o
 .debug_pubtypes
                0x00003ad5      0x3ab ../build/debug/nrf52833_xxaa/nrfx_twi.c.o
 .debug_pubtypes
                0x00003e80      0x10d ../build/debug/nrf52833_xxaa/main.c.o

.debug_aranges  0x00000000      0xcb0
 .debug_aranges
                0x00000000       0x80 ../build/debug/nrf52833_xxaa/nrfx_saadc.c.o
 .debug_aranges
                0x00000080       0x20 ../build/debug/nrf52833_xxaa/gcc_startup_nrf52833.S.o
 .debug_aranges
                0x000000a0       0x40 ../build/debug/nrf52833_xxaa/nrf_log_backend_rtt.c.o
 .debug_aranges
                0x000000e0       0x20 ../build/debug/nrf52833_xxaa/nrf_log_backend_serial.c.o
 .debug_aranges
                0x00000100       0x20 ../build/debug/nrf52833_xxaa/nrf_log_default_backends.c.o
 .debug_aranges
                0x00000120       0xe0 ../build/debug/nrf52833_xxaa/nrf_log_frontend.c.o
 .debug_aranges
                0x00000200       0x40 ../build/debug/nrf52833_xxaa/nrf_log_str_formatter.c.o
 .debug_aranges
                0x00000240       0x78 ../build/debug/nrf52833_xxaa/app_button.c.o
 .debug_aranges
                0x000002b8       0x28 ../build/debug/nrf52833_xxaa/app_error.c.o
 .debug_aranges
                0x000002e0       0x20 ../build/debug/nrf52833_xxaa/app_error_weak.c.o
 .debug_aranges
                0x00000300       0xc0 ../build/debug/nrf52833_xxaa/app_timer2.c.o
 .debug_aranges
                0x000003c0       0x48 ../build/debug/nrf52833_xxaa/app_util_platform.c.o
 .debug_aranges
                0x00000408       0xd0 ../build/debug/nrf52833_xxaa/drv_rtc.c.o
 .debug_aranges
                0x000004d8       0x20 ../build/debug/nrf52833_xxaa/nrf_assert.c.o
 .debug_aranges
                0x000004f8       0xb0 ../build/debug/nrf52833_xxaa/nrf_atomic.c.o
 .debug_aranges
                0x000005a8       0x40 ../build/debug/nrf52833_xxaa/nrf_balloc.c.o
 .debug_aranges
                0x000005e8       0x28 ../build/debug/nrf52833_xxaa/nrf_fprintf.c.o
 .debug_aranges
                0x00000610       0x40 ../build/debug/nrf52833_xxaa/nrf_fprintf_format.c.o
 .debug_aranges
                0x00000650       0x58 ../build/debug/nrf52833_xxaa/nrf_memobj.c.o
 .debug_aranges
                0x000006a8       0x40 ../build/debug/nrf52833_xxaa/nrf_sortlist.c.o
 .debug_aranges
                0x000006e8       0x28 ../build/debug/nrf52833_xxaa/nrf_strerror.c.o
 .debug_aranges
                0x00000710       0x58 ../build/debug/nrf52833_xxaa/system_nrf52833.c.o
 .debug_aranges
                0x00000768       0x98 ../build/debug/nrf52833_xxaa/boards.c.o
 .debug_aranges
                0x00000800      0x128 ../build/debug/nrf52833_xxaa/nrfx_gpiote.c.o
 .debug_aranges
                0x00000928       0x38 ../build/debug/nrf52833_xxaa/nrfx_prs.c.o
 .debug_aranges
                0x00000960       0xd0 ../build/debug/nrf52833_xxaa/nrfx_uart.c.o
 .debug_aranges
                0x00000a30       0xa0 ../build/debug/nrf52833_xxaa/nrfx_uarte.c.o
 .debug_aranges
                0x00000ad0      0x108 ../build/debug/nrf52833_xxaa/SEGGER_RTT.c.o
 .debug_aranges
                0x00000bd8       0xb0 ../build/debug/nrf52833_xxaa/nrfx_twi.c.o
 .debug_aranges
                0x00000c88       0x28 ../build/debug/nrf52833_xxaa/main.c.o

.debug_ranges   0x00000000     0x2650
 .debug_ranges  0x00000000      0x1e8 ../build/debug/nrf52833_xxaa/nrfx_saadc.c.o
 .debug_ranges  0x000001e8       0x50 ../build/debug/nrf52833_xxaa/nrf_log_backend_rtt.c.o
 .debug_ranges  0x00000238       0x28 ../build/debug/nrf52833_xxaa/nrf_log_backend_serial.c.o
 .debug_ranges  0x00000260       0x10 ../build/debug/nrf52833_xxaa/nrf_log_default_backends.c.o
 .debug_ranges  0x00000270      0x370 ../build/debug/nrf52833_xxaa/nrf_log_frontend.c.o
 .debug_ranges  0x000005e0       0x48 ../build/debug/nrf52833_xxaa/nrf_log_str_formatter.c.o
 .debug_ranges  0x00000628       0x80 ../build/debug/nrf52833_xxaa/app_button.c.o
 .debug_ranges  0x000006a8       0x18 ../build/debug/nrf52833_xxaa/app_error.c.o
 .debug_ranges  0x000006c0       0x10 ../build/debug/nrf52833_xxaa/app_error_weak.c.o
 .debug_ranges  0x000006d0      0x150 ../build/debug/nrf52833_xxaa/app_timer2.c.o
 .debug_ranges  0x00000820       0x68 ../build/debug/nrf52833_xxaa/app_util_platform.c.o
 .debug_ranges  0x00000888      0x138 ../build/debug/nrf52833_xxaa/drv_rtc.c.o
 .debug_ranges  0x000009c0       0x10 ../build/debug/nrf52833_xxaa/nrf_assert.c.o
 .debug_ranges  0x000009d0       0xa0 ../build/debug/nrf52833_xxaa/nrf_atomic.c.o
 .debug_ranges  0x00000a70       0x48 ../build/debug/nrf52833_xxaa/nrf_balloc.c.o
 .debug_ranges  0x00000ab8       0x18 ../build/debug/nrf52833_xxaa/nrf_fprintf.c.o
 .debug_ranges  0x00000ad0       0x30 ../build/debug/nrf52833_xxaa/nrf_fprintf_format.c.o
 .debug_ranges  0x00000b00       0x60 ../build/debug/nrf52833_xxaa/nrf_memobj.c.o
 .debug_ranges  0x00000b60       0x30 ../build/debug/nrf52833_xxaa/nrf_sortlist.c.o
 .debug_ranges  0x00000b90       0x18 ../build/debug/nrf52833_xxaa/nrf_strerror.c.o
 .debug_ranges  0x00000ba8       0x48 ../build/debug/nrf52833_xxaa/system_nrf52833.c.o
 .debug_ranges  0x00000bf0      0x2d0 ../build/debug/nrf52833_xxaa/boards.c.o
 .debug_ranges  0x00000ec0      0x9d8 ../build/debug/nrf52833_xxaa/nrfx_gpiote.c.o
 .debug_ranges  0x00001898       0x40 ../build/debug/nrf52833_xxaa/nrfx_prs.c.o
 .debug_ranges  0x000018d8      0x4b0 ../build/debug/nrf52833_xxaa/nrfx_uart.c.o
 .debug_ranges  0x00001d88      0x450 ../build/debug/nrf52833_xxaa/nrfx_uarte.c.o
 .debug_ranges  0x000021d8      0x198 ../build/debug/nrf52833_xxaa/SEGGER_RTT.c.o
 .debug_ranges  0x00002370      0x2b0 ../build/debug/nrf52833_xxaa/nrfx_twi.c.o
 .debug_ranges  0x00002620       0x30 ../build/debug/nrf52833_xxaa/main.c.o

.debug_macro    0x00000000    0x2242c
 .debug_macro   0x00000000      0x466 ../build/debug/nrf52833_xxaa/nrfx_saadc.c.o
 .debug_macro   0x00000466      0xaae ../build/debug/nrf52833_xxaa/nrfx_saadc.c.o
 .debug_macro   0x00000f14       0x34 ../build/debug/nrf52833_xxaa/nrfx_saadc.c.o
 .debug_macro   0x00000f48     0x2004 ../build/debug/nrf52833_xxaa/nrfx_saadc.c.o
 .debug_macro   0x00002f4c       0x22 ../build/debug/nrf52833_xxaa/nrfx_saadc.c.o
 .debug_macro   0x00002f6e       0x56 ../build/debug/nrf52833_xxaa/nrfx_saadc.c.o
 .debug_macro   0x00002fc4       0x51 ../build/debug/nrf52833_xxaa/nrfx_saadc.c.o
 .debug_macro   0x00003015      0x103 ../build/debug/nrf52833_xxaa/nrfx_saadc.c.o
 .debug_macro   0x00003118       0x6a ../build/debug/nrf52833_xxaa/nrfx_saadc.c.o
 .debug_macro   0x00003182      0x1df ../build/debug/nrf52833_xxaa/nrfx_saadc.c.o
 .debug_macro   0x00003361      0x16d ../build/debug/nrf52833_xxaa/nrfx_saadc.c.o
 .debug_macro   0x000034ce       0x22 ../build/debug/nrf52833_xxaa/nrfx_saadc.c.o
 .debug_macro   0x000034f0       0x22 ../build/debug/nrf52833_xxaa/nrfx_saadc.c.o
 .debug_macro   0x00003512       0x3b ../build/debug/nrf52833_xxaa/nrfx_saadc.c.o
 .debug_macro   0x0000354d       0x1c ../build/debug/nrf52833_xxaa/nrfx_saadc.c.o
 .debug_macro   0x00003569       0x22 ../build/debug/nrf52833_xxaa/nrfx_saadc.c.o
 .debug_macro   0x0000358b       0xfb ../build/debug/nrf52833_xxaa/nrfx_saadc.c.o
 .debug_macro   0x00003686     0x1011 ../build/debug/nrf52833_xxaa/nrfx_saadc.c.o
 .debug_macro   0x00004697      0x11f ../build/debug/nrf52833_xxaa/nrfx_saadc.c.o
 .debug_macro   0x000047b6      0x3e6 ../build/debug/nrf52833_xxaa/nrfx_saadc.c.o
 .debug_macro   0x00004b9c    0x108e0 ../build/debug/nrf52833_xxaa/nrfx_saadc.c.o
 .debug_macro   0x0001547c       0xba ../build/debug/nrf52833_xxaa/nrfx_saadc.c.o
 .debug_macro   0x00015536     0x1325 ../build/debug/nrf52833_xxaa/nrfx_saadc.c.o
 .debug_macro   0x0001685b       0x40 ../build/debug/nrf52833_xxaa/nrfx_saadc.c.o
 .debug_macro   0x0001689b      0x454 ../build/debug/nrf52833_xxaa/nrfx_saadc.c.o
 .debug_macro   0x00016cef       0x59 ../build/debug/nrf52833_xxaa/nrfx_saadc.c.o
 .debug_macro   0x00016d48      0xe54 ../build/debug/nrf52833_xxaa/nrfx_saadc.c.o
 .debug_macro   0x00017b9c      0x147 ../build/debug/nrf52833_xxaa/nrfx_saadc.c.o
 .debug_macro   0x00017ce3       0x16 ../build/debug/nrf52833_xxaa/nrfx_saadc.c.o
 .debug_macro   0x00017cf9      0x16d ../build/debug/nrf52833_xxaa/nrfx_saadc.c.o
 .debug_macro   0x00017e66       0x22 ../build/debug/nrf52833_xxaa/nrfx_saadc.c.o
 .debug_macro   0x00017e88       0x16 ../build/debug/nrf52833_xxaa/nrfx_saadc.c.o
 .debug_macro   0x00017e9e       0x2e ../build/debug/nrf52833_xxaa/nrfx_saadc.c.o
 .debug_macro   0x00017ecc      0x79e ../build/debug/nrf52833_xxaa/nrfx_saadc.c.o
 .debug_macro   0x0001866a       0x3f ../build/debug/nrf52833_xxaa/nrfx_saadc.c.o
 .debug_macro   0x000186a9       0x9a ../build/debug/nrf52833_xxaa/nrfx_saadc.c.o
 .debug_macro   0x00018743       0x46 ../build/debug/nrf52833_xxaa/nrfx_saadc.c.o
 .debug_macro   0x00018789       0x88 ../build/debug/nrf52833_xxaa/nrfx_saadc.c.o
 .debug_macro   0x00018811       0x3a ../build/debug/nrf52833_xxaa/nrfx_saadc.c.o
 .debug_macro   0x0001884b       0x64 ../build/debug/nrf52833_xxaa/nrfx_saadc.c.o
 .debug_macro   0x000188af       0x1e ../build/debug/nrf52833_xxaa/nrfx_saadc.c.o
 .debug_macro   0x000188cd       0x35 ../build/debug/nrf52833_xxaa/nrfx_saadc.c.o
 .debug_macro   0x00018902       0x34 ../build/debug/nrf52833_xxaa/nrfx_saadc.c.o
 .debug_macro   0x00018936       0x16 ../build/debug/nrf52833_xxaa/nrfx_saadc.c.o
 .debug_macro   0x0001894c       0x35 ../build/debug/nrf52833_xxaa/nrfx_saadc.c.o
 .debug_macro   0x00018981      0x35d ../build/debug/nrf52833_xxaa/nrfx_saadc.c.o
 .debug_macro   0x00018cde       0x10 ../build/debug/nrf52833_xxaa/nrfx_saadc.c.o
 .debug_macro   0x00018cee       0x16 ../build/debug/nrf52833_xxaa/nrfx_saadc.c.o
 .debug_macro   0x00018d04       0x43 ../build/debug/nrf52833_xxaa/nrfx_saadc.c.o
 .debug_macro   0x00018d47       0x34 ../build/debug/nrf52833_xxaa/nrfx_saadc.c.o
 .debug_macro   0x00018d7b       0x10 ../build/debug/nrf52833_xxaa/nrfx_saadc.c.o
 .debug_macro   0x00018d8b       0x58 ../build/debug/nrf52833_xxaa/nrfx_saadc.c.o
 .debug_macro   0x00018de3      0x182 ../build/debug/nrf52833_xxaa/nrfx_saadc.c.o
 .debug_macro   0x00018f65       0xbe ../build/debug/nrf52833_xxaa/nrfx_saadc.c.o
 .debug_macro   0x00019023       0x16 ../build/debug/nrf52833_xxaa/nrfx_saadc.c.o
 .debug_macro   0x00019039      0x129 ../build/debug/nrf52833_xxaa/nrfx_saadc.c.o
 .debug_macro   0x00019162       0xad ../build/debug/nrf52833_xxaa/nrfx_saadc.c.o
 .debug_macro   0x0001920f       0x49 ../build/debug/nrf52833_xxaa/nrfx_saadc.c.o
 .debug_macro   0x00019258       0x8c ../build/debug/nrf52833_xxaa/nrfx_saadc.c.o
 .debug_macro   0x000192e4       0x19 ../build/debug/nrf52833_xxaa/nrfx_saadc.c.o
 .debug_macro   0x000192fd       0x1d ../build/debug/nrf52833_xxaa/nrfx_saadc.c.o
 .debug_macro   0x0001931a       0x35 ../build/debug/nrf52833_xxaa/nrfx_saadc.c.o
 .debug_macro   0x0001934f       0x7b ../build/debug/nrf52833_xxaa/nrfx_saadc.c.o
 .debug_macro   0x000193ca       0x1c ../build/debug/nrf52833_xxaa/nrfx_saadc.c.o
 .debug_macro   0x000193e6       0x40 ../build/debug/nrf52833_xxaa/nrfx_saadc.c.o
 .debug_macro   0x00019426       0x20 ../build/debug/nrf52833_xxaa/nrfx_saadc.c.o
 .debug_macro   0x00019446       0x10 ../build/debug/nrf52833_xxaa/nrfx_saadc.c.o
 .debug_macro   0x00019456       0x22 ../build/debug/nrf52833_xxaa/nrfx_saadc.c.o
 .debug_macro   0x00019478       0x1c ../build/debug/nrf52833_xxaa/nrfx_saadc.c.o
 .debug_macro   0x00019494       0x16 ../build/debug/nrf52833_xxaa/nrfx_saadc.c.o
 .debug_macro   0x000194aa       0x22 ../build/debug/nrf52833_xxaa/nrfx_saadc.c.o
 .debug_macro   0x000194cc       0x5b ../build/debug/nrf52833_xxaa/nrfx_saadc.c.o
 .debug_macro   0x00019527       0x37 ../build/debug/nrf52833_xxaa/nrfx_saadc.c.o
 .debug_macro   0x0001955e       0x10 ../build/debug/nrf52833_xxaa/nrfx_saadc.c.o
 .debug_macro   0x0001956e       0x55 ../build/debug/nrf52833_xxaa/nrfx_saadc.c.o
 .debug_macro   0x000195c3      0x17f ../build/debug/nrf52833_xxaa/nrfx_saadc.c.o
 .debug_macro   0x00019742       0x9a ../build/debug/nrf52833_xxaa/nrfx_saadc.c.o
 .debug_macro   0x000197dc       0x42 ../build/debug/nrf52833_xxaa/nrfx_saadc.c.o
 .debug_macro   0x0001981e      0x4c3 ../build/debug/nrf52833_xxaa/nrf_log_backend_rtt.c.o
 .debug_macro   0x00019ce1       0x10 ../build/debug/nrf52833_xxaa/nrf_log_backend_rtt.c.o
 .debug_macro   0x00019cf1       0x5c ../build/debug/nrf52833_xxaa/nrf_log_backend_rtt.c.o
 .debug_macro   0x00019d4d       0xe3 ../build/debug/nrf52833_xxaa/nrf_log_backend_rtt.c.o
 .debug_macro   0x00019e30       0x55 ../build/debug/nrf52833_xxaa/nrf_log_backend_rtt.c.o
 .debug_macro   0x00019e85       0x16 ../build/debug/nrf52833_xxaa/nrf_log_backend_rtt.c.o
 .debug_macro   0x00019e9b       0x22 ../build/debug/nrf52833_xxaa/nrf_log_backend_rtt.c.o
 .debug_macro   0x00019ebd       0x1c ../build/debug/nrf52833_xxaa/nrf_log_backend_rtt.c.o
 .debug_macro   0x00019ed9       0x31 ../build/debug/nrf52833_xxaa/nrf_log_backend_rtt.c.o
 .debug_macro   0x00019f0a       0x98 ../build/debug/nrf52833_xxaa/nrf_log_backend_rtt.c.o
 .debug_macro   0x00019fa2       0x10 ../build/debug/nrf52833_xxaa/nrf_log_backend_rtt.c.o
 .debug_macro   0x00019fb2       0x1d ../build/debug/nrf52833_xxaa/nrf_log_backend_rtt.c.o
 .debug_macro   0x00019fcf       0x2e ../build/debug/nrf52833_xxaa/nrf_log_backend_rtt.c.o
 .debug_macro   0x00019ffd       0x1c ../build/debug/nrf52833_xxaa/nrf_log_backend_rtt.c.o
 .debug_macro   0x0001a019      0x185 ../build/debug/nrf52833_xxaa/nrf_log_backend_rtt.c.o
 .debug_macro   0x0001a19e       0x5a ../build/debug/nrf52833_xxaa/nrf_log_backend_rtt.c.o
 .debug_macro   0x0001a1f8       0xac ../build/debug/nrf52833_xxaa/nrf_log_backend_rtt.c.o
 .debug_macro   0x0001a2a4       0x4d ../build/debug/nrf52833_xxaa/nrf_log_backend_rtt.c.o
 .debug_macro   0x0001a2f1      0x115 ../build/debug/nrf52833_xxaa/nrf_log_backend_rtt.c.o
 .debug_macro   0x0001a406      0x3c7 ../build/debug/nrf52833_xxaa/nrf_log_backend_serial.c.o
 .debug_macro   0x0001a7cd      0x3b8 ../build/debug/nrf52833_xxaa/nrf_log_default_backends.c.o
 .debug_macro   0x0001ab85       0x10 ../build/debug/nrf52833_xxaa/nrf_log_default_backends.c.o
 .debug_macro   0x0001ab95      0x439 ../build/debug/nrf52833_xxaa/nrf_log_frontend.c.o
 .debug_macro   0x0001afce       0x16 ../build/debug/nrf52833_xxaa/nrf_log_frontend.c.o
 .debug_macro   0x0001afe4       0x9e ../build/debug/nrf52833_xxaa/nrf_log_frontend.c.o
 .debug_macro   0x0001b082      0x409 ../build/debug/nrf52833_xxaa/nrf_log_str_formatter.c.o
 .debug_macro   0x0001b48b       0xa2 ../build/debug/nrf52833_xxaa/nrf_log_str_formatter.c.o
 .debug_macro   0x0001b52d      0x493 ../build/debug/nrf52833_xxaa/app_button.c.o
 .debug_macro   0x0001b9c0       0x1c ../build/debug/nrf52833_xxaa/app_button.c.o
 .debug_macro   0x0001b9dc       0x1c ../build/debug/nrf52833_xxaa/app_button.c.o
 .debug_macro   0x0001b9f8       0x16 ../build/debug/nrf52833_xxaa/app_button.c.o
 .debug_macro   0x0001ba0e       0x42 ../build/debug/nrf52833_xxaa/app_button.c.o
 .debug_macro   0x0001ba50       0x17 ../build/debug/nrf52833_xxaa/app_button.c.o
 .debug_macro   0x0001ba67       0x45 ../build/debug/nrf52833_xxaa/app_button.c.o
 .debug_macro   0x0001baac       0xcc ../build/debug/nrf52833_xxaa/app_button.c.o
 .debug_macro   0x0001bb78      0x21d ../build/debug/nrf52833_xxaa/app_error.c.o
 .debug_macro   0x0001bd95       0x97 ../build/debug/nrf52833_xxaa/app_error.c.o
 .debug_macro   0x0001be2c       0xf6 ../build/debug/nrf52833_xxaa/app_error.c.o
 .debug_macro   0x0001bf22      0x3d9 ../build/debug/nrf52833_xxaa/app_error_weak.c.o
 .debug_macro   0x0001c2fb       0x1c ../build/debug/nrf52833_xxaa/app_error_weak.c.o
 .debug_macro   0x0001c317      0x11b ../build/debug/nrf52833_xxaa/app_error_weak.c.o
 .debug_macro   0x0001c432      0x478 ../build/debug/nrf52833_xxaa/app_timer2.c.o
 .debug_macro   0x0001c8aa       0x27 ../build/debug/nrf52833_xxaa/app_timer2.c.o
 .debug_macro   0x0001c8d1       0x45 ../build/debug/nrf52833_xxaa/app_timer2.c.o
 .debug_macro   0x0001c916       0x2e ../build/debug/nrf52833_xxaa/app_timer2.c.o
 .debug_macro   0x0001c944       0x28 ../build/debug/nrf52833_xxaa/app_timer2.c.o
 .debug_macro   0x0001c96c      0x267 ../build/debug/nrf52833_xxaa/app_util_platform.c.o
 .debug_macro   0x0001cbd3      0x45e ../build/debug/nrf52833_xxaa/drv_rtc.c.o
 .debug_macro   0x0001d031       0x10 ../build/debug/nrf52833_xxaa/drv_rtc.c.o
 .debug_macro   0x0001d041      0x22c ../build/debug/nrf52833_xxaa/nrf_assert.c.o
 .debug_macro   0x0001d26d       0x10 ../build/debug/nrf52833_xxaa/nrf_assert.c.o
 .debug_macro   0x0001d27d      0x25d ../build/debug/nrf52833_xxaa/nrf_atomic.c.o
 .debug_macro   0x0001d4da       0x42 ../build/debug/nrf52833_xxaa/nrf_atomic.c.o
 .debug_macro   0x0001d51c      0x37c ../build/debug/nrf52833_xxaa/nrf_balloc.c.o
 .debug_macro   0x0001d898      0x269 ../build/debug/nrf52833_xxaa/nrf_fprintf.c.o
 .debug_macro   0x0001db01       0x58 ../build/debug/nrf52833_xxaa/nrf_fprintf.c.o
 .debug_macro   0x0001db59      0x2db ../build/debug/nrf52833_xxaa/nrf_fprintf_format.c.o
 .debug_macro   0x0001de34      0x363 ../build/debug/nrf52833_xxaa/nrf_memobj.c.o
 .debug_macro   0x0001e197      0x10e ../build/debug/nrf52833_xxaa/nrf_memobj.c.o
 .debug_macro   0x0001e2a5       0x86 ../build/debug/nrf52833_xxaa/nrf_memobj.c.o
 .debug_macro   0x0001e32b      0x2bc ../build/debug/nrf52833_xxaa/nrf_sortlist.c.o
 .debug_macro   0x0001e5e7      0x252 ../build/debug/nrf52833_xxaa/nrf_strerror.c.o
 .debug_macro   0x0001e839      0x158 ../build/debug/nrf52833_xxaa/system_nrf52833.c.o
 .debug_macro   0x0001e991      0x44e ../build/debug/nrf52833_xxaa/system_nrf52833.c.o
 .debug_macro   0x0001eddf      0xa28 ../build/debug/nrf52833_xxaa/system_nrf52833.c.o
 .debug_macro   0x0001f807      0x520 ../build/debug/nrf52833_xxaa/system_nrf52833.c.o
 .debug_macro   0x0001fd27      0x164 ../build/debug/nrf52833_xxaa/system_nrf52833.c.o
 .debug_macro   0x0001fe8b       0x10 ../build/debug/nrf52833_xxaa/system_nrf52833.c.o
 .debug_macro   0x0001fe9b      0x3ad ../build/debug/nrf52833_xxaa/boards.c.o
 .debug_macro   0x00020248      0x1df ../build/debug/nrf52833_xxaa/boards.c.o
 .debug_macro   0x00020427      0x16d ../build/debug/nrf52833_xxaa/boards.c.o
 .debug_macro   0x00020594      0x490 ../build/debug/nrf52833_xxaa/nrfx_gpiote.c.o
 .debug_macro   0x00020a24       0x22 ../build/debug/nrf52833_xxaa/nrfx_gpiote.c.o
 .debug_macro   0x00020a46       0x16 ../build/debug/nrf52833_xxaa/nrfx_gpiote.c.o
 .debug_macro   0x00020a5c      0x43f ../build/debug/nrf52833_xxaa/nrfx_prs.c.o
 .debug_macro   0x00020e9b       0x28 ../build/debug/nrf52833_xxaa/nrfx_prs.c.o
 .debug_macro   0x00020ec3      0x45a ../build/debug/nrf52833_xxaa/nrfx_uart.c.o
 .debug_macro   0x0002131d      0x478 ../build/debug/nrf52833_xxaa/nrfx_uarte.c.o
 .debug_macro   0x00021795      0x303 ../build/debug/nrf52833_xxaa/SEGGER_RTT.c.o
 .debug_macro   0x00021a98       0x47 ../build/debug/nrf52833_xxaa/SEGGER_RTT.c.o
 .debug_macro   0x00021adf      0x489 ../build/debug/nrf52833_xxaa/nrfx_twi.c.o
 .debug_macro   0x00021f68      0x4b4 ../build/debug/nrf52833_xxaa/main.c.o
 .debug_macro   0x0002241c       0x10 ../build/debug/nrf52833_xxaa/main.c.o

.debug_line     0x00000000    0x237d1
 .debug_line    0x00000000     0x23ff ../build/debug/nrf52833_xxaa/nrfx_saadc.c.o
 .debug_line    0x000023ff       0x92 ../build/debug/nrf52833_xxaa/gcc_startup_nrf52833.S.o
 .debug_line    0x00002491     0x10bf ../build/debug/nrf52833_xxaa/nrf_log_backend_rtt.c.o
 .debug_line    0x00003550      0xc7c ../build/debug/nrf52833_xxaa/nrf_log_backend_serial.c.o
 .debug_line    0x000041cc      0xb61 ../build/debug/nrf52833_xxaa/nrf_log_default_backends.c.o
 .debug_line    0x00004d2d     0x2455 ../build/debug/nrf52833_xxaa/nrf_log_frontend.c.o
 .debug_line    0x00007182      0xd70 ../build/debug/nrf52833_xxaa/nrf_log_str_formatter.c.o
 .debug_line    0x00007ef2     0x15c1 ../build/debug/nrf52833_xxaa/app_button.c.o
 .debug_line    0x000094b3      0x6df ../build/debug/nrf52833_xxaa/app_error.c.o
 .debug_line    0x00009b92      0xc4d ../build/debug/nrf52833_xxaa/app_error_weak.c.o
 .debug_line    0x0000a7df     0x1860 ../build/debug/nrf52833_xxaa/app_timer2.c.o
 .debug_line    0x0000c03f      0x927 ../build/debug/nrf52833_xxaa/app_util_platform.c.o
 .debug_line    0x0000c966     0x1a31 ../build/debug/nrf52833_xxaa/drv_rtc.c.o
 .debug_line    0x0000e397      0x60a ../build/debug/nrf52833_xxaa/nrf_assert.c.o
 .debug_line    0x0000e9a1      0xa53 ../build/debug/nrf52833_xxaa/nrf_atomic.c.o
 .debug_line    0x0000f3f4      0xdbe ../build/debug/nrf52833_xxaa/nrf_balloc.c.o
 .debug_line    0x000101b2      0x86f ../build/debug/nrf52833_xxaa/nrf_fprintf.c.o
 .debug_line    0x00010a21      0xd22 ../build/debug/nrf52833_xxaa/nrf_fprintf_format.c.o
 .debug_line    0x00011743      0xe73 ../build/debug/nrf52833_xxaa/nrf_memobj.c.o
 .debug_line    0x000125b6      0xc0c ../build/debug/nrf52833_xxaa/nrf_sortlist.c.o
 .debug_line    0x000131c2      0x7e5 ../build/debug/nrf52833_xxaa/nrf_strerror.c.o
 .debug_line    0x000139a7      0x7ea ../build/debug/nrf52833_xxaa/system_nrf52833.c.o
 .debug_line    0x00014191     0x1483 ../build/debug/nrf52833_xxaa/boards.c.o
 .debug_line    0x00015614     0x3acf ../build/debug/nrf52833_xxaa/nrfx_gpiote.c.o
 .debug_line    0x000190e3      0xed2 ../build/debug/nrf52833_xxaa/nrfx_prs.c.o
 .debug_line    0x00019fb5     0x258c ../build/debug/nrf52833_xxaa/nrfx_uart.c.o
 .debug_line    0x0001c541     0x26a5 ../build/debug/nrf52833_xxaa/nrfx_uarte.c.o
 .debug_line    0x0001ebe6     0x16e0 ../build/debug/nrf52833_xxaa/SEGGER_RTT.c.o
 .debug_line    0x000202c6     0x23f1 ../build/debug/nrf52833_xxaa/nrfx_twi.c.o
 .debug_line    0x000226b7     0x111a ../build/debug/nrf52833_xxaa/main.c.o

.debug_str      0x00000000    0xaf710
 .debug_str     0x00000000    0x9879e ../build/debug/nrf52833_xxaa/nrfx_saadc.c.o
                              0x9abec (size before relaxing)
 .debug_str     0x0009879e       0x51 ../build/debug/nrf52833_xxaa/gcc_startup_nrf52833.S.o
                                 0x98 (size before relaxing)
 .debug_str     0x000987ef     0x1f8f ../build/debug/nrf52833_xxaa/nrf_log_backend_rtt.c.o
                              0x9a119 (size before relaxing)
 .debug_str     0x0009a77e      0x26e ../build/debug/nrf52833_xxaa/nrf_log_backend_serial.c.o
                              0x925f6 (size before relaxing)
 .debug_str     0x0009a9ec      0x163 ../build/debug/nrf52833_xxaa/nrf_log_default_backends.c.o
                              0x923a5 (size before relaxing)
 .debug_str     0x0009ab4f      0xd61 ../build/debug/nrf52833_xxaa/nrf_log_frontend.c.o
                              0x939c5 (size before relaxing)
 .debug_str     0x0009b8b0      0x6ee ../build/debug/nrf52833_xxaa/nrf_log_str_formatter.c.o
                              0x92a7b (size before relaxing)
 .debug_str     0x0009bf9e     0x1af9 ../build/debug/nrf52833_xxaa/app_button.c.o
                              0x9a601 (size before relaxing)
 .debug_str     0x0009da97      0x153 ../build/debug/nrf52833_xxaa/app_error.c.o
                              0x7d5a1 (size before relaxing)
 .debug_str     0x0009dbea      0xa3d ../build/debug/nrf52833_xxaa/app_error_weak.c.o
                              0x9340c (size before relaxing)
 .debug_str     0x0009e627      0xf6d ../build/debug/nrf52833_xxaa/app_timer2.c.o
                              0x9a36f (size before relaxing)
 .debug_str     0x0009f594      0x2d4 ../build/debug/nrf52833_xxaa/app_util_platform.c.o
                              0x7e9e8 (size before relaxing)
 .debug_str     0x0009f868      0x6b9 ../build/debug/nrf52833_xxaa/drv_rtc.c.o
                              0x99c44 (size before relaxing)
 .debug_str     0x0009ff21       0x81 ../build/debug/nrf52833_xxaa/nrf_assert.c.o
                              0x7d5c0 (size before relaxing)
 .debug_str     0x0009ffa2      0x701 ../build/debug/nrf52833_xxaa/nrf_atomic.c.o
                              0x8dc2b (size before relaxing)
 .debug_str     0x000a06a3      0x177 ../build/debug/nrf52833_xxaa/nrf_balloc.c.o
                              0x923ac (size before relaxing)
 .debug_str     0x000a081a      0x18c ../build/debug/nrf52833_xxaa/nrf_fprintf.c.o
                              0x8d884 (size before relaxing)
 .debug_str     0x000a09a6      0x559 ../build/debug/nrf52833_xxaa/nrf_fprintf_format.c.o
                              0x8dd93 (size before relaxing)
 .debug_str     0x000a0eff      0x1ed ../build/debug/nrf52833_xxaa/nrf_memobj.c.o
                              0x9073a (size before relaxing)
 .debug_str     0x000a10ec       0xef ../build/debug/nrf52833_xxaa/nrf_sortlist.c.o
                              0x90063 (size before relaxing)
 .debug_str     0x000a11db      0x132 ../build/debug/nrf52833_xxaa/nrf_strerror.c.o
                              0x8d5f0 (size before relaxing)
 .debug_str     0x000a130d     0x8405 ../build/debug/nrf52833_xxaa/system_nrf52833.c.o
                              0x82033 (size before relaxing)
 .debug_str     0x000a9712     0x16eb ../build/debug/nrf52833_xxaa/boards.c.o
                              0x97492 (size before relaxing)
 .debug_str     0x000aadfd      0xe03 ../build/debug/nrf52833_xxaa/nrfx_gpiote.c.o
                              0x9af17 (size before relaxing)
 .debug_str     0x000abc00      0x4b9 ../build/debug/nrf52833_xxaa/nrfx_prs.c.o
                              0x99298 (size before relaxing)
 .debug_str     0x000ac0b9      0xd23 ../build/debug/nrf52833_xxaa/nrfx_uart.c.o
                              0x9a4a8 (size before relaxing)
 .debug_str     0x000acddc      0xf9b ../build/debug/nrf52833_xxaa/nrfx_uarte.c.o
                              0x9a93b (size before relaxing)
 .debug_str     0x000add77      0x5fb ../build/debug/nrf52833_xxaa/SEGGER_RTT.c.o
                              0x87a68 (size before relaxing)
 .debug_str     0x000ae372     0x1326 ../build/debug/nrf52833_xxaa/nrfx_twi.c.o
                              0x9aab6 (size before relaxing)
 .debug_str     0x000af698       0x78 ../build/debug/nrf52833_xxaa/main.c.o
                              0x9b071 (size before relaxing)

.debug_frame    0x00000000     0x23f8
 .debug_frame   0x00000000      0x190 ../build/debug/nrf52833_xxaa/nrfx_saadc.c.o
 .debug_frame   0x00000190       0x8c ../build/debug/nrf52833_xxaa/nrf_log_backend_rtt.c.o
 .debug_frame   0x0000021c       0x38 ../build/debug/nrf52833_xxaa/nrf_log_backend_serial.c.o
 .debug_frame   0x00000254       0x28 ../build/debug/nrf52833_xxaa/nrf_log_default_backends.c.o
 .debug_frame   0x0000027c      0x308 ../build/debug/nrf52833_xxaa/nrf_log_frontend.c.o
 .debug_frame   0x00000584       0xac ../build/debug/nrf52833_xxaa/nrf_log_str_formatter.c.o
 .debug_frame   0x00000630      0x160 ../build/debug/nrf52833_xxaa/app_button.c.o
 .debug_frame   0x00000790       0x48 ../build/debug/nrf52833_xxaa/app_error.c.o
 .debug_frame   0x000007d8       0x3c ../build/debug/nrf52833_xxaa/app_error_weak.c.o
 .debug_frame   0x00000814      0x25c ../build/debug/nrf52833_xxaa/app_timer2.c.o
 .debug_frame   0x00000a70       0x84 ../build/debug/nrf52833_xxaa/app_util_platform.c.o
 .debug_frame   0x00000af4      0x25c ../build/debug/nrf52833_xxaa/drv_rtc.c.o
 .debug_frame   0x00000d50       0x2c ../build/debug/nrf52833_xxaa/nrf_assert.c.o
 .debug_frame   0x00000d7c      0x168 ../build/debug/nrf52833_xxaa/nrf_atomic.c.o
 .debug_frame   0x00000ee4       0xa8 ../build/debug/nrf52833_xxaa/nrf_balloc.c.o
 .debug_frame   0x00000f8c       0x60 ../build/debug/nrf52833_xxaa/nrf_fprintf.c.o
 .debug_frame   0x00000fec       0xc8 ../build/debug/nrf52833_xxaa/nrf_fprintf_format.c.o